Component: ARM Compiler 5.06 update 7 (build 960) Tool: armlink [4d3601]

==============================================================================

Section Cross References

    main.o(i.main) refers to stm32f4xx_hal.o(i.HAL_Init) for HAL_Init
    main.o(i.main) refers to stm32f4xx_hal.o(i.HAL_DeInit) for HAL_DeInit
    main.o(i.main) refers to sys.o(i.SystemClock_Config) for SystemClock_Config
    main.o(i.main) refers to usart.o(i.uart_init) for uart_init
    main.o(i.main) refers to bsp_adc.o(i.bsp_AdcInit) for bsp_AdcInit
    main.o(i.main) refers to bsp_gpio.o(i.bsp_GPIO_Init) for bsp_GPIO_Init
    main.o(i.main) refers to bsp_spi.o(i.bsp_InitSPIBus) for bsp_InitSPIBus
    main.o(i.main) refers to bsp_timer.o(i.bsp_InitTimer) for bsp_InitTimer
    main.o(i.main) refers to bsp_key.o(i.bsp_KeyInit) for bsp_KeyInit
    main.o(i.main) refers to bsp_iwdg.o(i.bsp_IwdgInit) for bsp_IwdgInit
    main.o(i.main) refers to printf6.o(i.__0printf$6) for __2printf
    main.o(i.main) refers to bsp_command.o(i.ReceivePolling) for ReceivePolling
    main.o(i.main) refers to bsp_timer.o(i.bsp_Idle) for bsp_Idle
    main.o(i.main) refers to bsp_gpio.o(i.BSP_IO_T) for BSP_IO_T
    main.o(i.main) refers to bsp_spi.o(i.bsp_spiTransfer) for bsp_spiTransfer
    main.o(i.main) refers to bsp_timer.o(i.bsp_DelayMS) for bsp_DelayMS
    main.o(i.main) refers to bsp_spi.o(.data) for g_spiLen
    main.o(i.main) refers to bsp_spi.o(.bss) for g_spiTxBuf
    bsp_command.o(i.CMD01_Proc) refers to printf6.o(i.__0sprintf$6) for __2sprintf
    bsp_command.o(i.CMD01_Proc) refers to strlen.o(.text) for strlen
    bsp_command.o(i.CMD02_Proc) refers to printf6.o(i.__0sprintf$6) for __2sprintf
    bsp_command.o(i.CMD02_Proc) refers to strlen.o(.text) for strlen
    bsp_command.o(i.CMD03_Proc) refers to strchr.o(.text) for strchr
    bsp_command.o(i.CMD03_Proc) refers to printf6.o(i.__0sprintf$6) for __2sprintf
    bsp_command.o(i.CMD03_Proc) refers to strlen.o(.text) for strlen
    bsp_command.o(i.CmdHelpAll_Proc) refers to printf6.o(i.__0printf$6) for __2printf
    bsp_command.o(i.CmdHelpAll_Proc) refers to bsp_command.o(.constdata) for cmd_tbl
    bsp_command.o(i.CmdHelp_Proc) refers to printf6.o(i.__0printf$6) for __2printf
    bsp_command.o(i.CmdHelp_Proc) refers to bsp_command.o(.constdata) for cmd_tbl
    bsp_command.o(i.Cmd_all_receive) refers to bsp_command.o(i.FB_CmdRecognition) for FB_CmdRecognition
    bsp_command.o(i.FB_CmdRecognition) refers to bsp_command.o(i.FB_StrCmp) for FB_StrCmp
    bsp_command.o(i.FB_CmdRecognition) refers to bsp_command.o(.constdata) for cmd_tbl
    bsp_command.o(i.ReceivePolling) refers to memseta.o(.text) for __aeabi_memclr
    bsp_command.o(i.ReceivePolling) refers to bsp_command.o(i.receive_command) for receive_command
    bsp_command.o(i.ReceivePolling) refers to printf6.o(i.__0printf$6) for __2printf
    bsp_command.o(i.ReceivePolling) refers to usart.o(.data) for USART_RX_STA1
    bsp_command.o(i.ReceivePolling) refers to bsp_command.o(.bss) for send_buff
    bsp_command.o(i.ReceivePolling) refers to usart.o(.bss) for USART_RX_BUF1
    bsp_command.o(i.receive_command) refers to bsp_command.o(i.Cmd_all_receive) for Cmd_all_receive
    bsp_command.o(i.receive_command) refers to bsp_command.o(i.FB_CmdRecognition) for FB_CmdRecognition
    bsp_command.o(.constdata) refers to bsp_command.o(.conststring) for .conststring
    bsp_command.o(.constdata) refers to bsp_command.o(i.CMD01_Proc) for CMD01_Proc
    bsp_command.o(.constdata) refers to bsp_command.o(i.CMD02_Proc) for CMD02_Proc
    bsp_command.o(.constdata) refers to bsp_command.o(i.CMD03_Proc) for CMD03_Proc
    bsp_command.o(.constdata) refers to bsp_command.o(i.CmdHelp_Proc) for CmdHelp_Proc
    bsp_command.o(.constdata) refers to bsp_command.o(i.CmdHelpAll_Proc) for CmdHelpAll_Proc
    system_stm32f4xx.o(i.SystemCoreClockUpdate) refers to system_stm32f4xx.o(.data) for SystemCoreClock
    system_stm32f4xx.o(i.SystemCoreClockUpdate) refers to system_stm32f4xx.o(.constdata) for AHBPrescTable
    bsp_24cxx.o(i.AT24CXX_Check) refers to bsp_24cxx.o(i.AT24CXX_ReadOneByte) for AT24CXX_ReadOneByte
    bsp_24cxx.o(i.AT24CXX_Check) refers to bsp_24cxx.o(i.AT24CXX_WriteOneByte) for AT24CXX_WriteOneByte
    bsp_24cxx.o(i.AT24CXX_Init) refers to bsp_myiic.o(i.IIC_Init) for IIC_Init
    bsp_24cxx.o(i.AT24CXX_Read) refers to bsp_24cxx.o(i.AT24CXX_ReadOneByte) for AT24CXX_ReadOneByte
    bsp_24cxx.o(i.AT24CXX_ReadLenByte) refers to bsp_24cxx.o(i.AT24CXX_ReadOneByte) for AT24CXX_ReadOneByte
    bsp_24cxx.o(i.AT24CXX_ReadOneByte) refers to bsp_myiic.o(i.IIC_Start) for IIC_Start
    bsp_24cxx.o(i.AT24CXX_ReadOneByte) refers to bsp_myiic.o(i.IIC_Send_Byte) for IIC_Send_Byte
    bsp_24cxx.o(i.AT24CXX_ReadOneByte) refers to bsp_myiic.o(i.IIC_Wait_Ack) for IIC_Wait_Ack
    bsp_24cxx.o(i.AT24CXX_ReadOneByte) refers to bsp_myiic.o(i.IIC_Read_Byte) for IIC_Read_Byte
[...]
    ../clib/microlib/string/memset.c         0x00000000   Number         0  memseta.o ABSOLUTE
    ../clib/microlib/string/strchr.c         0x00000000   Number         0  strchr.o ABSOLUTE
    ../clib/microlib/string/strlen.c         0x00000000   Number         0  strlen.o ABSOLUTE
    ../clib/microlib/stubs.s                 0x00000000   Number         0  iusefp.o ABSOLUTE
    ../clib/microlib/stubs.s                 0x00000000   Number         0  useno.o ABSOLUTE
    ../fplib/microlib/fpadd.c                0x00000000   Number         0  dadd.o ABSOLUTE
    ../fplib/microlib/fpdiv.c                0x00000000   Number         0  ddiv.o ABSOLUTE
    ../fplib/microlib/fpepilogue.c           0x00000000   Number         0  depilogue.o ABSOLUTE
    ../fplib/microlib/fpfix.c                0x00000000   Number         0  dfixul.o ABSOLUTE
    ../fplib/microlib/fpmul.c                0x00000000   Number         0  dmul.o ABSOLUTE
    ..\CORE\startup_stm32f411xe.s            0x00000000   Number         0  startup_stm32f411xe.o ABSOLUTE
    ..\HALLIB\STM32F4xx_HAL_Driver\Src\stm32f4xx_hal.c 0x00000000   Number         0  stm32f4xx_hal.o ABSOLUTE
    ..\HALLIB\STM32F4xx_HAL_Driver\Src\stm32f4xx_hal_adc.c 0x00000000   Number         0  stm32f4xx_hal_adc.o ABSOLUTE
    ..\HALLIB\STM32F4xx_HAL_Driver\Src\stm32f4xx_hal_adc_ex.c 0x00000000   Number         0  stm32f4xx_hal_adc_ex.o ABSOLUTE
    ..\HALLIB\STM32F4xx_HAL_Driver\Src\stm32f4xx_hal_cortex.c 0x00000000   Number         0  stm32f4xx_hal_cortex.o ABSOLUTE
    ..\HALLIB\STM32F4xx_HAL_Driver\Src\stm32f4xx_hal_dma.c 0x00000000   Number         0  stm32f4xx_hal_dma.o ABSOLUTE
    ..\HALLIB\STM32F4xx_HAL_Driver\Src\stm32f4xx_hal_dma_ex.c 0x00000000   Number         0  stm32f4xx_hal_dma_ex.o ABSOLUTE
    ..\HALLIB\STM32F4xx_HAL_Driver\Src\stm32f4xx_hal_flash.c 0x00000000   Number         0  stm32f4xx_hal_flash.o ABSOLUTE
    ..\HALLIB\STM32F4xx_HAL_Driver\Src\stm32f4xx_hal_flash_ex.c 0x00000000   Number         0  stm32f4xx_hal_flash_ex.o ABSOLUTE
    ..\HALLIB\STM32F4xx_HAL_Driver\Src\stm32f4xx_hal_gpio.c 0x00000000   Number         0  stm32f4xx_hal_gpio.o ABSOLUTE
    ..\HALLIB\STM32F4xx_HAL_Driver\Src\stm32f4xx_hal_i2c.c 0x00000000   Number         0  stm32f4xx_hal_i2c.o ABSOLUTE
    ..\HALLIB\STM32F4xx_HAL_Driver\Src\stm32f4xx_hal_i2c_ex.c 0x00000000   Number         0  stm32f4xx_hal_i2c_ex.o ABSOLUTE
    ..\HALLIB\STM32F4xx_HAL_Driver\Src\stm32f4xx_hal_iwdg.c 0x00000000   Number         0  stm32f4xx_hal_iwdg.o ABSOLUTE
    ..\HALLIB\STM32F4xx_HAL_Driver\Src\stm32f4xx_hal_pwr.c 0x00000000   Number         0  stm32f4xx_hal_pwr.o ABSOLUTE
    ..\HALLIB\STM32F4xx_HAL_Driver\Src\stm32f4xx_hal_rcc.c 0x00000000   Number         0  stm32f4xx_hal_rcc.o ABSOLUTE
    ..\HALLIB\STM32F4xx_HAL_Driver\Src\stm32f4xx_hal_rcc_ex.c 0x00000000   Number         0  stm32f4xx_hal_rcc_ex.o ABSOLUTE
    ..\HALLIB\STM32F4xx_HAL_Driver\Src\stm32f4xx_hal_spi.c 0x00000000   Number         0  stm32f4xx_hal_spi.o ABSOLUTE
    ..\HALLIB\STM32F4xx_HAL_Driver\Src\stm32f4xx_hal_tim.c 0x00000000   Number         0  stm32f4xx_hal_tim.o ABSOLUTE
    ..\HALLIB\STM32F4xx_HAL_Driver\Src\stm32f4xx_hal_tim_ex.c 0x00000000   Number         0  stm32f4xx_hal_tim_ex.o ABSOLUTE
    ..\HALLIB\STM32F4xx_HAL_Driver\Src\stm32f4xx_hal_uart.c 0x00000000   Number         0  stm32f4xx_hal_uart.o ABSOLUTE
    ..\HALLIB\STM32F4xx_HAL_Driver\Src\stm32f4xx_hal_usart.c 0x00000000   Number         0  stm32f4xx_hal_usart.o ABSOLUTE
    ..\HARDWARE\BSP_24CXX\bsp_24cxx.c        0x00000000   Number         0  bsp_24cxx.o ABSOLUTE
    ..\HARDWARE\BSP_ADC\bsp_adc.c            0x00000000   Number         0  bsp_adc.o ABSOLUTE
    ..\HARDWARE\BSP_BEEP\bsp_beep.c          0x00000000   Number         0  bsp_beep.o ABSOLUTE
    ..\HARDWARE\BSP_GPIO\bsp_gpio.c          0x00000000   Number         0  bsp_gpio.o ABSOLUTE
    ..\HARDWARE\BSP_IIC\bsp_myiic.c          0x00000000   Number         0  bsp_myiic.o ABSOLUTE
    ..\HARDWARE\BSP_IWDG\bsp_iwdg.c          0x00000000   Number         0  bsp_iwdg.o ABSOLUTE
    ..\HARDWARE\BSP_KEY\bsp_button.c         0x00000000   Number         0  bsp_button.o ABSOLUTE
    ..\HARDWARE\BSP_KEY\bsp_key.c            0x00000000   Number         0  bsp_key.o ABSOLUTE
    ..\HARDWARE\BSP_MASTER_I2C\bsp_master_i2c.c 0x00000000   Number         0  bsp_master_i2c.o ABSOLUTE
    ..\HARDWARE\BSP_SPI\bsp_spi.c            0x00000000   Number         0  bsp_spi.o ABSOLUTE
    ..\HARDWARE\BSP_Timer\bsp_timer.c        0x00000000   Number         0  bsp_timer.o ABSOLUTE
    ..\HARDWARE\bsp_command.c                0x00000000   Number         0  bsp_command.o ABSOLUTE
    ..\SYSTEM\delay\delay.c                  0x00000000   Number         0  delay.o ABSOLUTE
    ..\SYSTEM\sys\sys.c                      0x00000000   Number         0  sys.o ABSOLUTE
    ..\\HALLIB\\STM32F4xx_HAL_Driver\\Src\\stm32f4xx_hal.c 0x00000000   Number         0  stm32f4xx_hal.o ABSOLUTE
    ..\\HALLIB\\STM32F4xx_HAL_Driver\\Src\\stm32f4xx_hal_adc.c 0x00000000   Number         0  stm32f4xx_hal_adc.o ABSOLUTE
    ..\\HALLIB\\STM32F4xx_HAL_Driver\\Src\\stm32f4xx_hal_adc_ex.c 0x00000000   Number         0  stm32f4xx_hal_adc_ex.o ABSOLUTE
    ..\\HALLIB\\STM32F4xx_HAL_Driver\\Src\\stm32f4xx_hal_cortex.c 0x00000000   Number         0  stm32f4xx_hal_cortex.o ABSOLUTE
    ..\\HALLIB\\STM32F4xx_HAL_Driver\\Src\\stm32f4xx_hal_dma.c 0x00000000   Number         0  stm32f4xx_hal_dma.o ABSOLUTE
    ..\\HALLIB\\STM32F4xx_HAL_Driver\\Src\\stm32f4xx_hal_dma_ex.c 0x00000000   Number         0  stm32f4xx_hal_dma_ex.o ABSOLUTE
    ..\\HALLIB\\STM32F4xx_HAL_Driver\\Src\\stm32f4xx_hal_flash.c 0x00000000   Number         0  stm32f4xx_hal_flash.o ABSOLUTE
    ..\\HALLIB\\STM32F4xx_HAL_Driver\\Src\\stm32f4xx_hal_flash_ex.c 0x00000000   Number         0  stm32f4xx_hal_flash_ex.o ABSOLUTE
    ..\\HALLIB\\STM32F4xx_HAL_Driver\\Src\\stm32f4xx_hal_gpio.c 0x00000000   Number         0  stm32f4xx_hal_gpio.o ABSOLUTE
    ..\\HALLIB\\STM32F4xx_HAL_Driver\\Src\\stm32f4xx_hal_i2c.c 0x00000000   Number         0  stm32f4xx_hal_i2c.o ABSOLUTE
    ..\\HALLIB\\STM32F4xx_HAL_Driver\\Src\\stm32f4xx_hal_i2c_ex.c 0x00000000   Number         0  stm32f4xx_hal_i2c_ex.o ABSOLUTE
    ..\\HALLIB\\STM32F4xx_HAL_Driver\\Src\\stm32f4xx_hal_iwdg.c 0x00000000   Number         0  stm32f4xx_hal_iwdg.o ABSOLUTE
    ..\\HALLIB\\STM32F4xx_HAL_Driver\\Src\\stm32f4xx_hal_pwr.c 0x00000000   Number         0  stm32f4xx_hal_pwr.o ABSOLUTE
    ..\\HALLIB\\STM32F4xx_HAL_Driver\\Src\\stm32f4xx_hal_rcc.c 0x00000000   Number         0  stm32f4xx_hal_rcc.o ABSOLUTE
    ..\\HALLIB\\STM32F4xx_HAL_Driver\\Src\\stm32f4xx_hal_rcc_ex.c 0x00000000   Number         0  stm32f4xx_hal_rcc_ex.o ABSOLUTE
    ..\\HALLIB\\STM32F4xx_HAL_Driver\\Src\\stm32f4xx_hal_spi.c 0x00000000   Number         0  stm32f4xx_hal_spi.o ABSOLUTE
    ..\\HALLIB\\STM32F4xx_HAL_Driver\\Src\\stm32f4xx_hal_tim.c 0x00000000   Number         0  stm32f4xx_hal_tim.o ABSOLUTE
    ..\\HALLIB\\STM32F4xx_HAL_Driver\\Src\\stm32f4xx_hal_tim_ex.c 0x00000000   Number         0  stm32f4xx_hal_tim_ex.o ABSOLUTE
    ..\\HALLIB\\STM32F4xx_HAL_Driver\\Src\\stm32f4xx_hal_uart.c 0x00000000   Number         0  stm32f4xx_hal_uart.o ABSOLUTE
    ..\\HALLIB\\STM32F4xx_HAL_Driver\\Src\\stm32f4xx_hal_usart.c 0x00000000   Number         0  stm32f4xx_hal_usart.o ABSOLUTE
    ..\\HARDWARE\\BSP_24CXX\\bsp_24cxx.c     0x00000000   Number         0  bsp_24cxx.o ABSOLUTE
    ..\\HARDWARE\\BSP_ADC\\bsp_adc.c         0x00000000   Number         0  bsp_adc.o ABSOLUTE
    ..\\HARDWARE\\BSP_BEEP\\bsp_beep.c       0x00000000   Number         0  bsp_beep.o ABSOLUTE
    ..\\HARDWARE\\BSP_GPIO\\bsp_gpio.c       0x00000000   Number         0  bsp_gpio.o ABSOLUTE
    ..\\HARDWARE\\BSP_IIC\\bsp_myiic.c       0x00000000   Number         0  bsp_myiic.o ABSOLUTE
    ..\\HARDWARE\\BSP_IWDG\\bsp_iwdg.c       0x00000000   Number         0  bsp_iwdg.o ABSOLUTE
    ..\\HARDWARE\\BSP_KEY\\bsp_key.c         0x00000000   Number         0  bsp_key.o ABSOLUTE
    ..\\HARDWARE\\BSP_MASTER_I2C\\bsp_master_i2c.c 0x00000000   Number         0  bsp_master_i2c.o ABSOLUTE
    ..\\HARDWARE\\BSP_SPI\\bsp_spi.c         0x00000000   Number         0  bsp_spi.o ABSOLUTE
    ..\\HARDWARE\\BSP_Timer\\bsp_timer.c     0x00000000   Number         0  bsp_timer.o ABSOLUTE
    ..\\HARDWARE\\bsp_command.c              0x00000000   Number         0  bsp_command.o ABSOLUTE
    ..\\SYSTEM\\delay\\delay.c               0x00000000   Number         0  delay.o ABSOLUTE
    ..\\SYSTEM\\sys\\sys.c                   0x00000000   Number         0  sys.o ABSOLUTE
    E:\Project\OLP\Project-V1.2\SYSTEM\usart\usart.c 0x00000000   Number         0  usart.o ABSOLUTE
    E:\\Project\\OLP\\Project-V1.2\\SYSTEM\\usart\\usart.c 0x00000000   Number         0  usart.o ABSOLUTE
    cdrcmple.s                               0x00000000   Number         0  cdrcmple.o ABSOLUTE
    dc.s                                     0x00000000   Number         0  dc.o ABSOLUTE
    handlers.s                               0x00000000   Number         0  handlers.o ABSOLUTE
    init.s                                   0x00000000   Number         0  init.o ABSOLUTE
    main.c                                   0x00000000   Number         0  main.o ABSOLUTE
    main.c                                   0x00000000   Number         0  main.o ABSOLUTE
    stm32f4xx_hal_msp.c                      0x00000000   Number         0  stm32f4xx_hal_msp.o ABSOLUTE
    stm32f4xx_hal_msp.c                      0x00000000   Number         0  stm32f4xx_hal_msp.o ABSOLUTE
    stm32f4xx_it.c                           0x00000000   Number         0  stm32f4xx_it.o ABSOLUTE
    stm32f4xx_it.c                           0x00000000   Number         0  stm32f4xx_it.o ABSOLUTE
    system_stm32f4xx.c                       0x00000000   Number         0  system_stm32f4xx.o ABSOLUTE
    system_stm32f4xx.c                       0x00000000   Number         0  system_stm32f4xx.o ABSOLUTE
    RESET                                    0x08000000   Section      408  startup_stm32f411xe.o(RESET)
    .ARM.Collect$$$$00000000                 0x08000198   Section        0  entry.o(.ARM.Collect$$$$00000000)
    .ARM.Collect$$$$00000001                 0x08000198   Section        4  entry2.o(.ARM.Collect$$$$00000001)
    .ARM.Collect$$$$00000004                 0x0800019c   Section        4  entry5.o(.ARM.Collect$$$$00000004)
    .ARM.Collect$$$$00000008                 0x080001a0   Section        0  entry7b.o(.ARM.Collect$$$$00000008)
    .ARM.Collect$$$$0000000A                 0x080001a0   Section        0  entry8b.o(.ARM.Collect$$$$0000000A)
    .ARM.Collect$$$$0000000B                 0x080001a0   Section        8  entry9a.o(.ARM.Collect$$$$0000000B)
    .ARM.Collect$$$$0000000E                 0x080001a8   Section        4  entry12b.o(.ARM.Collect$$$$0000000E)
    .ARM.Collect$$$$0000000F                 0x080001ac   Section        0  entry10a.o(.ARM.Collect$$$$0000000F)
    .ARM.Collect$$$$00000011                 0x080001ac   Section        0  entry11a.o(.ARM.Collect$$$$00000011)
    .ARM.Collect$$$$00002712                 0x080001ac   Section        4  entry2.o(.ARM.Collect$$$$00002712)
    __lit__00000000                          0x080001ac   Data           4  entry2.o(.ARM.Collect$$$$00002712)
    .text                                    0x080001b0   Section       36  startup_stm32f411xe.o(.text)
    $v0                                      0x080001b0   Number         0  startup_stm32f411xe.o(.text)
    .text                                    0x080001d4   Section        0  uldiv.o(.text)
    .text                                    0x08000236   Section        0  memseta.o(.text)
    .text                                    0x0800025a   Section        0  strchr.o(.text)
    .text                                    0x0800026e   Section        0  strlen.o(.text)
    .text                                    0x0800027c   Section        0  uidiv.o(.text)
    .text                                    0x080002a8   Section        0  llshl.o(.text)
    .text                                    0x080002c6   Section        0  llushr.o(.text)
    .text                                    0x080002e8   Section       36  init.o(.text)
    i.ADC_Init                               0x0800030c   Section        0  stm32f4xx_hal_adc.o(i.ADC_Init)
    ADC_Init                                 0x0800030d   Thumb Code   340  stm32f4xx_hal_adc.o(i.ADC_Init)
    i.BSP_IO_T                               0x08000468   Section        0  bsp_gpio.o(i.BSP_IO_T)
    i.BTN1_PRESS_DOWN_Handler                0x08000488   Section        0  bsp_key.o(i.BTN1_PRESS_DOWN_Handler)
    BTN1_PRESS_DOWN_Handler                  0x08000489   Thumb Code    20  bsp_key.o(i.BTN1_PRESS_DOWN_Handler)
    i.BTN2_PRESS_DOWN_Handler                0x080004ac   Section        0  bsp_key.o(i.BTN2_PRESS_DOWN_Handler)
    BTN2_PRESS_DOWN_Handler                  0x080004ad   Thumb Code    20  bsp_key.o(i.BTN2_PRESS_DOWN_Handler)
    i.BTN3_PRESS_DOWN_Handler                0x080004d0   Section        0  bsp_key.o(i.BTN3_PRESS_DOWN_Handler)
    BTN3_PRESS_DOWN_Handler                  0x080004d1   Thumb Code    20  bsp_key.o(i.BTN3_PRESS_DOWN_Handler)
    i.BTN4_PRESS_DOWN_Handler                0x080004f4   Section        0  bsp_key.o(i.BTN4_PRESS_DOWN_Handler)
    BTN4_PRESS_DOWN_Handler                  0x080004f5   Thumb Code    20  bsp_key.o(i.BTN4_PRESS_DOWN_Handler)
    i.BusFault_Handler                       0x08000518   Section        0  stm32f4xx_it.o(i.BusFault_Handler)
    i.CMD01_Proc                             0x0800051c   Section        0  bsp_command.o(i.CMD01_Proc)
    CMD01_Proc                               0x0800051d   Thumb Code    32  bsp_command.o(i.CMD01_Proc)
    i.CMD02_Proc                             0x0800054c   Section        0  bsp_command.o(i.CMD02_Proc)
    CMD02_Proc                               0x0800054d   Thumb Code    32  bsp_command.o(i.CMD02_Proc)
    i.CMD03_Proc                             0x08000578   Section        0  bsp_command.o(i.CMD03_Proc)
    CMD03_Proc                               0x08000579   Thumb Code    94  bsp_command.o(i.CMD03_Proc)
    i.CmdHelpAll_Proc                        0x080005e8   Section        0  bsp_command.o(i.CmdHelpAll_Proc)
    CmdHelpAll_Proc                          0x080005e9   Thumb Code    98  bsp_command.o(i.CmdHelpAll_Proc)
    i.CmdHelp_Proc                           0x08000664   Section        0  bsp_command.o(i.CmdHelp_Proc)
    CmdHelp_Proc                             0x08000665   Thumb Code   102  bsp_command.o(i.CmdHelp_Proc)
    i.Cmd_all_receive                        0x080006e4   Section        0  bsp_command.o(i.Cmd_all_receive)
    Cmd_all_receive                          0x080006e5   Thumb Code   132  bsp_command.o(i.Cmd_all_receive)
    i.DMA2_Stream0_IRQHandler                0x08000774   Section        0  bsp_spi.o(i.DMA2_Stream0_IRQHandler)
    i.DMA2_Stream2_IRQHandler                0x08000784   Section        0  bsp_spi.o(i.DMA2_Stream2_IRQHandler)
    i.DMA_CalcBaseAndBitshift                0x08000794   Section        0  stm32f4xx_hal_dma.o(i.DMA_CalcBaseAndBitshift)
    DMA_CalcBaseAndBitshift                  0x08000795   Thumb Code    46  stm32f4xx_hal_dma.o(i.DMA_CalcBaseAndBitshift)
    i.DMA_CheckFifoParam                     0x080007c8   Section        0  stm32f4xx_hal_dma.o(i.DMA_CheckFifoParam)
    DMA_CheckFifoParam                       0x080007c9   Thumb Code   170  stm32f4xx_hal_dma.o(i.DMA_CheckFifoParam)
    i.DMA_SetConfig                          0x08000872   Section        0  stm32f4xx_hal_dma.o(i.DMA_SetConfig)
    DMA_SetConfig                            0x08000873   Thumb Code    44  stm32f4xx_hal_dma.o(i.DMA_SetConfig)
    i.DebugMon_Handler                       0x0800089e   Section        0  stm32f4xx_it.o(i.DebugMon_Handler)
    i.Error_Handler                          0x080008a0   Section        0  sys.o(i.Error_Handler)
    i.FB_CmdRecognition                      0x080008a8   Section        0  bsp_command.o(i.FB_CmdRecognition)
    FB_CmdRecognition                        0x080008a9   Thumb Code    90  bsp_command.o(i.FB_CmdRecognition)
    i.FB_StrCmp                              0x08000908   Section        0  bsp_command.o(i.FB_StrCmp)
    FB_StrCmp                                0x08000909   Thumb Code    50  bsp_command.o(i.FB_StrCmp)
    i.GPIO_R                                 0x0800093c   Section        0  bsp_gpio.o(i.GPIO_R)
    i.HAL_ADC_ConfigChannel                  0x0800095c   Section        0  stm32f4xx_hal_adc.o(i.HAL_ADC_ConfigChannel)
    i.HAL_ADC_Init                           0x08000af0   Section        0  stm32f4xx_hal_adc.o(i.HAL_ADC_Init)
    i.HAL_ADC_MspInit                        0x08000b58   Section        0  bsp_adc.o(i.HAL_ADC_MspInit)
    i.HAL_DMA_Abort_IT                       0x08000c40   Section        0  stm32f4xx_hal_dma.o(i.HAL_DMA_Abort_IT)
    i.HAL_DMA_DeInit                         0x08000c68   Section        0  stm32f4xx_hal_dma.o(i.HAL_DMA_DeInit)
    i.HAL_DMA_IRQHandler                     0x08000ccc   Section        0  stm32f4xx_hal_dma.o(i.HAL_DMA_IRQHandler)
    i.HAL_DMA_Init                           0x08000f0c   Section        0  stm32f4xx_hal_dma.o(i.HAL_DMA_Init)
    i.HAL_DMA_Start_IT                       0x08000ff8   Section        0  stm32f4xx_hal_dma.o(i.HAL_DMA_Start_IT)
    i.HAL_DeInit                             0x08001098   Section        0  stm32f4xx_hal.o(i.HAL_DeInit)
    i.HAL_GPIO_Init                          0x080010dc   Section        0  stm32f4xx_hal_gpio.o(i.HAL_GPIO_Init)
    i.HAL_GPIO_ReadPin                       0x080012b0   Section        0  stm32f4xx_hal_gpio.o(i.HAL_GPIO_ReadPin)
    i.HAL_GPIO_TogglePin                     0x080012c0   Section        0  stm32f4xx_hal_gpio.o(i.HAL_GPIO_TogglePin)
    i.HAL_GPIO_WritePin                      0x080012c8   Section        0  stm32f4xx_hal_gpio.o(i.HAL_GPIO_WritePin)
    i.HAL_GetTick                            0x080012d4   Section        0  stm32f4xx_hal.o(i.HAL_GetTick)
    i.HAL_IWDG_Init                          0x080012e0   Section        0  stm32f4xx_hal_iwdg.o(i.HAL_IWDG_Init)
    i.HAL_IWDG_Refresh                       0x08001330   Section        0  stm32f4xx_hal_iwdg.o(i.HAL_IWDG_Refresh)
    i.HAL_IWDG_Start                         0x0800133e   Section        0  bsp_iwdg.o(i.HAL_IWDG_Start)
    i.HAL_IncTick                            0x08001354   Section        0  stm32f4xx_hal.o(i.HAL_IncTick)
    i.HAL_Init                               0x0800136c   Section        0  stm32f4xx_hal.o(i.HAL_Init)
    i.HAL_InitTick                           0x080013a8   Section        0  stm32f4xx_hal.o(i.HAL_InitTick)
    i.HAL_MspDeInit                          0x080013f4   Section        0  stm32f4xx_hal_msp.o(i.HAL_MspDeInit)
    i.HAL_MspInit                            0x080013f6   Section        0  stm32f4xx_hal_msp.o(i.HAL_MspInit)
    i.HAL_NVIC_EnableIRQ                     0x080013f8   Section        0  stm32f4xx_hal_cortex.o(i.HAL_NVIC_EnableIRQ)
    i.HAL_NVIC_SetPriority                   0x08001412   Section        0  stm32f4xx_hal_cortex.o(i.HAL_NVIC_SetPriority)
    i.HAL_NVIC_SetPriorityGrouping           0x08001490   Section        0  stm32f4xx_hal_cortex.o(i.HAL_NVIC_SetPriorityGrouping)
    i.HAL_RCC_ClockConfig                    0x080014b8   Section        0  stm32f4xx_hal_rcc.o(i.HAL_RCC_ClockConfig)
    i.HAL_RCC_GetHCLKFreq                    0x08001638   Section        0  stm32f4xx_hal_rcc.o(i.HAL_RCC_GetHCLKFreq)
    i.HAL_RCC_GetPCLK1Freq                   0x08001644   Section        0  stm32f4xx_hal_rcc.o(i.HAL_RCC_GetPCLK1Freq)
    i.HAL_RCC_GetPCLK2Freq                   0x08001664   Section        0  stm32f4xx_hal_rcc.o(i.HAL_RCC_GetPCLK2Freq)
    i.HAL_RCC_GetSysClockFreq                0x08001684   Section        0  stm32f4xx_hal_rcc.o(i.HAL_RCC_GetSysClockFreq)
    i.HAL_RCC_OscConfig                      0x08001734   Section        0  stm32f4xx_hal_rcc.o(i.HAL_RCC_OscConfig)
    i.HAL_SPI_DeInit                         0x08001b7c   Section        0  stm32f4xx_hal_spi.o(i.HAL_SPI_DeInit)
    i.HAL_SPI_ErrorCallback                  0x08001bb4   Section        0  bsp_spi.o(i.HAL_SPI_ErrorCallback)
    i.HAL_SPI_IRQHandler                     0x08001bc0   Section        0  stm32f4xx_hal_spi.o(i.HAL_SPI_IRQHandler)
    i.HAL_SPI_Init                           0x08001cf8   Section        0  stm32f4xx_hal_spi.o(i.HAL_SPI_Init)
    i.HAL_SPI_MspDeInit                      0x08001d98   Section        0  stm32f4xx_hal_spi.o(i.HAL_SPI_MspDeInit)
    i.HAL_SPI_MspInit                        0x08001d9c   Section        0  bsp_spi.o(i.HAL_SPI_MspInit)
    i.HAL_SPI_RxCpltCallback                 0x08001fa4   Section        0  stm32f4xx_hal_spi.o(i.HAL_SPI_RxCpltCallback)
    i.HAL_SPI_RxHalfCpltCallback             0x08001fa6   Section        0  stm32f4xx_hal_spi.o(i.HAL_SPI_RxHalfCpltCallback)
    i.HAL_SPI_TransmitReceive_DMA            0x08001fa8   Section        0  stm32f4xx_hal_spi.o(i.HAL_SPI_TransmitReceive_DMA)
    i.HAL_SPI_TxRxCpltCallback               0x08002110   Section        0  bsp_spi.o(i.HAL_SPI_TxRxCpltCallback)
    i.HAL_SPI_TxRxHalfCpltCallback           0x0800211c   Section        0  stm32f4xx_hal_spi.o(i.HAL_SPI_TxRxHalfCpltCallback)
    i.HAL_SYSTICK_Config                     0x0800211e   Section        0  stm32f4xx_hal_cortex.o(i.HAL_SYSTICK_Config)
    i.HAL_TIM_Base_Init                      0x08002152   Section        0  stm32f4xx_hal_tim.o(i.HAL_TIM_Base_Init)
    i.HAL_TIM_Base_MspInit                   0x08002186   Section        0  stm32f4xx_hal_tim.o(i.HAL_TIM_Base_MspInit)
    i.HAL_TIM_Base_Start                     0x08002188   Section        0  stm32f4xx_hal_tim.o(i.HAL_TIM_Base_Start)
    i.HAL_UART_ErrorCallback                 0x080021a6   Section        0  stm32f4xx_hal_uart.o(i.HAL_UART_ErrorCallback)
    i.HAL_UART_GetState                      0x080021a8   Section        0  stm32f4xx_hal_uart.o(i.HAL_UART_GetState)
    i.HAL_UART_IRQHandler                    0x080021bc   Section        0  stm32f4xx_hal_uart.o(i.HAL_UART_IRQHandler)
    i.HAL_UART_Init                          0x08002308   Section        0  stm32f4xx_hal_uart.o(i.HAL_UART_Init)
    i.HAL_UART_MspInit                       0x0800237c   Section        0  usart.o(i.HAL_UART_MspInit)
    i.HAL_UART_Receive_IT                    0x0800252c   Section        0  stm32f4xx_hal_uart.o(i.HAL_UART_Receive_IT)
    i.HAL_UART_RxCpltCallback                0x08002590   Section        0  usart.o(i.HAL_UART_RxCpltCallback)
    i.HAL_UART_TxCpltCallback                0x08002744   Section        0  stm32f4xx_hal_uart.o(i.HAL_UART_TxCpltCallback)
    i.HardFault_Handler                      0x08002746   Section        0  stm32f4xx_it.o(i.HardFault_Handler)
    i.MemManage_Handler                      0x0800274a   Section        0  stm32f4xx_it.o(i.MemManage_Handler)
    i.NMI_Handler                            0x0800274e   Section        0  stm32f4xx_it.o(i.NMI_Handler)
    i.NVIC_GetPriorityGrouping               0x08002750   Section        0  stm32f4xx_hal_cortex.o(i.NVIC_GetPriorityGrouping)
    NVIC_GetPriorityGrouping                 0x08002751   Thumb Code    10  stm32f4xx_hal_cortex.o(i.NVIC_GetPriorityGrouping)
    i.NVIC_SetPriority                       0x08002760   Section        0  stm32f4xx_hal_cortex.o(i.NVIC_SetPriority)
    NVIC_SetPriority                         0x08002761   Thumb Code    32  stm32f4xx_hal_cortex.o(i.NVIC_SetPriority)
    i.PendSV_Handler                         0x08002788   Section        0  stm32f4xx_it.o(i.PendSV_Handler)
    i.Read_Button1_GPIO                      0x0800278a   Section        0  bsp_key.o(i.Read_Button1_GPIO)
    Read_Button1_GPIO                        0x0800278b   Thumb Code    18  bsp_key.o(i.Read_Button1_GPIO)
    i.Read_Button2_GPIO                      0x0800279c   Section        0  bsp_key.o(i.Read_Button2_GPIO)
    Read_Button2_GPIO                        0x0800279d   Thumb Code    18  bsp_key.o(i.Read_Button2_GPIO)
    i.Read_Button3_GPIO                      0x080027ae   Section        0  bsp_key.o(i.Read_Button3_GPIO)
    Read_Button3_GPIO                        0x080027af   Thumb Code    10  bsp_key.o(i.Read_Button3_GPIO)
    i.Read_Button4_GPIO                      0x080027b8   Section        0  bsp_key.o(i.Read_Button4_GPIO)
    Read_Button4_GPIO                        0x080027b9   Thumb Code    18  bsp_key.o(i.Read_Button4_GPIO)
    i.ReceivePolling                         0x080027cc   Section        0  bsp_command.o(i.ReceivePolling)
    i.SPI1_IRQHandler                        0x0800281c   Section        0  bsp_spi.o(i.SPI1_IRQHandler)
    i.SPI_CheckFlag_BSY                      0x0800282c   Section        0  stm32f4xx_hal_spi.o(i.SPI_CheckFlag_BSY)
    SPI_CheckFlag_BSY                        0x0800282d   Thumb Code    40  stm32f4xx_hal_spi.o(i.SPI_CheckFlag_BSY)
    i.SPI_DMAAbortOnError                    0x08002854   Section        0  stm32f4xx_hal_spi.o(i.SPI_DMAAbortOnError)
    SPI_DMAAbortOnError                      0x08002855   Thumb Code    20  stm32f4xx_hal_spi.o(i.SPI_DMAAbortOnError)
    i.SPI_DMAError                           0x08002868   Section        0  stm32f4xx_hal_spi.o(i.SPI_DMAError)
    SPI_DMAError                             0x08002869   Thumb Code    40  stm32f4xx_hal_spi.o(i.SPI_DMAError)
    i.SPI_DMAHalfReceiveCplt                 0x08002890   Section        0  stm32f4xx_hal_spi.o(i.SPI_DMAHalfReceiveCplt)
    SPI_DMAHalfReceiveCplt                   0x08002891   Thumb Code    14  stm32f4xx_hal_spi.o(i.SPI_DMAHalfReceiveCplt)
    i.SPI_DMAHalfTransmitReceiveCplt         0x0800289e   Section        0  stm32f4xx_hal_spi.o(i.SPI_DMAHalfTransmitReceiveCplt)
    SPI_DMAHalfTransmitReceiveCplt           0x0800289f   Thumb Code    14  stm32f4xx_hal_spi.o(i.SPI_DMAHalfTransmitReceiveCplt)
    i.SPI_DMAReceiveCplt                     0x080028ac   Section        0  stm32f4xx_hal_spi.o(i.SPI_DMAReceiveCplt)
    SPI_DMAReceiveCplt                       0x080028ad   Thumb Code   182  stm32f4xx_hal_spi.o(i.SPI_DMAReceiveCplt)
    i.SPI_DMATransmitReceiveCplt             0x08002962   Section        0  stm32f4xx_hal_spi.o(i.SPI_DMATransmitReceiveCplt)
    SPI_DMATransmitReceiveCplt               0x08002963   Thumb Code   168  stm32f4xx_hal_spi.o(i.SPI_DMATransmitReceiveCplt)
    i.SPI_WaitFlagStateUntilTimeout          0x08002a0a   Section        0  stm32f4xx_hal_spi.o(i.SPI_WaitFlagStateUntilTimeout)
    SPI_WaitFlagStateUntilTimeout            0x08002a0b   Thumb Code   170  stm32f4xx_hal_spi.o(i.SPI_WaitFlagStateUntilTimeout)
    i.SVC_Handler                            0x08002ab4   Section        0  stm32f4xx_it.o(i.SVC_Handler)
    i.SysTick_Handler                        0x08002ab8   Section        0  bsp_timer.o(i.SysTick_Handler)
    i.SysTick_ISR                            0x08002ad4   Section        0  bsp_timer.o(i.SysTick_ISR)
    i.SystemClock_Config                     0x08002b58   Section        0  sys.o(i.SystemClock_Config)
    i.SystemInit                             0x08002c28   Section        0  system_stm32f4xx.o(i.SystemInit)
    i.TIM2_IRQHandler                        0x08002c8c   Section        0  bsp_timer.o(i.TIM2_IRQHandler)
    i.TIM_Base_SetConfig                     0x08002d40   Section        0  stm32f4xx_hal_tim.o(i.TIM_Base_SetConfig)
    i.UART_DMAAbortOnError                   0x08002df0   Section        0  stm32f4xx_hal_uart.o(i.UART_DMAAbortOnError)
    UART_DMAAbortOnError                     0x08002df1   Thumb Code    20  stm32f4xx_hal_uart.o(i.UART_DMAAbortOnError)
    i.UART_EndRxTransfer                     0x08002e04   Section        0  stm32f4xx_hal_uart.o(i.UART_EndRxTransfer)
    UART_EndRxTransfer                       0x08002e05   Thumb Code    32  stm32f4xx_hal_uart.o(i.UART_EndRxTransfer)
    i.UART_EndTransmit_IT                    0x08002e24   Section        0  stm32f4xx_hal_uart.o(i.UART_EndTransmit_IT)
    UART_EndTransmit_IT                      0x08002e25   Thumb Code    32  stm32f4xx_hal_uart.o(i.UART_EndTransmit_IT)
    i.UART_Receive_IT                        0x08002e44   Section        0  stm32f4xx_hal_uart.o(i.UART_Receive_IT)
    UART_Receive_IT                          0x08002e45   Thumb Code   154  stm32f4xx_hal_uart.o(i.UART_Receive_IT)
    i.UART_SetConfig                         0x08002ee0   Section        0  stm32f4xx_hal_uart.o(i.UART_SetConfig)
    UART_SetConfig                           0x08002ee1   Thumb Code   864  stm32f4xx_hal_uart.o(i.UART_SetConfig)
    i.UART_Transmit_IT                       0x08003248   Section        0  stm32f4xx_hal_uart.o(i.UART_Transmit_IT)
    UART_Transmit_IT                         0x08003249   Thumb Code   104  stm32f4xx_hal_uart.o(i.UART_Transmit_IT)
    i.USART1_IRQHandler                      0x080032b0   Section        0  usart.o(i.USART1_IRQHandler)
    i.USART2_IRQHandler                      0x080032f0   Section        0  usart.o(i.USART2_IRQHandler)
    i.USART6_IRQHandler                      0x08003330   Section        0  usart.o(i.USART6_IRQHandler)
    i.UsageFault_Handler                     0x08003370   Section        0  stm32f4xx_it.o(i.UsageFault_Handler)
    i.__0printf$6                            0x08003374   Section        0  printf6.o(i.__0printf$6)
    i.__0sprintf$6                           0x08003394   Section        0  printf6.o(i.__0sprintf$6)
    i.__scatterload_copy                     0x080033bc   Section       14  handlers.o(i.__scatterload_copy)
    i.__scatterload_null                     0x080033ca   Section        2  handlers.o(i.__scatterload_null)
    i.__scatterload_zeroinit                 0x080033cc   Section       14  handlers.o(i.__scatterload_zeroinit)
    i.__set_PRIMASK                          0x080033da   Section        0  bsp_timer.o(i.__set_PRIMASK)
    __set_PRIMASK                            0x080033db   Thumb Code     6  bsp_timer.o(i.__set_PRIMASK)
    i._printf_core                           0x080033e0   Section        0  printf6.o(i._printf_core)
    _printf_core                             0x080033e1   Thumb Code   748  printf6.o(i._printf_core)
    i._printf_post_padding                   0x080036d0   Section        0  printf6.o(i._printf_post_padding)
    _printf_post_padding                     0x080036d1   Thumb Code    36  printf6.o(i._printf_post_padding)
    i._printf_pre_padding                    0x080036f4   Section        0  printf6.o(i._printf_pre_padding)
    _printf_pre_padding                      0x080036f5   Thumb Code    46  printf6.o(i._printf_pre_padding)
    i._sputc                                 0x08003722   Section        0  printf6.o(i._sputc)
    _sputc                                   0x08003723   Thumb Code    10  printf6.o(i._sputc)
    i.bsp_AdcInit                            0x0800372c   Section        0  bsp_adc.o(i.bsp_AdcInit)
    i.bsp_DelayMS                            0x080038b4   Section        0  bsp_timer.o(i.bsp_DelayMS)
    i.bsp_GPIO_Init                          0x080038f8   Section        0  bsp_gpio.o(i.bsp_GPIO_Init)
    i.bsp_Idle                               0x08003a0c   Section        0  bsp_timer.o(i.bsp_Idle)
    i.bsp_InitHardTimer                      0x08003a14   Section        0  bsp_timer.o(i.bsp_InitHardTimer)
    i.bsp_InitSPIBus                         0x08003adc   Section        0  bsp_spi.o(i.bsp_InitSPIBus)
    i.bsp_InitSPIParam                       0x08003af4   Section        0  bsp_spi.o(i.bsp_InitSPIParam)
    i.bsp_InitTimer                          0x08003ba8   Section        0  bsp_timer.o(i.bsp_InitTimer)
    i.bsp_IwdgFeed                           0x08003c50   Section        0  bsp_iwdg.o(i.bsp_IwdgFeed)
    i.bsp_IwdgInit                           0x08003c60   Section        0  bsp_iwdg.o(i.bsp_IwdgInit)
    i.bsp_KeyInit                            0x08003c88   Section        0  bsp_key.o(i.bsp_KeyInit)
    i.bsp_RunPer10ms                         0x08003cf0   Section        0  bsp_timer.o(i.bsp_RunPer10ms)
    i.bsp_RunPer1ms                          0x08003cf8   Section        0  bsp_timer.o(i.bsp_RunPer1ms)
    i.bsp_SoftTimerDec                       0x08003cfa   Section        0  bsp_timer.o(i.bsp_SoftTimerDec)
    bsp_SoftTimerDec                         0x08003cfb   Thumb Code    28  bsp_timer.o(i.bsp_SoftTimerDec)
    i.bsp_spiTransfer                        0x08003d18   Section        0  bsp_spi.o(i.bsp_spiTransfer)
    i.button_attach                          0x08003d8c   Section        0  bsp_button.o(i.button_attach)
    i.button_handler                         0x08003dbe   Section        0  bsp_button.o(i.button_handler)
    i.button_init                            0x08003ff4   Section        0  bsp_button.o(i.button_init)
    i.button_start                           0x08004000   Section        0  bsp_button.o(i.button_start)
    i.button_ticks                           0x0800402c   Section        0  bsp_button.o(i.button_ticks)
    i.fputc                                  0x08004048   Section        0  usart.o(i.fputc)
    i.main                                   0x08004064   Section        0  main.o(i.main)
    i.receive_command                        0x080040fc   Section        0  bsp_command.o(i.receive_command)
    i.uart_init                              0x0800417c   Section        0  usart.o(i.uart_init)
    .constdata                               0x0800422c   Section      120  bsp_command.o(.constdata)
    .constdata                               0x080042a4   Section       24  system_stm32f4xx.o(.constdata)
    .constdata                               0x080042bc   Section       16  bsp_gpio.o(.constdata)
    GPIO_PIN                                 0x080042bc   Data          16  bsp_gpio.o(.constdata)
    .constdata                               0x080042cc   Section        8  stm32f4xx_hal_dma.o(.constdata)
    flagBitshiftOffset                       0x080042cc   Data           8  stm32f4xx_hal_dma.o(.constdata)
    .conststring                             0x080042d4   Section      117  bsp_command.o(.conststring)
    .data                                    0x20000000   Section        4  system_stm32f4xx.o(.data)
    .data                                    0x20000004   Section       24  bsp_spi.o(.data)
    s_BaudRatePrescaler                      0x20000004   Data           4  bsp_spi.o(.data)
    s_CLKPhase                               0x20000008   Data           4  bsp_spi.o(.data)
    s_CLKPolarity                            0x2000000c   Data           4  bsp_spi.o(.data)
    .data                                    0x2000001c   Section       30  bsp_timer.o(.data)
    s_TIM_CallBack1                          0x2000001c   Data           4  bsp_timer.o(.data)
    s_TIM_CallBack2                          0x20000020   Data           4  bsp_timer.o(.data)
    s_TIM_CallBack3                          0x20000024   Data           4  bsp_timer.o(.data)
    s_TIM_CallBack4                          0x20000028   Data           4  bsp_timer.o(.data)
    s_uiDelayCount                           0x2000002c   Data           4  bsp_timer.o(.data)
    s_ucTimeOutFlag                          0x20000030   Data           1  bsp_timer.o(.data)
    g_ucEnableSystickISR                     0x20000038   Data           1  bsp_timer.o(.data)
    s_count                                  0x20000039   Data           1  bsp_timer.o(.data)
    .data                                    0x2000003c   Section       32  bsp_gpio.o(.data)
    GPIO_PORT                                0x2000003c   Data          32  bsp_gpio.o(.data)
    .data                                    0x2000005c   Section        4  bsp_button.o(.data)
    head_handle                              0x2000005c   Data           4  bsp_button.o(.data)
    .data                                    0x20000060   Section       13  usart.o(.data)
    .data                                    0x20000070   Section        9  stm32f4xx_hal.o(.data)
    .bss                                     0x2000007c   Section     1024  bsp_command.o(.bss)
    .bss                                     0x2000047c   Section       72  bsp_adc.o(.bss)
    .bss                                     0x200004c4   Section     8472  bsp_spi.o(.bss)
    hspi                                     0x200004c4   Data          88  bsp_spi.o(.bss)
    hdma_tx                                  0x2000051c   Data          96  bsp_spi.o(.bss)
    hdma_rx                                  0x2000057c   Data          96  bsp_spi.o(.bss)
    .bss                                     0x200025dc   Section       48  bsp_timer.o(.bss)
    s_tTmr                                   0x200025dc   Data          48  bsp_timer.o(.bss)
    .bss                                     0x2000260c   Section       80  bsp_key.o(.bss)
    btn1                                     0x2000260c   Data          20  bsp_key.o(.bss)
    btn2                                     0x20002620   Data          20  bsp_key.o(.bss)
    btn3                                     0x20002634   Data          20  bsp_key.o(.bss)
    btn4                                     0x20002648   Data          20  bsp_key.o(.bss)
    .bss                                     0x2000265c   Section       12  bsp_iwdg.o(.bss)
    .bss                                     0x20002668   Section    12480  usart.o(.bss)
    STACK                                    0x20005728   Section     1024  startup_stm32f411xe.o(STACK)

    Global Symbols

    Symbol Name                              Value     Ov Type        Size  Object(Section)

    BuildAttributes$$THM_ISAv4$E$P$D$K$B$S$7EM$VFPi3$EXTD16$VFPS$VFMA$PE$A:L22UL41UL21$X:L11$S22US41US21$IEEE1$IW$USESV6$~STKCKD$USESV7$~SHL$OSPACE$ROPI$EBA8$MICROLIB$REQ8$PRES8$EABIv2 0x00000000   Number         0  anon$$obj.o ABSOLUTE
    __ARM_use_no_argv                        0x00000000   Number         0  main.o ABSOLUTE
    __use_no_errno                           0x00000000   Number         0  useno.o ABSOLUTE
    __use_no_exception_handling              0x00000000   Number         0  useno.o ABSOLUTE
    __use_no_fp                              0x00000000   Number         0  useno.o ABSOLUTE
    __use_no_heap                            0x00000000   Number         0  useno.o ABSOLUTE
    __use_no_heap_region                     0x00000000   Number         0  useno.o ABSOLUTE
    __use_no_semihosting                     0x00000000   Number         0  useno.o ABSOLUTE
    __use_no_semihosting_swi                 0x00000000   Number         0  useno.o ABSOLUTE
    __use_no_signal_handling                 0x00000000   Number         0  useno.o ABSOLUTE
    _printf_a                                0x00000000   Number         0  stubs.o ABSOLUTE
    _printf_c                                0x00000000   Number         0  stubs.o ABSOLUTE
    _printf_charcount                        0x00000000   Number         0  stubs.o ABSOLUTE
    _printf_d                                0x00000000   Number         0  stubs.o ABSOLUTE
    _printf_e                                0x00000000   Number         0  stubs.o ABSOLUTE
    _printf_f                                0x00000000   Number         0  stubs.o ABSOLUTE
    _printf_flags                            0x00000000   Number         0  stubs.o ABSOLUTE
    _printf_fp_dec                           0x00000000   Number         0  stubs.o ABSOLUTE
    _printf_fp_hex                           0x00000000   Number         0  stubs.o ABSOLUTE
    _printf_g                                0x00000000   Number         0  stubs.o ABSOLUTE
    _printf_i                                0x00000000   Number         0  stubs.o ABSOLUTE
    _printf_int_dec                          0x00000000   Number         0  stubs.o ABSOLUTE
    _printf_l                                0x00000000   Number         0  stubs.o ABSOLUTE
    _printf_lc                               0x00000000   Number         0  stubs.o ABSOLUTE
    _printf_ll                               0x00000000   Number         0  stubs.o ABSOLUTE
    _printf_lld                              0x00000000   Number         0  stubs.o ABSOLUTE
    _printf_lli                              0x00000000   Number         0  stubs.o ABSOLUTE
    _printf_llo                              0x00000000   Number         0  stubs.o ABSOLUTE
    _printf_llu                              0x00000000   Number         0  stubs.o ABSOLUTE
    _printf_llx                              0x00000000   Number         0  stubs.o ABSOLUTE
    _printf_longlong_dec                     0x00000000   Number         0  stubs.o ABSOLUTE
    _printf_longlong_hex                     0x00000000   Number         0  stubs.o ABSOLUTE
    _printf_longlong_oct                     0x00000000   Number         0  stubs.o ABSOLUTE
    _printf_ls                               0x00000000   Number         0  stubs.o ABSOLUTE
    _printf_mbtowc                           0x00000000   Number         0  stubs.o ABSOLUTE
    _printf_n                                0x00000000   Number         0  stubs.o ABSOLUTE
    _printf_o                                0x00000000   Number         0  stubs.o ABSOLUTE
    _printf_p                                0x00000000   Number         0  stubs.o ABSOLUTE
    _printf_percent                          0x00000000   Number         0  stubs.o ABSOLUTE
    _printf_pre_padding                      0x00000000   Number         0  stubs.o ABSOLUTE
    _printf_return_value                     0x00000000   Number         0  stubs.o ABSOLUTE
    _printf_s                                0x00000000   Number         0  stubs.o ABSOLUTE
    _printf_sizespec                         0x00000000   Number         0  stubs.o ABSOLUTE
    _printf_str                              0x00000000   Number         0  stubs.o ABSOLUTE
    _printf_truncate_signed                  0x00000000   Number         0  stubs.o ABSOLUTE
    _printf_truncate_unsigned                0x00000000   Number         0  stubs.o ABSOLUTE
    _printf_u                                0x00000000   Number         0  stubs.o ABSOLUTE
    _printf_wc                               0x00000000   Number         0  stubs.o ABSOLUTE
    _printf_wctomb                           0x00000000   Number         0  stubs.o ABSOLUTE
    _printf_widthprec                        0x00000000   Number         0  stubs.o ABSOLUTE
    _printf_x                                0x00000000   Number         0  stubs.o ABSOLUTE
    __arm_fini_                               - Undefined Weak Reference
    __cpp_initialize__aeabi_                  - Undefined Weak Reference
    __cxa_finalize                            - Undefined Weak Reference
    __decompress                              - Undefined Weak Reference
    _clock_init                               - Undefined Weak Reference
    _microlib_exit                            - Undefined Weak Reference
    __Vectors_Size                           0x00000198   Number         0  startup_stm32f411xe.o ABSOLUTE
    __Vectors                                0x08000000   Data           4  startup_stm32f411xe.o(RESET)
    __Vectors_End                            0x08000198   Data           0  startup_stm32f411xe.o(RESET)
    __main                                   0x08000199   Thumb Code     0  entry.o(.ARM.Collect$$$$00000000)
    _main_stk                                0x08000199   Thumb Code     0  entry2.o(.ARM.Collect$$$$00000001)
    _main_scatterload                        0x0800019d   Thumb Code     0  entry5.o(.ARM.Collect$$$$00000004)
    __main_after_scatterload                 0x080001a1   Thumb Code     0  entry5.o(.ARM.Collect$$$$00000004)
    _main_clock                              0x080001a1   Thumb Code     0  entry7b.o(.ARM.Collect$$$$00000008)
    _main_cpp_init                           0x080001a1   Thumb Code     0  entry8b.o(.ARM.Collect$$$$0000000A)
    _main_init                               0x080001a1   Thumb Code     0  entry9a.o(.ARM.Collect$$$$0000000B)
    __rt_lib_shutdown_fini                   0x080001a9   Thumb Code     0  entry12b.o(.ARM.Collect$$$$0000000E)
    __rt_final_cpp                           0x080001ad   Thumb Code     0  entry10a.o(.ARM.Collect$$$$0000000F)
    __rt_final_exit                          0x080001ad   Thumb Code     0  entry11a.o(.ARM.Collect$$$$00000011)
    Reset_Handler                            0x080001b1   Thumb Code     8  startup_stm32f411xe.o(.text)
    ADC_IRQHandler                           0x080001cb   Thumb Code     0  startup_stm32f411xe.o(.text)
    DMA1_Stream0_IRQHandler                  0x080001cb   Thumb Code     0  startup_stm32f411xe.o(.text)
    DMA1_Stream1_IRQHandler                  0x080001cb   Thumb Code     0  startup_stm32f411xe.o(.text)
    DMA1_Stream2_IRQHandler                  0x080001cb   Thumb Code     0  startup_stm32f411xe.o(.text)
    DMA1_Stream3_IRQHandler                  0x080001cb   Thumb Code     0  startup_stm32f411xe.o(.text)
    DMA1_Stream4_IRQHandler                  0x080001cb   Thumb Code     0  startup_stm32f411xe.o(.text)
    DMA1_Stream5_IRQHandler                  0x080001cb   Thumb Code     0  startup_stm32f411xe.o(.text)
    DMA1_Stream6_IRQHandler                  0x080001cb   Thumb Code     0  startup_stm32f411xe.o(.text)
    DMA1_Stream7_IRQHandler                  0x080001cb   Thumb Code     0  startup_stm32f411xe.o(.text)
    DMA2_Stream1_IRQHandler                  0x080001cb   Thumb Code     0  startup_stm32f411xe.o(.text)
    DMA2_Stream3_IRQHandler                  0x080001cb   Thumb Code     0  startup_stm32f411xe.o(.text)
    DMA2_Stream4_IRQHandler                  0x080001cb   Thumb Code     0  startup_stm32f411xe.o(.text)
    DMA2_Stream5_IRQHandler                  0x080001cb   Thumb Code     0  startup_stm32f411xe.o(.text)
    DMA2_Stream6_IRQHandler                  0x080001cb   Thumb Code     0  startup_stm32f411xe.o(.text)
    DMA2_Stream7_IRQHandler                  0x080001cb   Thumb Code     0  startup_stm32f411xe.o(.text)
    EXTI0_IRQHandler                         0x080001cb   Thumb Code     0  startup_stm32f411xe.o(.text)
    EXTI15_10_IRQHandler                     0x080001cb   Thumb Code     0  startup_stm32f411xe.o(.text)
    EXTI1_IRQHandler                         0x080001cb   Thumb Code     0  startup_stm32f411xe.o(.text)
    EXTI2_IRQHandler                         0x080001cb   Thumb Code     0  startup_stm32f411xe.o(.text)
    EXTI3_IRQHandler                         0x080001cb   Thumb Code     0  startup_stm32f411xe.o(.text)
    EXTI4_IRQHandler                         0x080001cb   Thumb Code     0  startup_stm32f411xe.o(.text)
    EXTI9_5_IRQHandler                       0x080001cb   Thumb Code     0  startup_stm32f411xe.o(.text)
    FLASH_IRQHandler                         0x080001cb   Thumb Code     0  startup_stm32f411xe.o(.text)
    FPU_IRQHandler                           0x080001cb   Thumb Code     0  startup_stm32f411xe.o(.text)
    I2C1_ER_IRQHandler                       0x080001cb   Thumb Code     0  startup_stm32f411xe.o(.text)
    I2C1_EV_IRQHandler                       0x080001cb   Thumb Code     0  startup_stm32f411xe.o(.text)
    I2C2_ER_IRQHandler                       0x080001cb   Thumb Code     0  startup_stm32f411xe.o(.text)
    I2C2_EV_IRQHandler                       0x080001cb   Thumb Code     0  startup_stm32f411xe.o(.text)
    I2C3_ER_IRQHandler                       0x080001cb   Thumb Code     0  startup_stm32f411xe.o(.text)
    I2C3_EV_IRQHandler                       0x080001cb   Thumb Code     0  startup_stm32f411xe.o(.text)
    OTG_FS_IRQHandler                        0x080001cb   Thumb Code     0  startup_stm32f411xe.o(.text)
    OTG_FS_WKUP_IRQHandler                   0x080001cb   Thumb Code     0  startup_stm32f411xe.o(.text)
    PVD_IRQHandler                           0x080001cb   Thumb Code     0  startup_stm32f411xe.o(.text)
    RCC_IRQHandler                           0x080001cb   Thumb Code     0  startup_stm32f411xe.o(.text)
    RTC_Alarm_IRQHandler                     0x080001cb   Thumb Code     0  startup_stm32f411xe.o(.text)
    RTC_WKUP_IRQHandler                      0x080001cb   Thumb Code     0  startup_stm32f411xe.o(.text)
    SDIO_IRQHandler                          0x080001cb   Thumb Code     0  startup_stm32f411xe.o(.text)
    SPI2_IRQHandler                          0x080001cb   Thumb Code     0  startup_stm32f411xe.o(.text)
    SPI3_IRQHandler                          0x080001cb   Thumb Code     0  startup_stm32f411xe.o(.text)
    SPI4_IRQHandler                          0x080001cb   Thumb Code     0  startup_stm32f411xe.o(.text)
    SPI5_IRQHandler                          0x080001cb   Thumb Code     0  startup_stm32f411xe.o(.text)
    TAMP_STAMP_IRQHandler                    0x080001cb   Thumb Code     0  startup_stm32f411xe.o(.text)
    TIM1_BRK_TIM9_IRQHandler                 0x080001cb   Thumb Code     0  startup_stm32f411xe.o(.text)
    TIM1_CC_IRQHandler                       0x080001cb   Thumb Code     0  startup_stm32f411xe.o(.text)
    TIM1_TRG_COM_TIM11_IRQHandler            0x080001cb   Thumb Code     0  startup_stm32f411xe.o(.text)
    TIM1_UP_TIM10_IRQHandler                 0x080001cb   Thumb Code     0  startup_stm32f411xe.o(.text)
    TIM3_IRQHandler                          0x080001cb   Thumb Code     0  startup_stm32f411xe.o(.text)
    TIM4_IRQHandler                          0x080001cb   Thumb Code     0  startup_stm32f411xe.o(.text)
    TIM5_IRQHandler                          0x080001cb   Thumb Code     0  startup_stm32f411xe.o(.text)
    WWDG_IRQHandler                          0x080001cb   Thumb Code     0  startup_stm32f411xe.o(.text)
    __aeabi_uldivmod                         0x080001d5   Thumb Code    98  uldiv.o(.text)
    __aeabi_memset                           0x08000237   Thumb Code    14  memseta.o(.text)
    __aeabi_memset4                          0x08000237   Thumb Code     0  memseta.o(.text)
    __aeabi_memset8                          0x08000237   Thumb Code     0  memseta.o(.text)
    __aeabi_memclr                           0x08000245   Thumb Code     4  memseta.o(.text)
    __aeabi_memclr4                          0x08000245   Thumb Code     0  memseta.o(.text)
    __aeabi_memclr8                          0x08000245   Thumb Code     0  memseta.o(.text)
    _memset$wrapper                          0x08000249   Thumb Code    18  memseta.o(.text)
    strchr                                   0x0800025b   Thumb Code    20  strchr.o(.text)
    strlen                                   0x0800026f   Thumb Code    14  strlen.o(.text)
    __aeabi_uidiv                            0x0800027d   Thumb Code     0  uidiv.o(.text)
    __aeabi_uidivmod                         0x0800027d   Thumb Code    44  uidiv.o(.text)
    __aeabi_llsl                             0x080002a9   Thumb Code    30  llshl.o(.text)
    _ll_shift_l                              0x080002a9   Thumb Code     0  llshl.o(.text)
    __aeabi_llsr                             0x080002c7   Thumb Code    32  llushr.o(.text)
    _ll_ushift_r                             0x080002c7   Thumb Code     0  llushr.o(.text)
    __scatterload                            0x080002e9   Thumb Code    28  init.o(.text)
    __scatterload_rt2                        0x080002e9   Thumb Code     0  init.o(.text)
    BSP_IO_T                                 0x08000469   Thumb Code    22  bsp_gpio.o(i.BSP_IO_T)
    BusFault_Handler                         0x08000519   Thumb Code     4  stm32f4xx_it.o(i.BusFault_Handler)
    DMA2_Stream0_IRQHandler                  0x08000775   Thumb Code    12  bsp_spi.o(i.DMA2_Stream0_IRQHandler)
    DMA2_Stream2_IRQHandler                  0x08000785   Thumb Code    12  bsp_spi.o(i.DMA2_Stream2_IRQHandler)
    DebugMon_Handler                         0x0800089f   Thumb Code     2  stm32f4xx_it.o(i.DebugMon_Handler)
    Error_Handler                            0x080008a1   Thumb Code     8  sys.o(i.Error_Handler)
    GPIO_R                                   0x0800093d   Thumb Code    22  bsp_gpio.o(i.GPIO_R)
    HAL_ADC_ConfigChannel                    0x0800095d   Thumb Code   384  stm32f4xx_hal_adc.o(i.HAL_ADC_ConfigChannel)
    HAL_ADC_Init                             0x08000af1   Thumb Code   100  stm32f4xx_hal_adc.o(i.HAL_ADC_Init)
    HAL_ADC_MspInit                          0x08000b59   Thumb Code   212  bsp_adc.o(i.HAL_ADC_MspInit)
    HAL_DMA_Abort_IT                         0x08000c41   Thumb Code    40  stm32f4xx_hal_dma.o(i.HAL_DMA_Abort_IT)
    HAL_DMA_DeInit                           0x08000c69   Thumb Code    98  stm32f4xx_hal_dma.o(i.HAL_DMA_DeInit)
    HAL_DMA_IRQHandler                       0x08000ccd   Thumb Code   570  stm32f4xx_hal_dma.o(i.HAL_DMA_IRQHandler)
    HAL_DMA_Init                             0x08000f0d   Thumb Code   232  stm32f4xx_hal_dma.o(i.HAL_DMA_Init)
    HAL_DMA_Start_IT                         0x08000ff9   Thumb Code   158  stm32f4xx_hal_dma.o(i.HAL_DMA_Start_IT)
    HAL_DeInit                               0x08001099   Thumb Code    64  stm32f4xx_hal.o(i.HAL_DeInit)
    HAL_GPIO_Init                            0x080010dd   Thumb Code   436  stm32f4xx_hal_gpio.o(i.HAL_GPIO_Init)
    HAL_GPIO_ReadPin                         0x080012b1   Thumb Code    16  stm32f4xx_hal_gpio.o(i.HAL_GPIO_ReadPin)
    HAL_GPIO_TogglePin                       0x080012c1   Thumb Code     8  stm32f4xx_hal_gpio.o(i.HAL_GPIO_TogglePin)
    HAL_GPIO_WritePin                        0x080012c9   Thumb Code    12  stm32f4xx_hal_gpio.o(i.HAL_GPIO_WritePin)
    HAL_GetTick                              0x080012d5   Thumb Code     6  stm32f4xx_hal.o(i.HAL_GetTick)
    HAL_IWDG_Init                            0x080012e1   Thumb Code    80  stm32f4xx_hal_iwdg.o(i.HAL_IWDG_Init)
    HAL_IWDG_Refresh                         0x08001331   Thumb Code    14  stm32f4xx_hal_iwdg.o(i.HAL_IWDG_Refresh)
    HAL_IWDG_Start                           0x0800133f   Thumb Code    22  bsp_iwdg.o(i.HAL_IWDG_Start)
    HAL_IncTick                              0x08001355   Thumb Code    16  stm32f4xx_hal.o(i.HAL_IncTick)
    HAL_Init                                 0x0800136d   Thumb Code    54  stm32f4xx_hal.o(i.HAL_Init)
    HAL_InitTick                             0x080013a9   Thumb Code    64  stm32f4xx_hal.o(i.HAL_InitTick)
    HAL_MspDeInit                            0x080013f5   Thumb Code     2  stm32f4xx_hal_msp.o(i.HAL_MspDeInit)
    HAL_MspInit                              0x080013f7   Thumb Code     2  stm32f4xx_hal_msp.o(i.HAL_MspInit)
    HAL_NVIC_EnableIRQ                       0x080013f9   Thumb Code    26  stm32f4xx_hal_cortex.o(i.HAL_NVIC_EnableIRQ)
    HAL_NVIC_SetPriority                     0x08001413   Thumb Code   124  stm32f4xx_hal_cortex.o(i.HAL_NVIC_SetPriority)
    HAL_NVIC_SetPriorityGrouping             0x08001491   Thumb Code    32  stm32f4xx_hal_cortex.o(i.HAL_NVIC_SetPriorityGrouping)
    HAL_RCC_ClockConfig                      0x080014b9   Thumb Code   366  stm32f4xx_hal_rcc.o(i.HAL_RCC_ClockConfig)
    HAL_RCC_GetHCLKFreq                      0x08001639   Thumb Code     6  stm32f4xx_hal_rcc.o(i.HAL_RCC_GetHCLKFreq)
    HAL_RCC_GetPCLK1Freq                     0x08001645   Thumb Code    22  stm32f4xx_hal_rcc.o(i.HAL_RCC_GetPCLK1Freq)
    HAL_RCC_GetPCLK2Freq                     0x08001665   Thumb Code    22  stm32f4xx_hal_rcc.o(i.HAL_RCC_GetPCLK2Freq)
    HAL_RCC_GetSysClockFreq                  0x08001685   Thumb Code   162  stm32f4xx_hal_rcc.o(i.HAL_RCC_GetSysClockFreq)
    HAL_RCC_OscConfig                        0x08001735   Thumb Code  1086  stm32f4xx_hal_rcc.o(i.HAL_RCC_OscConfig)
    HAL_SPI_DeInit                           0x08001b7d   Thumb Code    54  stm32f4xx_hal_spi.o(i.HAL_SPI_DeInit)
    HAL_SPI_ErrorCallback                    0x08001bb5   Thumb Code     8  bsp_spi.o(i.HAL_SPI_ErrorCallback)
    HAL_SPI_IRQHandler                       0x08001bc1   Thumb Code   308  stm32f4xx_hal_spi.o(i.HAL_SPI_IRQHandler)
    HAL_SPI_Init                             0x08001cf9   Thumb Code   160  stm32f4xx_hal_spi.o(i.HAL_SPI_Init)
    HAL_SPI_MspDeInit                        0x08001d99   Thumb Code     2  stm32f4xx_hal_spi.o(i.HAL_SPI_MspDeInit)
    HAL_SPI_MspInit                          0x08001d9d   Thumb Code   466  bsp_spi.o(i.HAL_SPI_MspInit)
    HAL_SPI_RxCpltCallback                   0x08001fa5   Thumb Code     2  stm32f4xx_hal_spi.o(i.HAL_SPI_RxCpltCallback)
    HAL_SPI_RxHalfCpltCallback               0x08001fa7   Thumb Code     2  stm32f4xx_hal_spi.o(i.HAL_SPI_RxHalfCpltCallback)
    HAL_SPI_TransmitReceive_DMA              0x08001fa9   Thumb Code   340  stm32f4xx_hal_spi.o(i.HAL_SPI_TransmitReceive_DMA)
    HAL_SPI_TxRxCpltCallback                 0x08002111   Thumb Code     8  bsp_spi.o(i.HAL_SPI_TxRxCpltCallback)
    HAL_SPI_TxRxHalfCpltCallback             0x0800211d   Thumb Code     2  stm32f4xx_hal_spi.o(i.HAL_SPI_TxRxHalfCpltCallback)
    HAL_SYSTICK_Config                       0x0800211f   Thumb Code    52  stm32f4xx_hal_cortex.o(i.HAL_SYSTICK_Config)
    HAL_TIM_Base_Init                        0x08002153   Thumb Code    52  stm32f4xx_hal_tim.o(i.HAL_TIM_Base_Init)
    HAL_TIM_Base_MspInit                     0x08002187   Thumb Code     2  stm32f4xx_hal_tim.o(i.HAL_TIM_Base_MspInit)
    HAL_TIM_Base_Start                       0x08002189   Thumb Code    30  stm32f4xx_hal_tim.o(i.HAL_TIM_Base_Start)
    HAL_UART_ErrorCallback                   0x080021a7   Thumb Code     2  stm32f4xx_hal_uart.o(i.HAL_UART_ErrorCallback)
    HAL_UART_GetState                        0x080021a9   Thumb Code    20  stm32f4xx_hal_uart.o(i.HAL_UART_GetState)
    HAL_UART_IRQHandler                      0x080021bd   Thumb Code   326  stm32f4xx_hal_uart.o(i.HAL_UART_IRQHandler)
    HAL_UART_Init                            0x08002309   Thumb Code   114  stm32f4xx_hal_uart.o(i.HAL_UART_Init)
    HAL_UART_MspInit                         0x0800237d   Thumb Code   410  usart.o(i.HAL_UART_MspInit)
    HAL_UART_Receive_IT                      0x0800252d   Thumb Code   100  stm32f4xx_hal_uart.o(i.HAL_UART_Receive_IT)
    HAL_UART_RxCpltCallback                  0x08002591   Thumb Code   386  usart.o(i.HAL_UART_RxCpltCallback)
    HAL_UART_TxCpltCallback                  0x08002745   Thumb Code     2  stm32f4xx_hal_uart.o(i.HAL_UART_TxCpltCallback)
    HardFault_Handler                        0x08002747   Thumb Code     4  stm32f4xx_it.o(i.HardFault_Handler)
    MemManage_Handler                        0x0800274b   Thumb Code     4  stm32f4xx_it.o(i.MemManage_Handler)
    NMI_Handler                              0x0800274f   Thumb Code     2  stm32f4xx_it.o(i.NMI_Handler)
    PendSV_Handler                           0x08002789   Thumb Code     2  stm32f4xx_it.o(i.PendSV_Handler)
    ReceivePolling                           0x080027cd   Thumb Code    60  bsp_command.o(i.ReceivePolling)
    SPI1_IRQHandler                          0x0800281d   Thumb Code    10  bsp_spi.o(i.SPI1_IRQHandler)
    SVC_Handler                              0x08002ab5   Thumb Code     2  stm32f4xx_it.o(i.SVC_Handler)
    SysTick_Handler                          0x08002ab9   Thumb Code    22  bsp_timer.o(i.SysTick_Handler)
    SysTick_ISR                              0x08002ad5   Thumb Code   110  bsp_timer.o(i.SysTick_ISR)
    SystemClock_Config                       0x08002b59   Thumb Code   180  sys.o(i.SystemClock_Config)
    SystemInit                               0x08002c29   Thumb Code    82  system_stm32f4xx.o(i.SystemInit)
    TIM2_IRQHandler                          0x08002c8d   Thumb Code   164  bsp_timer.o(i.TIM2_IRQHandler)
    TIM_Base_SetConfig                       0x08002d41   Thumb Code   148  stm32f4xx_hal_tim.o(i.TIM_Base_SetConfig)
    USART1_IRQHandler                        0x080032b1   Thumb Code    56  usart.o(i.USART1_IRQHandler)
    USART2_IRQHandler                        0x080032f1   Thumb Code    56  usart.o(i.USART2_IRQHandler)
    USART6_IRQHandler                        0x08003331   Thumb Code    56  usart.o(i.USART6_IRQHandler)
    UsageFault_Handler                       0x08003371   Thumb Code     4  stm32f4xx_it.o(i.UsageFault_Handler)
    __0printf$6                              0x08003375   Thumb Code    22  printf6.o(i.__0printf$6)
    __1printf$6                              0x08003375   Thumb Code     0  printf6.o(i.__0printf$6)
    __2printf                                0x08003375   Thumb Code     0  printf6.o(i.__0printf$6)
    __0sprintf$6                             0x08003395   Thumb Code    34  printf6.o(i.__0sprintf$6)
    __1sprintf$6                             0x08003395   Thumb Code     0  printf6.o(i.__0sprintf$6)
    __2sprintf                               0x08003395   Thumb Code     0  printf6.o(i.__0sprintf$6)
    __scatterload_copy                       0x080033bd   Thumb Code    14  handlers.o(i.__scatterload_copy)
    __scatterload_null                       0x080033cb   Thumb Code     2  handlers.o(i.__scatterload_null)
    __scatterload_zeroinit                   0x080033cd   Thumb Code    14  handlers.o(i.__scatterload_zeroinit)
    bsp_AdcInit                              0x0800372d   Thumb Code   348  bsp_adc.o(i.bsp_AdcInit)
    bsp_DelayMS                              0x080038b5   Thumb Code    58  bsp_timer.o(i.bsp_DelayMS)
    bsp_GPIO_Init                            0x080038f9   Thumb Code   254  bsp_gpio.o(i.bsp_GPIO_Init)
    bsp_Idle                                 0x08003a0d   Thumb Code     8  bsp_timer.o(i.bsp_Idle)
    bsp_InitHardTimer                        0x08003a15   Thumb Code   148  bsp_timer.o(i.bsp_InitHardTimer)
    bsp_InitSPIBus                           0x08003add   Thumb Code    20  bsp_spi.o(i.bsp_InitSPIBus)
    bsp_InitSPIParam                         0x08003af5   Thumb Code   126  bsp_spi.o(i.bsp_InitSPIParam)
    bsp_InitTimer                            0x08003ba9   Thumb Code   146  bsp_timer.o(i.bsp_InitTimer)
    bsp_IwdgFeed                             0x08003c51   Thumb Code    10  bsp_iwdg.o(i.bsp_IwdgFeed)
    bsp_IwdgInit                             0x08003c61   Thumb Code    30  bsp_iwdg.o(i.bsp_IwdgInit)
    bsp_KeyInit                              0x08003c89   Thumb Code    56  bsp_key.o(i.bsp_KeyInit)
    bsp_RunPer10ms                           0x08003cf1   Thumb Code     8  bsp_timer.o(i.bsp_RunPer10ms)
    bsp_RunPer1ms                            0x08003cf9   Thumb Code     2  bsp_timer.o(i.bsp_RunPer1ms)
    bsp_spiTransfer                          0x08003d19   Thumb Code    62  bsp_spi.o(i.bsp_spiTransfer)
    button_attach                            0x08003d8d   Thumb Code    50  bsp_button.o(i.button_attach)
    button_handler                           0x08003dbf   Thumb Code   566  bsp_button.o(i.button_handler)
    button_init                              0x08003ff5   Thumb Code     8  bsp_button.o(i.button_init)
    button_start                             0x08004001   Thumb Code    38  bsp_button.o(i.button_start)
    button_ticks                             0x0800402d   Thumb Code    22  bsp_button.o(i.button_ticks)
    fputc                                    0x08004049   Thumb Code    22  usart.o(i.fputc)
    main                                     0x08004065   Thumb Code   126  main.o(i.main)
    receive_command                          0x080040fd   Thumb Code   116  bsp_command.o(i.receive_command)
    uart_init                                0x0800417d   Thumb Code   138  usart.o(i.uart_init)
    cmd_tbl                                  0x0800422c   Data         120  bsp_command.o(.constdata)
    AHBPrescTable                            0x080042a4   Data          16  system_stm32f4xx.o(.constdata)
    APBPrescTable                            0x080042b4   Data           8  system_stm32f4xx.o(.constdata)
    Region$$Table$$Base                      0x0800434c   Number         0  anon$$obj.o(Region$$Table)
    Region$$Table$$Limit                     0x0800436c   Number         0  anon$$obj.o(Region$$Table)
    SystemCoreClock                          0x20000000   Data           4  system_stm32f4xx.o(.data)
    g_spiLen                                 0x20000010   Data           4  bsp_spi.o(.data)
    g_spi_busy                               0x20000014   Data           1  bsp_spi.o(.data)
    wTransferState                           0x20000018   Data           4  bsp_spi.o(.data)
    g_iRunTime                               0x20000034   Data           4  bsp_timer.o(.data)
    __stdout                                 0x20000060   Data           4  usart.o(.data)
    USART_RX_STA6                            0x20000064   Data           2  usart.o(.data)
    USART_RX_STA1                            0x20000066   Data           2  usart.o(.data)
    USART_RX_STA2                            0x20000068   Data           2  usart.o(.data)
    aRxBuffer6                               0x2000006a   Data           1  usart.o(.data)
    aRxBuffer1                               0x2000006b   Data           1  usart.o(.data)
    aRxBuffer2                               0x2000006c   Data           1  usart.o(.data)
    uwTick                                   0x20000070   Data           4  stm32f4xx_hal.o(.data)
    uwTickPrio                               0x20000074   Data           4  stm32f4xx_hal.o(.data)
    uwTickFreq                               0x20000078   Data           1  stm32f4xx_hal.o(.data)
    send_buff                                0x2000007c   Data        1024  bsp_command.o(.bss)
    ADC1_Handler                             0x2000047c   Data          72  bsp_adc.o(.bss)
    g_spiTxBuf                               0x200005dc   Data        4096  bsp_spi.o(.bss)
    g_spiRxBuf                               0x200015dc   Data        4096  bsp_spi.o(.bss)
    IWDG_Handler                             0x2000265c   Data          12  bsp_iwdg.o(.bss)
    USART_RX_BUF6                            0x20002668   Data        4096  usart.o(.bss)
    USART_RX_BUF1                            0x20003668   Data        4096  usart.o(.bss)
    USART_RX_BUF2                            0x20004668   Data        4096  usart.o(.bss)
    UART1_Handler                            0x20005668   Data          64  usart.o(.bss)
    UART6_Handler                            0x200056a8   Data          64  usart.o(.bss)
    UART2_Handler                            0x200056e8   Data          64  usart.o(.bss)
    __initial_sp                             0x20005b28   Data           0  startup_stm32f411xe.o(STACK)



==============================================================================

Memory Map of the image

  Image Entry point : 0x08000199

  Load Region LR_IROM1 (Base: 0x08000000, Size: 0x000043e8, Max: 0x00040000, ABSOLUTE)

    Execution Region ER_IROM1 (Exec base: 0x08000000, Load base: 0x08000000, Size: 0x0000436c, Max: 0x00040000, ABSOLUTE)

    Exec Addr    Load Addr    Size         Type   Attr      Idx    E Section Name        Object

    0x08000000   0x08000000   0x00000198   Data   RO         1516    RESET               startup_stm32f411xe.o
    0x08000198   0x08000198   0x00000000   Code   RO         5166  * .ARM.Collect$$$$00000000  mc_w.l(entry.o)
    0x08000198   0x08000198   0x00000004   Code   RO         5438    .ARM.Collect$$$$00000001  mc_w.l(entry2.o)
    0x0800019c   0x0800019c   0x00000004   Code   RO         5441    .ARM.Collect$$$$00000004  mc_w.l(entry5.o)
    0x080001a0   0x080001a0   0x00000000   Code   RO         5443    .ARM.Collect$$$$00000008  mc_w.l(entry7b.o)
    0x080001a0   0x080001a0   0x00000000   Code   RO         5445    .ARM.Collect$$$$0000000A  mc_w.l(entry8b.o)
    0x080001a0   0x080001a0   0x00000008   Code   RO         5446    .ARM.Collect$$$$0000000B  mc_w.l(entry9a.o)
    0x080001a8   0x080001a8   0x00000004   Code   RO         5453    .ARM.Collect$$$$0000000E  mc_w.l(entry12b.o)
    0x080001ac   0x080001ac   0x00000000   Code   RO         5448    .ARM.Collect$$$$0000000F  mc_w.l(entry10a.o)
    0x080001ac   0x080001ac   0x00000000   Code   RO         5450    .ARM.Collect$$$$00000011  mc_w.l(entry11a.o)
    0x080001ac   0x080001ac   0x00000004   Code   RO         5439    .ARM.Collect$$$$00002712  mc_w.l(entry2.o)
    0x080001b0   0x080001b0   0x00000024   Code   RO         1517    .text               startup_stm32f411xe.o
    0x080001d4   0x080001d4   0x00000062   Code   RO         5169    .text               mc_w.l(uldiv.o)
    0x08000236   0x08000236   0x00000024   Code   RO         5171    .text               mc_w.l(memseta.o)
    0x0800025a   0x0800025a   0x00000014   Code   RO         5173    .text               mc_w.l(strchr.o)
    0x0800026e   0x0800026e   0x0000000e   Code   RO         5175    .text               mc_w.l(strlen.o)
    0x0800027c   0x0800027c   0x0000002c   Code   RO         5454    .text               mc_w.l(uidiv.o)
    0x080002a8   0x080002a8   0x0000001e   Code   RO         5456    .text               mc_w.l(llshl.o)
    0x080002c6   0x080002c6   0x00000020   Code   RO         5458    .text               mc_w.l(llushr.o)
    0x080002e6   0x080002e6   0x00000002   PAD
    0x080002e8   0x080002e8   0x00000024   Code   RO         5471    .text               mc_w.l(init.o)
    0x0800030c   0x0800030c   0x0000015c   Code   RO         2889    i.ADC_Init          stm32f4xx_hal_adc.o
    0x08000468   0x08000468   0x00000020   Code   RO         1167    i.BSP_IO_T          bsp_gpio.o
    0x08000488   0x08000488   0x00000024   Code   RO         1096    i.BTN1_PRESS_DOWN_Handler  bsp_key.o
    0x080004ac   0x080004ac   0x00000024   Code   RO         1097    i.BTN2_PRESS_DOWN_Handler  bsp_key.o
    0x080004d0   0x080004d0   0x00000024   Code   RO         1098    i.BTN3_PRESS_DOWN_Handler  bsp_key.o
    0x080004f4   0x080004f4   0x00000024   Code   RO         1099    i.BTN4_PRESS_DOWN_Handler  bsp_key.o
    0x08000518   0x08000518   0x00000004   Code   RO          391    i.BusFault_Handler  stm32f4xx_it.o
    0x0800051c   0x0800051c   0x00000030   Code   RO          274    i.CMD01_Proc        bsp_command.o
    0x0800054c   0x0800054c   0x0000002c   Code   RO          275    i.CMD02_Proc        bsp_command.o
    0x08000578   0x08000578   0x00000070   Code   RO          276    i.CMD03_Proc        bsp_command.o
    0x080005e8   0x080005e8   0x0000007c   Code   RO          277    i.CmdHelpAll_Proc   bsp_command.o
    0x08000664   0x08000664   0x00000080   Code   RO          278    i.CmdHelp_Proc      bsp_command.o
    0x080006e4   0x080006e4   0x00000090   Code   RO          279    i.Cmd_all_receive   bsp_command.o
    0x08000774   0x08000774   0x00000010   Code   RO          851    i.DMA2_Stream0_IRQHandler  bsp_spi.o
    0x08000784   0x08000784   0x00000010   Code   RO          852    i.DMA2_Stream2_IRQHandler  bsp_spi.o
    0x08000794   0x08000794   0x00000034   Code   RO         2780    i.DMA_CalcBaseAndBitshift  stm32f4xx_hal_dma.o
    0x080007c8   0x080007c8   0x000000aa   Code   RO         2781    i.DMA_CheckFifoParam  stm32f4xx_hal_dma.o
    0x08000872   0x08000872   0x0000002c   Code   RO         2782    i.DMA_SetConfig     stm32f4xx_hal_dma.o
    0x0800089e   0x0800089e   0x00000002   Code   RO          392    i.DebugMon_Handler  stm32f4xx_it.o
    0x080008a0   0x080008a0   0x00000008   Code   RO         1394    i.Error_Handler     sys.o
    0x080008a8   0x080008a8   0x00000060   Code   RO          280    i.FB_CmdRecognition  bsp_command.o
    0x08000908   0x08000908   0x00000032   Code   RO          281    i.FB_StrCmp         bsp_command.o
    0x0800093a   0x0800093a   0x00000002   PAD
    0x0800093c   0x0800093c   0x00000020   Code   RO         1168    i.GPIO_R            bsp_gpio.o
    0x0800095c   0x0800095c   0x00000194   Code   RO         2891    i.HAL_ADC_ConfigChannel  stm32f4xx_hal_adc.o
    0x08000af0   0x08000af0   0x00000068   Code   RO         2900    i.HAL_ADC_Init      stm32f4xx_hal_adc.o
    0x08000b58   0x08000b58   0x000000e8   Code   RO          684    i.HAL_ADC_MspInit   bsp_adc.o
    0x08000c40   0x08000c40   0x00000028   Code   RO         2784    i.HAL_DMA_Abort_IT  stm32f4xx_hal_dma.o
    0x08000c68   0x08000c68   0x00000062   Code   RO         2785    i.HAL_DMA_DeInit    stm32f4xx_hal_dma.o
    0x08000cca   0x08000cca   0x00000002   PAD
    0x08000ccc   0x08000ccc   0x00000240   Code   RO         2788    i.HAL_DMA_IRQHandler  stm32f4xx_hal_dma.o
    0x08000f0c   0x08000f0c   0x000000ec   Code   RO         2789    i.HAL_DMA_Init      stm32f4xx_hal_dma.o
    0x08000ff8   0x08000ff8   0x0000009e   Code   RO         2793    i.HAL_DMA_Start_IT  stm32f4xx_hal_dma.o
    0x08001096   0x08001096   0x00000002   PAD
    0x08001098   0x08001098   0x00000044   Code   RO         1530    i.HAL_DeInit        stm32f4xx_hal.o
    0x080010dc   0x080010dc   0x000001d4   Code   RO         1838    i.HAL_GPIO_Init     stm32f4xx_hal_gpio.o
    0x080012b0   0x080012b0   0x00000010   Code   RO         1840    i.HAL_GPIO_ReadPin  stm32f4xx_hal_gpio.o
    0x080012c0   0x080012c0   0x00000008   Code   RO         1841    i.HAL_GPIO_TogglePin  stm32f4xx_hal_gpio.o
    0x080012c8   0x080012c8   0x0000000c   Code   RO         1842    i.HAL_GPIO_WritePin  stm32f4xx_hal_gpio.o
    0x080012d4   0x080012d4   0x0000000c   Code   RO         1537    i.HAL_GetTick       stm32f4xx_hal.o
    0x080012e0   0x080012e0   0x00000050   Code   RO         5139    i.HAL_IWDG_Init     stm32f4xx_hal_iwdg.o
    0x08001330   0x08001330   0x0000000e   Code   RO         5140    i.HAL_IWDG_Refresh  stm32f4xx_hal_iwdg.o
    0x0800133e   0x0800133e   0x00000016   Code   RO         1278    i.HAL_IWDG_Start    bsp_iwdg.o
    0x08001354   0x08001354   0x00000018   Code   RO         1541    i.HAL_IncTick       stm32f4xx_hal.o
    0x0800136c   0x0800136c   0x0000003c   Code   RO         1542    i.HAL_Init          stm32f4xx_hal.o
    0x080013a8   0x080013a8   0x0000004c   Code   RO         1543    i.HAL_InitTick      stm32f4xx_hal.o
    0x080013f4   0x080013f4   0x00000002   Code   RO          349    i.HAL_MspDeInit     stm32f4xx_hal_msp.o
    0x080013f6   0x080013f6   0x00000002   Code   RO          350    i.HAL_MspInit       stm32f4xx_hal_msp.o
    0x080013f8   0x080013f8   0x0000001a   Code   RO         1700    i.HAL_NVIC_EnableIRQ  stm32f4xx_hal_cortex.o
    0x08001412   0x08001412   0x0000007c   Code   RO         1706    i.HAL_NVIC_SetPriority  stm32f4xx_hal_cortex.o
    0x0800148e   0x0800148e   0x00000002   PAD
    0x08001490   0x08001490   0x00000028   Code   RO         1707    i.HAL_NVIC_SetPriorityGrouping  stm32f4xx_hal_cortex.o
    0x080014b8   0x080014b8   0x00000180   Code   RO         2022    i.HAL_RCC_ClockConfig  stm32f4xx_hal_rcc.o
    0x08001638   0x08001638   0x0000000c   Code   RO         2027    i.HAL_RCC_GetHCLKFreq  stm32f4xx_hal_rcc.o
    0x08001644   0x08001644   0x00000020   Code   RO         2029    i.HAL_RCC_GetPCLK1Freq  stm32f4xx_hal_rcc.o
    0x08001664   0x08001664   0x00000020   Code   RO         2030    i.HAL_RCC_GetPCLK2Freq  stm32f4xx_hal_rcc.o
    0x08001684   0x08001684   0x000000b0   Code   RO         2031    i.HAL_RCC_GetSysClockFreq  stm32f4xx_hal_rcc.o
    0x08001734   0x08001734   0x00000448   Code   RO         2034    i.HAL_RCC_OscConfig  stm32f4xx_hal_rcc.o
    0x08001b7c   0x08001b7c   0x00000036   Code   RO         3671    i.HAL_SPI_DeInit    stm32f4xx_hal_spi.o
    0x08001bb2   0x08001bb2   0x00000002   PAD
    0x08001bb4   0x08001bb4   0x0000000c   Code   RO          853    i.HAL_SPI_ErrorCallback  bsp_spi.o
    0x08001bc0   0x08001bc0   0x00000138   Code   RO         3675    i.HAL_SPI_IRQHandler  stm32f4xx_hal_spi.o
    0x08001cf8   0x08001cf8   0x000000a0   Code   RO         3676    i.HAL_SPI_Init      stm32f4xx_hal_spi.o
    0x08001d98   0x08001d98   0x00000002   Code   RO         3677    i.HAL_SPI_MspDeInit  stm32f4xx_hal_spi.o
    0x08001d9a   0x08001d9a   0x00000002   PAD
    0x08001d9c   0x08001d9c   0x00000208   Code   RO          854    i.HAL_SPI_MspInit   bsp_spi.o
    0x08001fa4   0x08001fa4   0x00000002   Code   RO         3682    i.HAL_SPI_RxCpltCallback  stm32f4xx_hal_spi.o
    0x08001fa6   0x08001fa6   0x00000002   Code   RO         3683    i.HAL_SPI_RxHalfCpltCallback  stm32f4xx_hal_spi.o
    0x08001fa8   0x08001fa8   0x00000168   Code   RO         3686    i.HAL_SPI_TransmitReceive_DMA  stm32f4xx_hal_spi.o
    0x08002110   0x08002110   0x0000000c   Code   RO          855    i.HAL_SPI_TxRxCpltCallback  bsp_spi.o
    0x0800211c   0x0800211c   0x00000002   Code   RO         3693    i.HAL_SPI_TxRxHalfCpltCallback  stm32f4xx_hal_spi.o
    0x0800211e   0x0800211e   0x00000034   Code   RO         1711    i.HAL_SYSTICK_Config  stm32f4xx_hal_cortex.o
    0x08002152   0x08002152   0x00000034   Code   RO         4261    i.HAL_TIM_Base_Init  stm32f4xx_hal_tim.o
    0x08002186   0x08002186   0x00000002   Code   RO         4263    i.HAL_TIM_Base_MspInit  stm32f4xx_hal_tim.o
    0x08002188   0x08002188   0x0000001e   Code   RO         4264    i.HAL_TIM_Base_Start  stm32f4xx_hal_tim.o
    0x080021a6   0x080021a6   0x00000002   Code   RO         2204    i.HAL_UART_ErrorCallback  stm32f4xx_hal_uart.o
    0x080021a8   0x080021a8   0x00000014   Code   RO         2206    i.HAL_UART_GetState  stm32f4xx_hal_uart.o
    0x080021bc   0x080021bc   0x0000014c   Code   RO         2207    i.HAL_UART_IRQHandler  stm32f4xx_hal_uart.o
    0x08002308   0x08002308   0x00000072   Code   RO         2208    i.HAL_UART_Init     stm32f4xx_hal_uart.o
    0x0800237a   0x0800237a   0x00000002   PAD
    0x0800237c   0x0800237c   0x000001b0   Code   RO         1440    i.HAL_UART_MspInit  usart.o
    0x0800252c   0x0800252c   0x00000064   Code   RO         2213    i.HAL_UART_Receive_IT  stm32f4xx_hal_uart.o
    0x08002590   0x08002590   0x000001b4   Code   RO         1441    i.HAL_UART_RxCpltCallback  usart.o
    0x08002744   0x08002744   0x00000002   Code   RO         2219    i.HAL_UART_TxCpltCallback  stm32f4xx_hal_uart.o
    0x08002746   0x08002746   0x00000004   Code   RO          393    i.HardFault_Handler  stm32f4xx_it.o
    0x0800274a   0x0800274a   0x00000004   Code   RO          394    i.MemManage_Handler  stm32f4xx_it.o
    0x0800274e   0x0800274e   0x00000002   Code   RO          395    i.NMI_Handler       stm32f4xx_it.o
    0x08002750   0x08002750   0x00000010   Code   RO         1713    i.NVIC_GetPriorityGrouping  stm32f4xx_hal_cortex.o
    0x08002760   0x08002760   0x00000028   Code   RO         1714    i.NVIC_SetPriority  stm32f4xx_hal_cortex.o
    0x08002788   0x08002788   0x00000002   Code   RO          396    i.PendSV_Handler    stm32f4xx_it.o
    0x0800278a   0x0800278a   0x00000012   Code   RO         1100    i.Read_Button1_GPIO  bsp_key.o
    0x0800279c   0x0800279c   0x00000012   Code   RO         1101    i.Read_Button2_GPIO  bsp_key.o
    0x080027ae   0x080027ae   0x0000000a   Code   RO         1102    i.Read_Button3_GPIO  bsp_key.o
    0x080027b8   0x080027b8   0x00000012   Code   RO         1103    i.Read_Button4_GPIO  bsp_key.o
    0x080027ca   0x080027ca   0x00000002   PAD
    0x080027cc   0x080027cc   0x00000050   Code   RO          282    i.ReceivePolling    bsp_command.o
    0x0800281c   0x0800281c   0x00000010   Code   RO          856    i.SPI1_IRQHandler   bsp_spi.o
    0x0800282c   0x0800282c   0x00000028   Code   RO         3702    i.SPI_CheckFlag_BSY  stm32f4xx_hal_spi.o
    0x08002854   0x08002854   0x00000014   Code   RO         3706    i.SPI_DMAAbortOnError  stm32f4xx_hal_spi.o
    0x08002868   0x08002868   0x00000028   Code   RO         3707    i.SPI_DMAError      stm32f4xx_hal_spi.o
    0x08002890   0x08002890   0x0000000e   Code   RO         3708    i.SPI_DMAHalfReceiveCplt  stm32f4xx_hal_spi.o
    0x0800289e   0x0800289e   0x0000000e   Code   RO         3710    i.SPI_DMAHalfTransmitReceiveCplt  stm32f4xx_hal_spi.o
    0x080028ac   0x080028ac   0x000000b6   Code   RO         3711    i.SPI_DMAReceiveCplt  stm32f4xx_hal_spi.o
    0x08002962   0x08002962   0x000000a8   Code   RO         3714    i.SPI_DMATransmitReceiveCplt  stm32f4xx_hal_spi.o
    0x08002a0a   0x08002a0a   0x000000aa   Code   RO         3722    i.SPI_WaitFlagStateUntilTimeout  stm32f4xx_hal_spi.o
    0x08002ab4   0x08002ab4   0x00000002   Code   RO          397    i.SVC_Handler       stm32f4xx_it.o
    0x08002ab6   0x08002ab6   0x00000002   PAD
    0x08002ab8   0x08002ab8   0x0000001c   Code   RO          948    i.SysTick_Handler   bsp_timer.o
    0x08002ad4   0x08002ad4   0x00000084   Code   RO          949    i.SysTick_ISR       bsp_timer.o
    0x08002b58   0x08002b58   0x000000d0   Code   RO         1396    i.SystemClock_Config  sys.o
    0x08002c28   0x08002c28   0x00000064   Code   RO          464    i.SystemInit        system_stm32f4xx.o
    0x08002c8c   0x08002c8c   0x000000b4   Code   RO          950    i.TIM2_IRQHandler   bsp_timer.o
    0x08002d40   0x08002d40   0x000000b0   Code   RO         4345    i.TIM_Base_SetConfig  stm32f4xx_hal_tim.o
    0x08002df0   0x08002df0   0x00000014   Code   RO         2221    i.UART_DMAAbortOnError  stm32f4xx_hal_uart.o
    0x08002e04   0x08002e04   0x00000020   Code   RO         2231    i.UART_EndRxTransfer  stm32f4xx_hal_uart.o
    0x08002e24   0x08002e24   0x00000020   Code   RO         2232    i.UART_EndTransmit_IT  stm32f4xx_hal_uart.o
    0x08002e44   0x08002e44   0x0000009a   Code   RO         2234    i.UART_Receive_IT   stm32f4xx_hal_uart.o
    0x08002ede   0x08002ede   0x00000002   PAD
    0x08002ee0   0x08002ee0   0x00000368   Code   RO         2235    i.UART_SetConfig    stm32f4xx_hal_uart.o
    0x08003248   0x08003248   0x00000068   Code   RO         2236    i.UART_Transmit_IT  stm32f4xx_hal_uart.o
    0x080032b0   0x080032b0   0x00000040   Code   RO         1442    i.USART1_IRQHandler  usart.o
    0x080032f0   0x080032f0   0x00000040   Code   RO         1443    i.USART2_IRQHandler  usart.o
    0x08003330   0x08003330   0x00000040   Code   RO         1444    i.USART6_IRQHandler  usart.o
    0x08003370   0x08003370   0x00000004   Code   RO          398    i.UsageFault_Handler  stm32f4xx_it.o
    0x08003374   0x08003374   0x00000020   Code   RO         5332    i.__0printf$6       mc_w.l(printf6.o)
    0x08003394   0x08003394   0x00000028   Code   RO         5334    i.__0sprintf$6      mc_w.l(printf6.o)
    0x080033bc   0x080033bc   0x0000000e   Code   RO         5479    i.__scatterload_copy  mc_w.l(handlers.o)
    0x080033ca   0x080033ca   0x00000002   Code   RO         5480    i.__scatterload_null  mc_w.l(handlers.o)
    0x080033cc   0x080033cc   0x0000000e   Code   RO         5481    i.__scatterload_zeroinit  mc_w.l(handlers.o)
    0x080033da   0x080033da   0x00000006   Code   RO          951    i.__set_PRIMASK     bsp_timer.o
    0x080033e0   0x080033e0   0x000002f0   Code   RO         5339    i._printf_core      mc_w.l(printf6.o)
    0x080036d0   0x080036d0   0x00000024   Code   RO         5340    i._printf_post_padding  mc_w.l(printf6.o)
    0x080036f4   0x080036f4   0x0000002e   Code   RO         5341    i._printf_pre_padding  mc_w.l(printf6.o)
    0x08003722   0x08003722   0x0000000a   Code   RO         5343    i._sputc            mc_w.l(printf6.o)
    0x0800372c   0x0800372c   0x00000188   Code   RO          685    i.bsp_AdcInit       bsp_adc.o
    0x080038b4   0x080038b4   0x00000044   Code   RO          954    i.bsp_DelayMS       bsp_timer.o
    0x080038f8   0x080038f8   0x00000114   Code   RO         1170    i.bsp_GPIO_Init     bsp_gpio.o
    0x08003a0c   0x08003a0c   0x00000008   Code   RO          957    i.bsp_Idle          bsp_timer.o
    0x08003a14   0x08003a14   0x000000c8   Code   RO          958    i.bsp_InitHardTimer  bsp_timer.o
    0x08003adc   0x08003adc   0x00000018   Code   RO          857    i.bsp_InitSPIBus    bsp_spi.o
    0x08003af4   0x08003af4   0x000000b4   Code   RO          858    i.bsp_InitSPIParam  bsp_spi.o
    0x08003ba8   0x08003ba8   0x000000a8   Code   RO          959    i.bsp_InitTimer     bsp_timer.o
    0x08003c50   0x08003c50   0x00000010   Code   RO         1279    i.bsp_IwdgFeed      bsp_iwdg.o
    0x08003c60   0x08003c60   0x00000028   Code   RO         1280    i.bsp_IwdgInit      bsp_iwdg.o
    0x08003c88   0x08003c88   0x00000068   Code   RO         1104    i.bsp_KeyInit       bsp_key.o
    0x08003cf0   0x08003cf0   0x00000008   Code   RO          960    i.bsp_RunPer10ms    bsp_timer.o
    0x08003cf8   0x08003cf8   0x00000002   Code   RO          961    i.bsp_RunPer1ms     bsp_timer.o
    0x08003cfa   0x08003cfa   0x0000001c   Code   RO          962    i.bsp_SoftTimerDec  bsp_timer.o
    0x08003d16   0x08003d16   0x00000002   PAD
    0x08003d18   0x08003d18   0x00000074   Code   RO          862    i.bsp_spiTransfer   bsp_spi.o
    0x08003d8c   0x08003d8c   0x00000032   Code   RO         1219    i.button_attach     bsp_button.o
    0x08003dbe   0x08003dbe   0x00000236   Code   RO         1220    i.button_handler    bsp_button.o
    0x08003ff4   0x08003ff4   0x0000000c   Code   RO         1221    i.button_init       bsp_button.o
    0x08004000   0x08004000   0x0000002c   Code   RO         1222    i.button_start      bsp_button.o
    0x0800402c   0x0800402c   0x0000001c   Code   RO         1224    i.button_ticks      bsp_button.o
    0x08004048   0x08004048   0x0000001c   Code   RO         1446    i.fputc             usart.o
    0x08004064   0x08004064   0x00000098   Code   RO            4    i.main              main.o
    0x080040fc   0x080040fc   0x00000080   Code   RO          283    i.receive_command   bsp_command.o
    0x0800417c   0x0800417c   0x000000b0   Code   RO         1447    i.uart_init         usart.o
    0x0800422c   0x0800422c   0x00000078   Data   RO          285    .constdata          bsp_command.o
    0x080042a4   0x080042a4   0x00000018   Data   RO          465    .constdata          system_stm32f4xx.o
    0x080042bc   0x080042bc   0x00000010   Data   RO         1171    .constdata          bsp_gpio.o
    0x080042cc   0x080042cc   0x00000008   Data   RO         2795    .constdata          stm32f4xx_hal_dma.o
    0x080042d4   0x080042d4   0x00000075   Data   RO          286    .conststring        bsp_command.o
    0x08004349   0x08004349   0x00000003   PAD
    0x0800434c   0x0800434c   0x00000020   Data   RO         5477    Region$$Table       anon$$obj.o


    Execution Region RW_IRAM1 (Exec base: 0x20000000, Load base: 0x0800436c, Size: 0x00005b28, Max: 0x00020000, ABSOLUTE)

    Exec Addr    Load Addr    Size         Type   Attr      Idx    E Section Name        Object

    0x20000000   0x0800436c   0x00000004   Data   RW          466    .data               system_stm32f4xx.o
    0x20000004   0x08004370   0x00000018   Data   RW          864    .data               bsp_spi.o
    0x2000001c   0x08004388   0x0000001e   Data   RW          969    .data               bsp_timer.o
    0x2000003a   0x080043a6   0x00000002   PAD
    0x2000003c   0x080043a8   0x00000020   Data   RW         1172    .data               bsp_gpio.o
    0x2000005c   0x080043c8   0x00000004   Data   RW         1226    .data               bsp_button.o
    0x20000060   0x080043cc   0x0000000d   Data   RW         1449    .data               usart.o
    0x2000006d   0x080043d9   0x00000003   PAD
    0x20000070   0x080043dc   0x00000009   Data   RW         1549    .data               stm32f4xx_hal.o
    0x20000079   0x080043e5   0x00000003   PAD
    0x2000007c        -       0x00000400   Zero   RW          284    .bss                bsp_command.o
    0x2000047c        -       0x00000048   Zero   RW          686    .bss                bsp_adc.o
    0x200004c4        -       0x00002118   Zero   RW          863    .bss                bsp_spi.o
    0x200025dc        -       0x00000030   Zero   RW          967    .bss                bsp_timer.o
    0x2000260c        -       0x00000050   Zero   RW         1105    .bss                bsp_key.o
    0x2000265c        -       0x0000000c   Zero   RW         1281    .bss                bsp_iwdg.o
    0x20002668        -       0x000030c0   Zero   RW         1448    .bss                usart.o
    0x20005728        -       0x00000400   Zero   RW         1514    STACK               startup_stm32f411xe.o


==============================================================================

Image component sizes


      Code (inc. data)   RO Data    RW Data    ZI Data      Debug   Object Name

       624         64          0          0         72       2183   bsp_adc.o
       700         22          0          4          0       4381   bsp_button.o
       954        148        237          0       1024       7575   bsp_command.o
       340         42         16         32          0       2452   bsp_gpio.o
        78         16          0          0         12       2254   bsp_iwdg.o
       312        112          0          0         80       5162   bsp_key.o
       912        188          0         24       8472       7376   bsp_spi.o
       828        128          0         30         48      40076   bsp_timer.o
       152         26          0          0          0     433615   main.o
        36          8        408          0       1024        832   startup_stm32f411xe.o
       240         36          0          9          0       4558   stm32f4xx_hal.o
       856         32          0          0          0       2767   stm32f4xx_hal_adc.o
       298         22          0          0          0      30811   stm32f4xx_hal_cortex.o
      1374         16          8          0          0       7015   stm32f4xx_hal_dma.o
       504         32          0          0          0       3604   stm32f4xx_hal_gpio.o
        94          0          0          0          0       1767   stm32f4xx_hal_iwdg.o
         4          0          0          0          0        902   stm32f4xx_hal_msp.o
      1732         84          0          0          0       5572   stm32f4xx_hal_rcc.o
      1542         24          0          0          0      12012   stm32f4xx_hal_spi.o
       260         28          0          0          0       3061   stm32f4xx_hal_tim.o
      1784         14          0          0          0       8763   stm32f4xx_hal_uart.o
        24          0          0          0          0       3596   stm32f4xx_it.o
       216         28          0          0          0       1581   sys.o
       100         18         24          4          0       1095   system_stm32f4xx.o
      1264        140          0         13      12480       6934   usart.o

    ----------------------------------------------------------------------
     15250       1228        728        124      23212     599944   Object Totals
         0          0         32          0          0          0   (incl. Generated)
        22          0          3          8          0          0   (incl. Padding)

    ----------------------------------------------------------------------

      Code (inc. data)   RO Data    RW Data    ZI Data      Debug   Library Member Name

         0          0          0          0          0          0   entry.o
         0          0          0          0          0          0   entry10a.o
         0          0          0          0          0          0   entry11a.o
         4          0          0          0          0          0   entry12b.o
         8          4          0          0          0          0   entry2.o
         4          0          0          0          0          0   entry5.o
         0          0          0          0          0          0   entry7b.o
         0          0          0          0          0          0   entry8b.o
         8          4          0          0          0          0   entry9a.o
        30          0          0          0          0          0   handlers.o
        36          8          0          0          0         68   init.o
        30          0          0          0          0         68   llshl.o
        32          0          0          0          0         68   llushr.o
        36          0          0          0          0        108   memseta.o
       916         20          0          0          0        504   printf6.o
        20          0          0          0          0         68   strchr.o
        14          0          0          0          0         68   strlen.o
        44          0          0          0          0         80   uidiv.o
        98          0          0          0          0         92   uldiv.o

    ----------------------------------------------------------------------
      1282         36          0          0          0       1124   Library Totals
         2          0          0          0          0          0   (incl. Padding)

    ----------------------------------------------------------------------

      Code (inc. data)   RO Data    RW Data    ZI Data      Debug   Library Name

      1280         36          0          0          0       1124   mc_w.l

    ----------------------------------------------------------------------
      1282         36          0          0          0       1124   Library Totals

    ----------------------------------------------------------------------

==============================================================================


      Code (inc. data)   RO Data    RW Data    ZI Data      Debug   

     16532       1264        728        124      23212     587452   Grand Totals
     16532       1264        728        124      23212     587452   ELF Image Totals
     16532       1264        728        124          0          0   ROM Totals

==============================================================================

    Total RO  Size (Code + RO Data)                17260 (  16.86kB)
    Total RW  Size (RW Data + ZI Data)             23336 (  22.79kB)
    Total ROM Size (Code + RO Data + RW Data)      17384 (  16.98kB)

==============================================================================

