Component: ARM Compiler 5.06 update 7 (build 960) Tool: armlink [4d3601]

==============================================================================

Section Cross References

    main.o(i.main) refers to stm32f4xx_hal.o(i.HAL_Init) for HAL_Init
    main.o(i.main) refers to stm32f4xx_hal.o(i.HAL_DeInit) for HAL_DeInit
    main.o(i.main) refers to sys.o(i.SystemClock_Config) for SystemClock_Config
    main.o(i.main) refers to usart.o(i.uart_init) for uart_init
    main.o(i.main) refers to bsp_adc.o(i.bsp_AdcInit) for bsp_AdcInit
    main.o(i.main) refers to bsp_gpio.o(i.bsp_GPIO_Init) for bsp_GPIO_Init
    main.o(i.main) refers to bsp_spi.o(i.bsp_InitSPIBus) for bsp_InitSPIBus
    main.o(i.main) refers to bsp_timer.o(i.bsp_InitTimer) for bsp_InitTimer
    main.o(i.main) refers to bsp_key.o(i.bsp_KeyInit) for bsp_KeyInit
    main.o(i.main) refers to bsp_iwdg.o(i.bsp_IwdgInit) for bsp_IwdgInit
    main.o(i.main) refers to bsp_timer.o(i.bsp_Idle) for bsp_Idle
    main.o(i.main) refers to bsp_gpio.o(i.BSP_IO_H) for BSP_IO_H
    main.o(i.main) refers to bsp_spi.o(i.bsp_spiTransfer) for bsp_spiTransfer
    main.o(i.main) refers to bsp_timer.o(i.bsp_DelayMS) for bsp_DelayMS
    main.o(i.main) refers to bsp_spi.o(.data) for g_spiLen
    main.o(i.main) refers to bsp_spi.o(.bss) for g_spiTxBuf
    system_stm32f4xx.o(i.SystemCoreClockUpdate) refers to system_stm32f4xx.o(.data) for SystemCoreClock
    system_stm32f4xx.o(i.SystemCoreClockUpdate) refers to system_stm32f4xx.o(.constdata) for AHBPrescTable
    bsp_24cxx.o(i.AT24CXX_Check) refers to bsp_24cxx.o(i.AT24CXX_ReadOneByte) for AT24CXX_ReadOneByte
    bsp_24cxx.o(i.AT24CXX_Check) refers to bsp_24cxx.o(i.AT24CXX_WriteOneByte) for AT24CXX_WriteOneByte
    bsp_24cxx.o(i.AT24CXX_Init) refers to bsp_myiic.o(i.IIC_Init) for IIC_Init
    bsp_24cxx.o(i.AT24CXX_Read) refers to bsp_24cxx.o(i.AT24CXX_ReadOneByte) for AT24CXX_ReadOneByte
    bsp_24cxx.o(i.AT24CXX_ReadLenByte) refers to bsp_24cxx.o(i.AT24CXX_ReadOneByte) for AT24CXX_ReadOneByte
    bsp_24cxx.o(i.AT24CXX_ReadOneByte) refers to bsp_myiic.o(i.IIC_Start) for IIC_Start
    bsp_24cxx.o(i.AT24CXX_ReadOneByte) refers to bsp_myiic.o(i.IIC_Send_Byte) for IIC_Send_Byte
    bsp_24cxx.o(i.AT24CXX_ReadOneByte) refers to bsp_myiic.o(i.IIC_Wait_Ack) for IIC_Wait_Ack
    bsp_24cxx.o(i.AT24CXX_ReadOneByte) refers to bsp_myiic.o(i.IIC_Read_Byte) for IIC_Read_Byte
    bsp_24cxx.o(i.AT24CXX_ReadOneByte) refers to bsp_myiic.o(i.IIC_Stop) for IIC_Stop
    bsp_24cxx.o(i.AT24CXX_ReadString) refers to bsp_24cxx.o(i.AT24CXX_ReadOneByte) for AT24CXX_ReadOneByte
    bsp_24cxx.o(i.AT24CXX_Read_Float_Num) refers to bsp_24cxx.o(i.AT24CXX_Read) for AT24CXX_Read
    bsp_24cxx.o(i.AT24CXX_Read_Int_Num) refers to bsp_24cxx.o(i.AT24CXX_Read) for AT24CXX_Read
    bsp_24cxx.o(i.AT24CXX_Read_Short_Int_Num) refers to bsp_24cxx.o(i.AT24CXX_Read) for AT24CXX_Read
    bsp_24cxx.o(i.AT24CXX_Write) refers to bsp_24cxx.o(i.AT24CXX_WriteOneByte) for AT24CXX_WriteOneByte
    bsp_24cxx.o(i.AT24CXX_WriteLenByte) refers to bsp_24cxx.o(i.AT24CXX_WriteOneByte) for AT24CXX_WriteOneByte
    bsp_24cxx.o(i.AT24CXX_WriteOneByte) refers to bsp_myiic.o(i.IIC_Start) for IIC_Start
    bsp_24cxx.o(i.AT24CXX_WriteOneByte) refers to bsp_myiic.o(i.IIC_Send_Byte) for IIC_Send_Byte
    bsp_24cxx.o(i.AT24CXX_WriteOneByte) refers to bsp_myiic.o(i.IIC_Wait_Ack) for IIC_Wait_Ack
    bsp_24cxx.o(i.AT24CXX_WriteOneByte) refers to bsp_myiic.o(i.IIC_Stop) for IIC_Stop
    bsp_24cxx.o(i.AT24CXX_WriteOneByte) refers to delay.o(i.delay_ms) for delay_ms
    bsp_24cxx.o(i.AT24CXX_WriteString) refers to strlen.o(.text) for strlen
    bsp_24cxx.o(i.AT24CXX_WriteString) refers to bsp_24cxx.o(i.AT24CXX_WriteOneByte) for AT24CXX_WriteOneByte
    bsp_24cxx.o(i.AT24CXX_Write_Float_Num) refers to bsp_24cxx.o(i.AT24CXX_Write) for AT24CXX_Write
    bsp_24cxx.o(i.AT24CXX_Write_Int_Num) refers to bsp_24cxx.o(i.AT24CXX_Write) for AT24CXX_Write
    bsp_24cxx.o(i.AT24CXX_Write_Short_Int_Num) refers to bsp_24cxx.o(i.AT24CXX_Write) for AT24CXX_Write
    bsp_adc.o(i.Get_Adc) refers to stm32f4xx_hal_adc.o(i.HAL_ADC_ConfigChannel) for HAL_ADC_ConfigChannel
    bsp_adc.o(i.Get_Adc) refers to stm32f4xx_hal_adc.o(i.HAL_ADC_Start) for HAL_ADC_Start
    bsp_adc.o(i.Get_Adc) refers to stm32f4xx_hal_adc.o(i.HAL_ADC_PollForConversion) for HAL_ADC_PollForConversion
    bsp_adc.o(i.Get_Adc) refers to stm32f4xx_hal_adc.o(i.HAL_ADC_GetValue) for HAL_ADC_GetValue
    bsp_adc.o(i.Get_Adc) refers to bsp_adc.o(.bss) for ADC1_Handler
    bsp_adc.o(i.Get_Adc_Average) refers to bsp_adc.o(i.Get_Adc) for Get_Adc
    bsp_adc.o(i.HAL_ADC_MspDeInit) refers to stm32f4xx_hal_gpio.o(i.HAL_GPIO_DeInit) for HAL_GPIO_DeInit
    bsp_adc.o(i.HAL_ADC_MspInit) refers to rt_memclr_w.o(.text) for __aeabi_memclr4
    bsp_adc.o(i.HAL_ADC_MspInit) refers to stm32f4xx_hal_gpio.o(i.HAL_GPIO_Init) for HAL_GPIO_Init
[...]
    ..\\HARDWARE\\BSP_SPI\\bsp_spi.c         0x00000000   Number         0  bsp_spi.o ABSOLUTE
    ..\\HARDWARE\\BSP_Timer\\bsp_timer.c     0x00000000   Number         0  bsp_timer.o ABSOLUTE
    ..\\SYSTEM\\delay\\delay.c               0x00000000   Number         0  delay.o ABSOLUTE
    ..\\SYSTEM\\sys\\sys.c                   0x00000000   Number         0  sys.o ABSOLUTE
    ..\\SYSTEM\\usart\\usart.c               0x00000000   Number         0  usart.o ABSOLUTE
    dc.s                                     0x00000000   Number         0  dc.o ABSOLUTE
    main.c                                   0x00000000   Number         0  main.o ABSOLUTE
    main.c                                   0x00000000   Number         0  main.o ABSOLUTE
    stm32f4xx_hal_msp.c                      0x00000000   Number         0  stm32f4xx_hal_msp.o ABSOLUTE
    stm32f4xx_hal_msp.c                      0x00000000   Number         0  stm32f4xx_hal_msp.o ABSOLUTE
    stm32f4xx_it.c                           0x00000000   Number         0  stm32f4xx_it.o ABSOLUTE
    stm32f4xx_it.c                           0x00000000   Number         0  stm32f4xx_it.o ABSOLUTE
    system_stm32f4xx.c                       0x00000000   Number         0  system_stm32f4xx.o ABSOLUTE
    system_stm32f4xx.c                       0x00000000   Number         0  system_stm32f4xx.o ABSOLUTE
    RESET                                    0x08000000   Section      408  startup_stm32f411xe.o(RESET)
    !!!main                                  0x08000198   Section        8  __main.o(!!!main)
    !!!scatter                               0x080001a0   Section       52  __scatter.o(!!!scatter)
    !!handler_copy                           0x080001d4   Section       26  __scatter_copy.o(!!handler_copy)
    !!handler_zi                             0x080001f0   Section       28  __scatter_zi.o(!!handler_zi)
    .ARM.Collect$$_printf_percent$$00000000  0x0800020c   Section        0  _printf_percent.o(.ARM.Collect$$_printf_percent$$00000000)
    .ARM.Collect$$_printf_percent$$00000017  0x0800020c   Section        4  _printf_percent_end.o(.ARM.Collect$$_printf_percent$$00000017)
    .ARM.Collect$$libinit$$00000000          0x08000210   Section        2  libinit.o(.ARM.Collect$$libinit$$00000000)
    .ARM.Collect$$libinit$$00000001          0x08000212   Section        4  libinit2.o(.ARM.Collect$$libinit$$00000001)
    .ARM.Collect$$libinit$$00000004          0x08000216   Section        0  libinit2.o(.ARM.Collect$$libinit$$00000004)
    .ARM.Collect$$libinit$$0000000A          0x08000216   Section        0  libinit2.o(.ARM.Collect$$libinit$$0000000A)
    .ARM.Collect$$libinit$$0000000C          0x08000216   Section        0  libinit2.o(.ARM.Collect$$libinit$$0000000C)
    .ARM.Collect$$libinit$$0000000E          0x08000216   Section        0  libinit2.o(.ARM.Collect$$libinit$$0000000E)
    .ARM.Collect$$libinit$$00000011          0x08000216   Section        0  libinit2.o(.ARM.Collect$$libinit$$00000011)
    .ARM.Collect$$libinit$$00000013          0x08000216   Section        0  libinit2.o(.ARM.Collect$$libinit$$00000013)
    .ARM.Collect$$libinit$$00000015          0x08000216   Section        0  libinit2.o(.ARM.Collect$$libinit$$00000015)
    .ARM.Collect$$libinit$$00000017          0x08000216   Section        0  libinit2.o(.ARM.Collect$$libinit$$00000017)
    .ARM.Collect$$libinit$$00000019          0x08000216   Section        0  libinit2.o(.ARM.Collect$$libinit$$00000019)
    .ARM.Collect$$libinit$$0000001B          0x08000216   Section        0  libinit2.o(.ARM.Collect$$libinit$$0000001B)
    .ARM.Collect$$libinit$$0000001D          0x08000216   Section        0  libinit2.o(.ARM.Collect$$libinit$$0000001D)
    .ARM.Collect$$libinit$$0000001F          0x08000216   Section        0  libinit2.o(.ARM.Collect$$libinit$$0000001F)
    .ARM.Collect$$libinit$$00000021          0x08000216   Section        0  libinit2.o(.ARM.Collect$$libinit$$00000021)
    .ARM.Collect$$libinit$$00000023          0x08000216   Section        0  libinit2.o(.ARM.Collect$$libinit$$00000023)
    .ARM.Collect$$libinit$$00000025          0x08000216   Section        0  libinit2.o(.ARM.Collect$$libinit$$00000025)
    .ARM.Collect$$libinit$$0000002C          0x08000216   Section        0  libinit2.o(.ARM.Collect$$libinit$$0000002C)
    .ARM.Collect$$libinit$$0000002E          0x08000216   Section        0  libinit2.o(.ARM.Collect$$libinit$$0000002E)
    .ARM.Collect$$libinit$$00000030          0x08000216   Section        0  libinit2.o(.ARM.Collect$$libinit$$00000030)
    .ARM.Collect$$libinit$$00000032          0x08000216   Section        0  libinit2.o(.ARM.Collect$$libinit$$00000032)
    .ARM.Collect$$libinit$$00000033          0x08000216   Section        2  libinit2.o(.ARM.Collect$$libinit$$00000033)
    .ARM.Collect$$libshutdown$$00000000      0x08000218   Section        2  libshutdown.o(.ARM.Collect$$libshutdown$$00000000)
    .ARM.Collect$$libshutdown$$00000002      0x0800021a   Section        0  libshutdown2.o(.ARM.Collect$$libshutdown$$00000002)
    .ARM.Collect$$libshutdown$$00000004      0x0800021a   Section        0  libshutdown2.o(.ARM.Collect$$libshutdown$$00000004)
    .ARM.Collect$$libshutdown$$00000006      0x0800021a   Section        0  libshutdown2.o(.ARM.Collect$$libshutdown$$00000006)
    .ARM.Collect$$libshutdown$$00000009      0x0800021a   Section        0  libshutdown2.o(.ARM.Collect$$libshutdown$$00000009)
    .ARM.Collect$$libshutdown$$0000000C      0x0800021a   Section        0  libshutdown2.o(.ARM.Collect$$libshutdown$$0000000C)
    .ARM.Collect$$libshutdown$$0000000E      0x0800021a   Section        0  libshutdown2.o(.ARM.Collect$$libshutdown$$0000000E)
    .ARM.Collect$$libshutdown$$00000011      0x0800021a   Section        0  libshutdown2.o(.ARM.Collect$$libshutdown$$00000011)
    .ARM.Collect$$libshutdown$$00000012      0x0800021a   Section        2  libshutdown2.o(.ARM.Collect$$libshutdown$$00000012)
    .ARM.Collect$$rtentry$$00000000          0x0800021c   Section        0  __rtentry.o(.ARM.Collect$$rtentry$$00000000)
    .ARM.Collect$$rtentry$$00000002          0x0800021c   Section        0  __rtentry2.o(.ARM.Collect$$rtentry$$00000002)
    .ARM.Collect$$rtentry$$00000004          0x0800021c   Section        6  __rtentry4.o(.ARM.Collect$$rtentry$$00000004)
    .ARM.Collect$$rtentry$$00000009          0x08000222   Section        0  __rtentry2.o(.ARM.Collect$$rtentry$$00000009)
    .ARM.Collect$$rtentry$$0000000A          0x08000222   Section        4  __rtentry2.o(.ARM.Collect$$rtentry$$0000000A)
    .ARM.Collect$$rtentry$$0000000C          0x08000226   Section        0  __rtentry2.o(.ARM.Collect$$rtentry$$0000000C)
    .ARM.Collect$$rtentry$$0000000D          0x08000226   Section        8  __rtentry2.o(.ARM.Collect$$rtentry$$0000000D)
    .ARM.Collect$$rtexit$$00000000           0x0800022e   Section        2  rtexit.o(.ARM.Collect$$rtexit$$00000000)
    .ARM.Collect$$rtexit$$00000002           0x08000230   Section        0  rtexit2.o(.ARM.Collect$$rtexit$$00000002)
    .ARM.Collect$$rtexit$$00000003           0x08000230   Section        4  rtexit2.o(.ARM.Collect$$rtexit$$00000003)
    .ARM.Collect$$rtexit$$00000004           0x08000234   Section        6  rtexit2.o(.ARM.Collect$$rtexit$$00000004)
    .text                                    0x0800023c   Section       64  startup_stm32f411xe.o(.text)
    $v0                                      0x0800023c   Number         0  startup_stm32f411xe.o(.text)
    .text                                    0x0800027c   Section        2  use_no_semi_2.o(.text)
    .text                                    0x0800027e   Section      238  lludivv7m.o(.text)
    .text                                    0x0800036c   Section        0  noretval__2printf.o(.text)
    .text                                    0x08000384   Section        0  __printf.o(.text)
    .text                                    0x080003ec   Section       78  rt_memclr_w.o(.text)
    .text                                    0x0800043a   Section        0  heapauxi.o(.text)
    .text                                    0x08000440   Section        2  use_no_semi.o(.text)
    .text                                    0x08000444   Section        0  _printf_char_file.o(.text)
    .text                                    0x08000468   Section        0  _printf_char_common.o(.text)
    _printf_input_char                       0x08000469   Thumb Code    10  _printf_char_common.o(.text)
    .text                                    0x08000498   Section        0  ferror.o(.text)
    .text                                    0x080004a0   Section       74  sys_stackheap_outer.o(.text)
    .text                                    0x080004ea   Section        0  exit.o(.text)
    .text                                    0x080004fc   Section        8  libspace.o(.text)
    i.ADC_Init                               0x08000504   Section        0  stm32f4xx_hal_adc.o(i.ADC_Init)
    ADC_Init                                 0x08000505   Thumb Code   340  stm32f4xx_hal_adc.o(i.ADC_Init)
    i.BSP_IO_H                               0x08000660   Section        0  bsp_gpio.o(i.BSP_IO_H)
    i.BTN1_PRESS_DOWN_Handler                0x08000680   Section        0  bsp_key.o(i.BTN1_PRESS_DOWN_Handler)
    BTN1_PRESS_DOWN_Handler                  0x08000681   Thumb Code    20  bsp_key.o(i.BTN1_PRESS_DOWN_Handler)
    i.BTN2_PRESS_DOWN_Handler                0x080006a4   Section        0  bsp_key.o(i.BTN2_PRESS_DOWN_Handler)
    BTN2_PRESS_DOWN_Handler                  0x080006a5   Thumb Code    20  bsp_key.o(i.BTN2_PRESS_DOWN_Handler)
    i.BTN3_PRESS_DOWN_Handler                0x080006c8   Section        0  bsp_key.o(i.BTN3_PRESS_DOWN_Handler)
    BTN3_PRESS_DOWN_Handler                  0x080006c9   Thumb Code    20  bsp_key.o(i.BTN3_PRESS_DOWN_Handler)
    i.BTN4_PRESS_DOWN_Handler                0x080006ec   Section        0  bsp_key.o(i.BTN4_PRESS_DOWN_Handler)
    BTN4_PRESS_DOWN_Handler                  0x080006ed   Thumb Code    20  bsp_key.o(i.BTN4_PRESS_DOWN_Handler)
    i.BusFault_Handler                       0x08000710   Section        0  stm32f4xx_it.o(i.BusFault_Handler)
    i.DMA2_Stream0_IRQHandler                0x08000714   Section        0  bsp_spi.o(i.DMA2_Stream0_IRQHandler)
    i.DMA2_Stream2_IRQHandler                0x08000724   Section        0  bsp_spi.o(i.DMA2_Stream2_IRQHandler)
    i.DMA_CalcBaseAndBitshift                0x08000734   Section        0  stm32f4xx_hal_dma.o(i.DMA_CalcBaseAndBitshift)
    DMA_CalcBaseAndBitshift                  0x08000735   Thumb Code    46  stm32f4xx_hal_dma.o(i.DMA_CalcBaseAndBitshift)
    i.DMA_CheckFifoParam                     0x08000768   Section        0  stm32f4xx_hal_dma.o(i.DMA_CheckFifoParam)
    DMA_CheckFifoParam                       0x08000769   Thumb Code   170  stm32f4xx_hal_dma.o(i.DMA_CheckFifoParam)
    i.DMA_SetConfig                          0x08000812   Section        0  stm32f4xx_hal_dma.o(i.DMA_SetConfig)
    DMA_SetConfig                            0x08000813   Thumb Code    44  stm32f4xx_hal_dma.o(i.DMA_SetConfig)
    i.DebugMon_Handler                       0x0800083e   Section        0  stm32f4xx_it.o(i.DebugMon_Handler)
    i.Error_Handler                          0x08000840   Section        0  sys.o(i.Error_Handler)
    i.GPIO_R                                 0x08000848   Section        0  bsp_gpio.o(i.GPIO_R)
    i.HAL_ADC_ConfigChannel                  0x08000868   Section        0  stm32f4xx_hal_adc.o(i.HAL_ADC_ConfigChannel)
    i.HAL_ADC_Init                           0x080009fc   Section        0  stm32f4xx_hal_adc.o(i.HAL_ADC_Init)
    i.HAL_ADC_MspInit                        0x08000a64   Section        0  bsp_adc.o(i.HAL_ADC_MspInit)
    i.HAL_DMA_Abort_IT                       0x08000b4c   Section        0  stm32f4xx_hal_dma.o(i.HAL_DMA_Abort_IT)
    i.HAL_DMA_DeInit                         0x08000b74   Section        0  stm32f4xx_hal_dma.o(i.HAL_DMA_DeInit)
    i.HAL_DMA_IRQHandler                     0x08000bd8   Section        0  stm32f4xx_hal_dma.o(i.HAL_DMA_IRQHandler)
    i.HAL_DMA_Init                           0x08000e18   Section        0  stm32f4xx_hal_dma.o(i.HAL_DMA_Init)
    i.HAL_DMA_Start_IT                       0x08000f04   Section        0  stm32f4xx_hal_dma.o(i.HAL_DMA_Start_IT)
    i.HAL_DeInit                             0x08000fa4   Section        0  stm32f4xx_hal.o(i.HAL_DeInit)
    i.HAL_GPIO_Init                          0x08000fe8   Section        0  stm32f4xx_hal_gpio.o(i.HAL_GPIO_Init)
    i.HAL_GPIO_ReadPin                       0x080011bc   Section        0  stm32f4xx_hal_gpio.o(i.HAL_GPIO_ReadPin)
    i.HAL_GPIO_WritePin                      0x080011cc   Section        0  stm32f4xx_hal_gpio.o(i.HAL_GPIO_WritePin)
    i.HAL_GetTick                            0x080011d8   Section        0  stm32f4xx_hal.o(i.HAL_GetTick)
    i.HAL_IWDG_Init                          0x080011e4   Section        0  stm32f4xx_hal_iwdg.o(i.HAL_IWDG_Init)
    i.HAL_IWDG_Refresh                       0x08001234   Section        0  stm32f4xx_hal_iwdg.o(i.HAL_IWDG_Refresh)
    i.HAL_IWDG_Start                         0x08001242   Section        0  bsp_iwdg.o(i.HAL_IWDG_Start)
    i.HAL_IncTick                            0x08001258   Section        0  stm32f4xx_hal.o(i.HAL_IncTick)
    i.HAL_Init                               0x08001270   Section        0  stm32f4xx_hal.o(i.HAL_Init)
    i.HAL_InitTick                           0x080012ac   Section        0  stm32f4xx_hal.o(i.HAL_InitTick)
    i.HAL_MspDeInit                          0x080012f8   Section        0  stm32f4xx_hal_msp.o(i.HAL_MspDeInit)
    i.HAL_MspInit                            0x080012fa   Section        0  stm32f4xx_hal_msp.o(i.HAL_MspInit)
    i.HAL_NVIC_EnableIRQ                     0x080012fc   Section        0  stm32f4xx_hal_cortex.o(i.HAL_NVIC_EnableIRQ)
    i.HAL_NVIC_SetPriority                   0x08001316   Section        0  stm32f4xx_hal_cortex.o(i.HAL_NVIC_SetPriority)
    i.HAL_NVIC_SetPriorityGrouping           0x08001394   Section        0  stm32f4xx_hal_cortex.o(i.HAL_NVIC_SetPriorityGrouping)
    i.HAL_RCC_ClockConfig                    0x080013bc   Section        0  stm32f4xx_hal_rcc.o(i.HAL_RCC_ClockConfig)
    i.HAL_RCC_GetHCLKFreq                    0x0800153c   Section        0  stm32f4xx_hal_rcc.o(i.HAL_RCC_GetHCLKFreq)
    i.HAL_RCC_GetPCLK1Freq                   0x08001548   Section        0  stm32f4xx_hal_rcc.o(i.HAL_RCC_GetPCLK1Freq)
    i.HAL_RCC_GetPCLK2Freq                   0x08001568   Section        0  stm32f4xx_hal_rcc.o(i.HAL_RCC_GetPCLK2Freq)
    i.HAL_RCC_GetSysClockFreq                0x08001588   Section        0  stm32f4xx_hal_rcc.o(i.HAL_RCC_GetSysClockFreq)
    i.HAL_RCC_OscConfig                      0x08001638   Section        0  stm32f4xx_hal_rcc.o(i.HAL_RCC_OscConfig)
    i.HAL_SPI_DeInit                         0x08001a80   Section        0  stm32f4xx_hal_spi.o(i.HAL_SPI_DeInit)
    i.HAL_SPI_ErrorCallback                  0x08001ab8   Section        0  bsp_spi.o(i.HAL_SPI_ErrorCallback)
    i.HAL_SPI_IRQHandler                     0x08001ac4   Section        0  stm32f4xx_hal_spi.o(i.HAL_SPI_IRQHandler)
    i.HAL_SPI_Init                           0x08001bfc   Section        0  stm32f4xx_hal_spi.o(i.HAL_SPI_Init)
    i.HAL_SPI_MspDeInit                      0x08001c9c   Section        0  stm32f4xx_hal_spi.o(i.HAL_SPI_MspDeInit)
    i.HAL_SPI_MspInit                        0x08001ca0   Section        0  bsp_spi.o(i.HAL_SPI_MspInit)
    i.HAL_SPI_RxCpltCallback                 0x08001ea8   Section        0  stm32f4xx_hal_spi.o(i.HAL_SPI_RxCpltCallback)
    i.HAL_SPI_RxHalfCpltCallback             0x08001eaa   Section        0  stm32f4xx_hal_spi.o(i.HAL_SPI_RxHalfCpltCallback)
    i.HAL_SPI_TransmitReceive_DMA            0x08001eac   Section        0  stm32f4xx_hal_spi.o(i.HAL_SPI_TransmitReceive_DMA)
    i.HAL_SPI_TxRxCpltCallback               0x08002014   Section        0  bsp_spi.o(i.HAL_SPI_TxRxCpltCallback)
    i.HAL_SPI_TxRxHalfCpltCallback           0x08002020   Section        0  stm32f4xx_hal_spi.o(i.HAL_SPI_TxRxHalfCpltCallback)
    i.HAL_SYSTICK_Config                     0x08002022   Section        0  stm32f4xx_hal_cortex.o(i.HAL_SYSTICK_Config)
    i.HAL_TIM_Base_Init                      0x08002056   Section        0  stm32f4xx_hal_tim.o(i.HAL_TIM_Base_Init)
    i.HAL_TIM_Base_MspInit                   0x0800208a   Section        0  stm32f4xx_hal_tim.o(i.HAL_TIM_Base_MspInit)
    i.HAL_TIM_Base_Start                     0x0800208c   Section        0  stm32f4xx_hal_tim.o(i.HAL_TIM_Base_Start)
    i.HAL_UART_ErrorCallback                 0x080020aa   Section        0  stm32f4xx_hal_uart.o(i.HAL_UART_ErrorCallback)
    i.HAL_UART_GetState                      0x080020ac   Section        0  stm32f4xx_hal_uart.o(i.HAL_UART_GetState)
    i.HAL_UART_IRQHandler                    0x080020c0   Section        0  stm32f4xx_hal_uart.o(i.HAL_UART_IRQHandler)
    i.HAL_UART_Init                          0x0800220c   Section        0  stm32f4xx_hal_uart.o(i.HAL_UART_Init)
    i.HAL_UART_MspInit                       0x08002280   Section        0  usart.o(i.HAL_UART_MspInit)
    i.HAL_UART_Receive_IT                    0x08002430   Section        0  stm32f4xx_hal_uart.o(i.HAL_UART_Receive_IT)
    i.HAL_UART_RxCpltCallback                0x08002494   Section        0  usart.o(i.HAL_UART_RxCpltCallback)
    i.HAL_UART_TxCpltCallback                0x08002648   Section        0  stm32f4xx_hal_uart.o(i.HAL_UART_TxCpltCallback)
    i.HardFault_Handler                      0x0800264a   Section        0  stm32f4xx_it.o(i.HardFault_Handler)
    i.MemManage_Handler                      0x0800264e   Section        0  stm32f4xx_it.o(i.MemManage_Handler)
    i.NMI_Handler                            0x08002652   Section        0  stm32f4xx_it.o(i.NMI_Handler)
    i.NVIC_GetPriorityGrouping               0x08002654   Section        0  stm32f4xx_hal_cortex.o(i.NVIC_GetPriorityGrouping)
    NVIC_GetPriorityGrouping                 0x08002655   Thumb Code    10  stm32f4xx_hal_cortex.o(i.NVIC_GetPriorityGrouping)
    i.NVIC_SetPriority                       0x08002664   Section        0  stm32f4xx_hal_cortex.o(i.NVIC_SetPriority)
    NVIC_SetPriority                         0x08002665   Thumb Code    32  stm32f4xx_hal_cortex.o(i.NVIC_SetPriority)
    i.PendSV_Handler                         0x0800268c   Section        0  stm32f4xx_it.o(i.PendSV_Handler)
    i.Read_Button1_GPIO                      0x0800268e   Section        0  bsp_key.o(i.Read_Button1_GPIO)
    Read_Button1_GPIO                        0x0800268f   Thumb Code    18  bsp_key.o(i.Read_Button1_GPIO)
    i.Read_Button2_GPIO                      0x080026a0   Section        0  bsp_key.o(i.Read_Button2_GPIO)
    Read_Button2_GPIO                        0x080026a1   Thumb Code    18  bsp_key.o(i.Read_Button2_GPIO)
    i.Read_Button3_GPIO                      0x080026b2   Section        0  bsp_key.o(i.Read_Button3_GPIO)
    Read_Button3_GPIO                        0x080026b3   Thumb Code    18  bsp_key.o(i.Read_Button3_GPIO)
    i.Read_Button4_GPIO                      0x080026c4   Section        0  bsp_key.o(i.Read_Button4_GPIO)
    Read_Button4_GPIO                        0x080026c5   Thumb Code    18  bsp_key.o(i.Read_Button4_GPIO)
    i.SPI1_IRQHandler                        0x080026d8   Section        0  bsp_spi.o(i.SPI1_IRQHandler)
    i.SPI_CheckFlag_BSY                      0x080026e8   Section        0  stm32f4xx_hal_spi.o(i.SPI_CheckFlag_BSY)
    SPI_CheckFlag_BSY                        0x080026e9   Thumb Code    40  stm32f4xx_hal_spi.o(i.SPI_CheckFlag_BSY)
    i.SPI_DMAAbortOnError                    0x08002710   Section        0  stm32f4xx_hal_spi.o(i.SPI_DMAAbortOnError)
    SPI_DMAAbortOnError                      0x08002711   Thumb Code    20  stm32f4xx_hal_spi.o(i.SPI_DMAAbortOnError)
    i.SPI_DMAError                           0x08002724   Section        0  stm32f4xx_hal_spi.o(i.SPI_DMAError)
    SPI_DMAError                             0x08002725   Thumb Code    40  stm32f4xx_hal_spi.o(i.SPI_DMAError)
    i.SPI_DMAHalfReceiveCplt                 0x0800274c   Section        0  stm32f4xx_hal_spi.o(i.SPI_DMAHalfReceiveCplt)
    SPI_DMAHalfReceiveCplt                   0x0800274d   Thumb Code    14  stm32f4xx_hal_spi.o(i.SPI_DMAHalfReceiveCplt)
    i.SPI_DMAHalfTransmitReceiveCplt         0x0800275a   Section        0  stm32f4xx_hal_spi.o(i.SPI_DMAHalfTransmitReceiveCplt)
    SPI_DMAHalfTransmitReceiveCplt           0x0800275b   Thumb Code    14  stm32f4xx_hal_spi.o(i.SPI_DMAHalfTransmitReceiveCplt)
    i.SPI_DMAReceiveCplt                     0x08002768   Section        0  stm32f4xx_hal_spi.o(i.SPI_DMAReceiveCplt)
    SPI_DMAReceiveCplt                       0x08002769   Thumb Code   182  stm32f4xx_hal_spi.o(i.SPI_DMAReceiveCplt)
    i.SPI_DMATransmitReceiveCplt             0x0800281e   Section        0  stm32f4xx_hal_spi.o(i.SPI_DMATransmitReceiveCplt)
    SPI_DMATransmitReceiveCplt               0x0800281f   Thumb Code   168  stm32f4xx_hal_spi.o(i.SPI_DMATransmitReceiveCplt)
    i.SPI_WaitFlagStateUntilTimeout          0x080028c6   Section        0  stm32f4xx_hal_spi.o(i.SPI_WaitFlagStateUntilTimeout)
    SPI_WaitFlagStateUntilTimeout            0x080028c7   Thumb Code   170  stm32f4xx_hal_spi.o(i.SPI_WaitFlagStateUntilTimeout)
    i.SVC_Handler                            0x08002970   Section        0  stm32f4xx_it.o(i.SVC_Handler)
    i.SysTick_Handler                        0x08002974   Section        0  bsp_timer.o(i.SysTick_Handler)
    i.SysTick_ISR                            0x08002990   Section        0  bsp_timer.o(i.SysTick_ISR)
    i.SystemClock_Config                     0x08002a14   Section        0  sys.o(i.SystemClock_Config)
    i.SystemInit                             0x08002ae4   Section        0  system_stm32f4xx.o(i.SystemInit)
    i.TIM2_IRQHandler                        0x08002b48   Section        0  bsp_timer.o(i.TIM2_IRQHandler)
    i.TIM_Base_SetConfig                     0x08002bfc   Section        0  stm32f4xx_hal_tim.o(i.TIM_Base_SetConfig)
    i.UART_DMAAbortOnError                   0x08002cac   Section        0  stm32f4xx_hal_uart.o(i.UART_DMAAbortOnError)
    UART_DMAAbortOnError                     0x08002cad   Thumb Code    20  stm32f4xx_hal_uart.o(i.UART_DMAAbortOnError)
    i.UART_EndRxTransfer                     0x08002cc0   Section        0  stm32f4xx_hal_uart.o(i.UART_EndRxTransfer)
    UART_EndRxTransfer                       0x08002cc1   Thumb Code    32  stm32f4xx_hal_uart.o(i.UART_EndRxTransfer)
    i.UART_EndTransmit_IT                    0x08002ce0   Section        0  stm32f4xx_hal_uart.o(i.UART_EndTransmit_IT)
    UART_EndTransmit_IT                      0x08002ce1   Thumb Code    32  stm32f4xx_hal_uart.o(i.UART_EndTransmit_IT)
    i.UART_Receive_IT                        0x08002d00   Section        0  stm32f4xx_hal_uart.o(i.UART_Receive_IT)
    UART_Receive_IT                          0x08002d01   Thumb Code   154  stm32f4xx_hal_uart.o(i.UART_Receive_IT)
    i.UART_SetConfig                         0x08002d9c   Section        0  stm32f4xx_hal_uart.o(i.UART_SetConfig)
    UART_SetConfig                           0x08002d9d   Thumb Code   864  stm32f4xx_hal_uart.o(i.UART_SetConfig)
    i.UART_Transmit_IT                       0x08003104   Section        0  stm32f4xx_hal_uart.o(i.UART_Transmit_IT)
    UART_Transmit_IT                         0x08003105   Thumb Code   104  stm32f4xx_hal_uart.o(i.UART_Transmit_IT)
    i.USART1_IRQHandler                      0x0800316c   Section        0  usart.o(i.USART1_IRQHandler)
    i.USART2_IRQHandler                      0x080031ac   Section        0  usart.o(i.USART2_IRQHandler)
    i.USART6_IRQHandler                      0x080031ec   Section        0  usart.o(i.USART6_IRQHandler)
    i.UsageFault_Handler                     0x0800322c   Section        0  stm32f4xx_it.o(i.UsageFault_Handler)
    i.__set_PRIMASK                          0x08003230   Section        0  bsp_timer.o(i.__set_PRIMASK)
    __set_PRIMASK                            0x08003231   Thumb Code     6  bsp_timer.o(i.__set_PRIMASK)
    i._sys_exit                              0x08003236   Section        0  usart.o(i._sys_exit)
    i.bsp_AdcInit                            0x0800323c   Section        0  bsp_adc.o(i.bsp_AdcInit)
    i.bsp_DelayMS                            0x080033c4   Section        0  bsp_timer.o(i.bsp_DelayMS)
    i.bsp_GPIO_Init                          0x08003408   Section        0  bsp_gpio.o(i.bsp_GPIO_Init)
    i.bsp_Idle                               0x0800351c   Section        0  bsp_timer.o(i.bsp_Idle)
    i.bsp_InitHardTimer                      0x08003524   Section        0  bsp_timer.o(i.bsp_InitHardTimer)
    i.bsp_InitSPIBus                         0x080035ec   Section        0  bsp_spi.o(i.bsp_InitSPIBus)
    i.bsp_InitSPIParam                       0x08003604   Section        0  bsp_spi.o(i.bsp_InitSPIParam)
    i.bsp_InitTimer                          0x080036b8   Section        0  bsp_timer.o(i.bsp_InitTimer)
    i.bsp_IwdgFeed                           0x08003760   Section        0  bsp_iwdg.o(i.bsp_IwdgFeed)
    i.bsp_IwdgInit                           0x08003770   Section        0  bsp_iwdg.o(i.bsp_IwdgInit)
    i.bsp_KeyInit                            0x08003798   Section        0  bsp_key.o(i.bsp_KeyInit)
    i.bsp_RunPer10ms                         0x08003800   Section        0  bsp_timer.o(i.bsp_RunPer10ms)
    i.bsp_RunPer1ms                          0x08003808   Section        0  bsp_timer.o(i.bsp_RunPer1ms)
    i.bsp_SoftTimerDec                       0x0800380a   Section        0  bsp_timer.o(i.bsp_SoftTimerDec)
    bsp_SoftTimerDec                         0x0800380b   Thumb Code    28  bsp_timer.o(i.bsp_SoftTimerDec)
    i.bsp_spiTransfer                        0x08003828   Section        0  bsp_spi.o(i.bsp_spiTransfer)
    i.button_attach                          0x0800389c   Section        0  bsp_button.o(i.button_attach)
    i.button_handler                         0x080038ce   Section        0  bsp_button.o(i.button_handler)
    i.button_init                            0x08003b04   Section        0  bsp_button.o(i.button_init)
    i.button_start                           0x08003b10   Section        0  bsp_button.o(i.button_start)
    i.button_ticks                           0x08003b3c   Section        0  bsp_button.o(i.button_ticks)
    i.fputc                                  0x08003b58   Section        0  usart.o(i.fputc)
    i.main                                   0x08003b74   Section        0  main.o(i.main)
    i.uart_init                              0x08003bf0   Section        0  usart.o(i.uart_init)
    x$fpl$fpinit                             0x08003ca0   Section       10  fpinit.o(x$fpl$fpinit)
    $v0                                      0x08003ca0   Number         0  fpinit.o(x$fpl$fpinit)
    .constdata                               0x08003caa   Section       24  system_stm32f4xx.o(.constdata)
    .constdata                               0x08003cc2   Section       16  bsp_gpio.o(.constdata)
    GPIO_PIN                                 0x08003cc2   Data          16  bsp_gpio.o(.constdata)
    .constdata                               0x08003cd2   Section        8  stm32f4xx_hal_dma.o(.constdata)
    flagBitshiftOffset                       0x08003cd2   Data           8  stm32f4xx_hal_dma.o(.constdata)
    .data                                    0x20000000   Section        4  system_stm32f4xx.o(.data)
    .data                                    0x20000004   Section       24  bsp_spi.o(.data)
    s_BaudRatePrescaler                      0x20000004   Data           4  bsp_spi.o(.data)
    s_CLKPhase                               0x20000008   Data           4  bsp_spi.o(.data)
    s_CLKPolarity                            0x2000000c   Data           4  bsp_spi.o(.data)
    .data                                    0x2000001c   Section       30  bsp_timer.o(.data)
    s_TIM_CallBack1                          0x2000001c   Data           4  bsp_timer.o(.data)
    s_TIM_CallBack2                          0x20000020   Data           4  bsp_timer.o(.data)
    s_TIM_CallBack3                          0x20000024   Data           4  bsp_timer.o(.data)
    s_TIM_CallBack4                          0x20000028   Data           4  bsp_timer.o(.data)
    s_uiDelayCount                           0x2000002c   Data           4  bsp_timer.o(.data)
    s_ucTimeOutFlag                          0x20000030   Data           1  bsp_timer.o(.data)
    g_ucEnableSystickISR                     0x20000038   Data           1  bsp_timer.o(.data)
    s_count                                  0x20000039   Data           1  bsp_timer.o(.data)
    .data                                    0x2000003c   Section       32  bsp_gpio.o(.data)
    GPIO_PORT                                0x2000003c   Data          32  bsp_gpio.o(.data)
    .data                                    0x2000005c   Section        4  bsp_button.o(.data)
    head_handle                              0x2000005c   Data           4  bsp_button.o(.data)
    .data                                    0x20000060   Section       13  usart.o(.data)
    .data                                    0x20000070   Section        9  stm32f4xx_hal.o(.data)
    .bss                                     0x2000007c   Section       72  bsp_adc.o(.bss)
    .bss                                     0x200000c4   Section     8472  bsp_spi.o(.bss)
    hspi                                     0x200000c4   Data          88  bsp_spi.o(.bss)
    hdma_tx                                  0x2000011c   Data          96  bsp_spi.o(.bss)
    hdma_rx                                  0x2000017c   Data          96  bsp_spi.o(.bss)
    .bss                                     0x200021dc   Section       48  bsp_timer.o(.bss)
    s_tTmr                                   0x200021dc   Data          48  bsp_timer.o(.bss)
    .bss                                     0x2000220c   Section       80  bsp_key.o(.bss)
    btn1                                     0x2000220c   Data          20  bsp_key.o(.bss)
    btn2                                     0x20002220   Data          20  bsp_key.o(.bss)
    btn3                                     0x20002234   Data          20  bsp_key.o(.bss)
    btn4                                     0x20002248   Data          20  bsp_key.o(.bss)
    .bss                                     0x2000225c   Section       12  bsp_iwdg.o(.bss)
    .bss                                     0x20002268   Section    12480  usart.o(.bss)
    .bss                                     0x20005328   Section       96  libspace.o(.bss)
    HEAP                                     0x20005388   Section      512  startup_stm32f411xe.o(HEAP)
    Heap_Mem                                 0x20005388   Data         512  startup_stm32f411xe.o(HEAP)
    STACK                                    0x20005588   Section     1024  startup_stm32f411xe.o(STACK)
    Stack_Mem                                0x20005588   Data        1024  startup_stm32f411xe.o(STACK)
    __initial_sp                             0x20005988   Data           0  startup_stm32f411xe.o(STACK)

    Global Symbols

    Symbol Name                              Value     Ov Type        Size  Object(Section)

    BuildAttributes$$THM_ISAv4$E$P$D$K$B$S$7EM$VFPi3$EXTD16$VFPS$VFMA$PE$A:L22UL41UL21$X:L11$S22US41US21$IEEE1$IW$USESV6$~STKCKD$USESV7$~SHL$OSPACE$ROPI$EBA8$UX$STANDARDLIB$REQ8$PRES8$EABIv2 0x00000000   Number         0  anon$$obj.o ABSOLUTE
    __ARM_use_no_argv                        0x00000000   Number         0  main.o ABSOLUTE
    __ARM_exceptions_init                     - Undefined Weak Reference
    __alloca_initialize                       - Undefined Weak Reference
    __arm_fini_                               - Undefined Weak Reference
    __arm_preinit_                            - Undefined Weak Reference
    __cpp_initialize__aeabi_                  - Undefined Weak Reference
    __cxa_finalize                            - Undefined Weak Reference
    __rt_locale                               - Undefined Weak Reference
    __sigvec_lookup                           - Undefined Weak Reference
    _atexit_init                              - Undefined Weak Reference
    _call_atexit_fns                          - Undefined Weak Reference
    _clock_init                               - Undefined Weak Reference
    _fp_trap_init                             - Undefined Weak Reference
    _fp_trap_shutdown                         - Undefined Weak Reference
    _get_lc_collate                           - Undefined Weak Reference
    _get_lc_ctype                             - Undefined Weak Reference
    _get_lc_monetary                          - Undefined Weak Reference
    _get_lc_numeric                           - Undefined Weak Reference
    _get_lc_time                              - Undefined Weak Reference
    _getenv_init                              - Undefined Weak Reference
    _handle_redirection                       - Undefined Weak Reference
    _init_alloc                               - Undefined Weak Reference
    _init_user_alloc                          - Undefined Weak Reference
    _initio                                   - Undefined Weak Reference
    _mutex_acquire                            - Undefined Weak Reference
    _mutex_release                            - Undefined Weak Reference
    _printf_mbtowc                            - Undefined Weak Reference
    _printf_post_padding                      - Undefined Weak Reference
    _printf_pre_padding                       - Undefined Weak Reference
    _rand_init                                - Undefined Weak Reference
    _signal_finish                            - Undefined Weak Reference
    _signal_init                              - Undefined Weak Reference
    _terminate_alloc                          - Undefined Weak Reference
    _terminate_user_alloc                     - Undefined Weak Reference
    _terminateio                              - Undefined Weak Reference
    __Vectors_Size                           0x00000198   Number         0  startup_stm32f411xe.o ABSOLUTE
    __Vectors                                0x08000000   Data           4  startup_stm32f411xe.o(RESET)
    __Vectors_End                            0x08000198   Data           0  startup_stm32f411xe.o(RESET)
    __main                                   0x08000199   Thumb Code     8  __main.o(!!!main)
    __scatterload                            0x080001a1   Thumb Code     0  __scatter.o(!!!scatter)
    __scatterload_rt2                        0x080001a1   Thumb Code    44  __scatter.o(!!!scatter)
    __scatterload_rt2_thumb_only             0x080001a1   Thumb Code     0  __scatter.o(!!!scatter)
    __scatterload_null                       0x080001af   Thumb Code     0  __scatter.o(!!!scatter)
    __scatterload_copy                       0x080001d5   Thumb Code    26  __scatter_copy.o(!!handler_copy)
    __scatterload_zeroinit                   0x080001f1   Thumb Code    28  __scatter_zi.o(!!handler_zi)
    _printf_percent                          0x0800020d   Thumb Code     0  _printf_percent.o(.ARM.Collect$$_printf_percent$$00000000)
    _printf_percent_end                      0x0800020d   Thumb Code     0  _printf_percent_end.o(.ARM.Collect$$_printf_percent$$00000017)
    __rt_lib_init                            0x08000211   Thumb Code     0  libinit.o(.ARM.Collect$$libinit$$00000000)
    __rt_lib_init_fp_1                       0x08000213   Thumb Code     0  libinit2.o(.ARM.Collect$$libinit$$00000001)
    __rt_lib_init_alloca_1                   0x08000217   Thumb Code     0  libinit2.o(.ARM.Collect$$libinit$$0000002E)
    __rt_lib_init_argv_1                     0x08000217   Thumb Code     0  libinit2.o(.ARM.Collect$$libinit$$0000002C)
    __rt_lib_init_atexit_1                   0x08000217   Thumb Code     0  libinit2.o(.ARM.Collect$$libinit$$0000001B)
    __rt_lib_init_clock_1                    0x08000217   Thumb Code     0  libinit2.o(.ARM.Collect$$libinit$$00000021)
    __rt_lib_init_cpp_1                      0x08000217   Thumb Code     0  libinit2.o(.ARM.Collect$$libinit$$00000032)
    __rt_lib_init_exceptions_1               0x08000217   Thumb Code     0  libinit2.o(.ARM.Collect$$libinit$$00000030)
    __rt_lib_init_fp_trap_1                  0x08000217   Thumb Code     0  libinit2.o(.ARM.Collect$$libinit$$0000001F)
    __rt_lib_init_getenv_1                   0x08000217   Thumb Code     0  libinit2.o(.ARM.Collect$$libinit$$00000023)
    __rt_lib_init_heap_1                     0x08000217   Thumb Code     0  libinit2.o(.ARM.Collect$$libinit$$0000000A)
    __rt_lib_init_lc_collate_1               0x08000217   Thumb Code     0  libinit2.o(.ARM.Collect$$libinit$$00000011)
    __rt_lib_init_lc_ctype_1                 0x08000217   Thumb Code     0  libinit2.o(.ARM.Collect$$libinit$$00000013)
    __rt_lib_init_lc_monetary_1              0x08000217   Thumb Code     0  libinit2.o(.ARM.Collect$$libinit$$00000015)
    __rt_lib_init_lc_numeric_1               0x08000217   Thumb Code     0  libinit2.o(.ARM.Collect$$libinit$$00000017)
    __rt_lib_init_lc_time_1                  0x08000217   Thumb Code     0  libinit2.o(.ARM.Collect$$libinit$$00000019)
    __rt_lib_init_preinit_1                  0x08000217   Thumb Code     0  libinit2.o(.ARM.Collect$$libinit$$00000004)
    __rt_lib_init_rand_1                     0x08000217   Thumb Code     0  libinit2.o(.ARM.Collect$$libinit$$0000000E)
    __rt_lib_init_return                     0x08000217   Thumb Code     0  libinit2.o(.ARM.Collect$$libinit$$00000033)
    __rt_lib_init_signal_1                   0x08000217   Thumb Code     0  libinit2.o(.ARM.Collect$$libinit$$0000001D)
    __rt_lib_init_stdio_1                    0x08000217   Thumb Code     0  libinit2.o(.ARM.Collect$$libinit$$00000025)
    __rt_lib_init_user_alloc_1               0x08000217   Thumb Code     0  libinit2.o(.ARM.Collect$$libinit$$0000000C)
    __rt_lib_shutdown                        0x08000219   Thumb Code     0  libshutdown.o(.ARM.Collect$$libshutdown$$00000000)
    __rt_lib_shutdown_cpp_1                  0x0800021b   Thumb Code     0  libshutdown2.o(.ARM.Collect$$libshutdown$$00000004)
    __rt_lib_shutdown_fini_1                 0x0800021b   Thumb Code     0  libshutdown2.o(.ARM.Collect$$libshutdown$$00000002)
    __rt_lib_shutdown_fp_trap_1              0x0800021b   Thumb Code     0  libshutdown2.o(.ARM.Collect$$libshutdown$$00000009)
    __rt_lib_shutdown_heap_1                 0x0800021b   Thumb Code     0  libshutdown2.o(.ARM.Collect$$libshutdown$$00000011)
    __rt_lib_shutdown_return                 0x0800021b   Thumb Code     0  libshutdown2.o(.ARM.Collect$$libshutdown$$00000012)
    __rt_lib_shutdown_signal_1               0x0800021b   Thumb Code     0  libshutdown2.o(.ARM.Collect$$libshutdown$$0000000C)
    __rt_lib_shutdown_stdio_1                0x0800021b   Thumb Code     0  libshutdown2.o(.ARM.Collect$$libshutdown$$00000006)
    __rt_lib_shutdown_user_alloc_1           0x0800021b   Thumb Code     0  libshutdown2.o(.ARM.Collect$$libshutdown$$0000000E)
    __rt_entry                               0x0800021d   Thumb Code     0  __rtentry.o(.ARM.Collect$$rtentry$$00000000)
    __rt_entry_presh_1                       0x0800021d   Thumb Code     0  __rtentry2.o(.ARM.Collect$$rtentry$$00000002)
    __rt_entry_sh                            0x0800021d   Thumb Code     0  __rtentry4.o(.ARM.Collect$$rtentry$$00000004)
    __rt_entry_li                            0x08000223   Thumb Code     0  __rtentry2.o(.ARM.Collect$$rtentry$$0000000A)
    __rt_entry_postsh_1                      0x08000223   Thumb Code     0  __rtentry2.o(.ARM.Collect$$rtentry$$00000009)
    __rt_entry_main                          0x08000227   Thumb Code     0  __rtentry2.o(.ARM.Collect$$rtentry$$0000000D)
    __rt_entry_postli_1                      0x08000227   Thumb Code     0  __rtentry2.o(.ARM.Collect$$rtentry$$0000000C)
    __rt_exit                                0x0800022f   Thumb Code     0  rtexit.o(.ARM.Collect$$rtexit$$00000000)
    __rt_exit_ls                             0x08000231   Thumb Code     0  rtexit2.o(.ARM.Collect$$rtexit$$00000003)
    __rt_exit_prels_1                        0x08000231   Thumb Code     0  rtexit2.o(.ARM.Collect$$rtexit$$00000002)
    __rt_exit_exit                           0x08000235   Thumb Code     0  rtexit2.o(.ARM.Collect$$rtexit$$00000004)
    Reset_Handler                            0x0800023d   Thumb Code     8  startup_stm32f411xe.o(.text)
    ADC_IRQHandler                           0x08000257   Thumb Code     0  startup_stm32f411xe.o(.text)
    DMA1_Stream0_IRQHandler                  0x08000257   Thumb Code     0  startup_stm32f411xe.o(.text)
    DMA1_Stream1_IRQHandler                  0x08000257   Thumb Code     0  startup_stm32f411xe.o(.text)
    DMA1_Stream2_IRQHandler                  0x08000257   Thumb Code     0  startup_stm32f411xe.o(.text)
    DMA1_Stream3_IRQHandler                  0x08000257   Thumb Code     0  startup_stm32f411xe.o(.text)
    DMA1_Stream4_IRQHandler                  0x08000257   Thumb Code     0  startup_stm32f411xe.o(.text)
    DMA1_Stream5_IRQHandler                  0x08000257   Thumb Code     0  startup_stm32f411xe.o(.text)
    DMA1_Stream6_IRQHandler                  0x08000257   Thumb Code     0  startup_stm32f411xe.o(.text)
    DMA1_Stream7_IRQHandler                  0x08000257   Thumb Code     0  startup_stm32f411xe.o(.text)
    DMA2_Stream1_IRQHandler                  0x08000257   Thumb Code     0  startup_stm32f411xe.o(.text)
    DMA2_Stream3_IRQHandler                  0x08000257   Thumb Code     0  startup_stm32f411xe.o(.text)
    DMA2_Stream4_IRQHandler                  0x08000257   Thumb Code     0  startup_stm32f411xe.o(.text)
    DMA2_Stream5_IRQHandler                  0x08000257   Thumb Code     0  startup_stm32f411xe.o(.text)
    DMA2_Stream6_IRQHandler                  0x08000257   Thumb Code     0  startup_stm32f411xe.o(.text)
    DMA2_Stream7_IRQHandler                  0x08000257   Thumb Code     0  startup_stm32f411xe.o(.text)
    EXTI0_IRQHandler                         0x08000257   Thumb Code     0  startup_stm32f411xe.o(.text)
    EXTI15_10_IRQHandler                     0x08000257   Thumb Code     0  startup_stm32f411xe.o(.text)
    EXTI1_IRQHandler                         0x08000257   Thumb Code     0  startup_stm32f411xe.o(.text)
    EXTI2_IRQHandler                         0x08000257   Thumb Code     0  startup_stm32f411xe.o(.text)
    EXTI3_IRQHandler                         0x08000257   Thumb Code     0  startup_stm32f411xe.o(.text)
    EXTI4_IRQHandler                         0x08000257   Thumb Code     0  startup_stm32f411xe.o(.text)
    EXTI9_5_IRQHandler                       0x08000257   Thumb Code     0  startup_stm32f411xe.o(.text)
    FLASH_IRQHandler                         0x08000257   Thumb Code     0  startup_stm32f411xe.o(.text)
    FPU_IRQHandler                           0x08000257   Thumb Code     0  startup_stm32f411xe.o(.text)
    I2C1_ER_IRQHandler                       0x08000257   Thumb Code     0  startup_stm32f411xe.o(.text)
    I2C1_EV_IRQHandler                       0x08000257   Thumb Code     0  startup_stm32f411xe.o(.text)
    I2C2_ER_IRQHandler                       0x08000257   Thumb Code     0  startup_stm32f411xe.o(.text)
    I2C2_EV_IRQHandler                       0x08000257   Thumb Code     0  startup_stm32f411xe.o(.text)
    I2C3_ER_IRQHandler                       0x08000257   Thumb Code     0  startup_stm32f411xe.o(.text)
    I2C3_EV_IRQHandler                       0x08000257   Thumb Code     0  startup_stm32f411xe.o(.text)
    OTG_FS_IRQHandler                        0x08000257   Thumb Code     0  startup_stm32f411xe.o(.text)
    OTG_FS_WKUP_IRQHandler                   0x08000257   Thumb Code     0  startup_stm32f411xe.o(.text)
    PVD_IRQHandler                           0x08000257   Thumb Code     0  startup_stm32f411xe.o(.text)
    RCC_IRQHandler                           0x08000257   Thumb Code     0  startup_stm32f411xe.o(.text)
    RTC_Alarm_IRQHandler                     0x08000257   Thumb Code     0  startup_stm32f411xe.o(.text)
    RTC_WKUP_IRQHandler                      0x08000257   Thumb Code     0  startup_stm32f411xe.o(.text)
    SDIO_IRQHandler                          0x08000257   Thumb Code     0  startup_stm32f411xe.o(.text)
    SPI2_IRQHandler                          0x08000257   Thumb Code     0  startup_stm32f411xe.o(.text)
    SPI3_IRQHandler                          0x08000257   Thumb Code     0  startup_stm32f411xe.o(.text)
    SPI4_IRQHandler                          0x08000257   Thumb Code     0  startup_stm32f411xe.o(.text)
    SPI5_IRQHandler                          0x08000257   Thumb Code     0  startup_stm32f411xe.o(.text)
    TAMP_STAMP_IRQHandler                    0x08000257   Thumb Code     0  startup_stm32f411xe.o(.text)
    TIM1_BRK_TIM9_IRQHandler                 0x08000257   Thumb Code     0  startup_stm32f411xe.o(.text)
    TIM1_CC_IRQHandler                       0x08000257   Thumb Code     0  startup_stm32f411xe.o(.text)
    TIM1_TRG_COM_TIM11_IRQHandler            0x08000257   Thumb Code     0  startup_stm32f411xe.o(.text)
    TIM1_UP_TIM10_IRQHandler                 0x08000257   Thumb Code     0  startup_stm32f411xe.o(.text)
    TIM3_IRQHandler                          0x08000257   Thumb Code     0  startup_stm32f411xe.o(.text)
    TIM4_IRQHandler                          0x08000257   Thumb Code     0  startup_stm32f411xe.o(.text)
    TIM5_IRQHandler                          0x08000257   Thumb Code     0  startup_stm32f411xe.o(.text)
    WWDG_IRQHandler                          0x08000257   Thumb Code     0  startup_stm32f411xe.o(.text)
    __user_initial_stackheap                 0x08000259   Thumb Code     0  startup_stm32f411xe.o(.text)
    __use_no_semihosting                     0x0800027d   Thumb Code     2  use_no_semi_2.o(.text)
    __aeabi_uldivmod                         0x0800027f   Thumb Code     0  lludivv7m.o(.text)
    _ll_udiv                                 0x0800027f   Thumb Code   238  lludivv7m.o(.text)
    __2printf                                0x0800036d   Thumb Code    20  noretval__2printf.o(.text)
    __printf                                 0x08000385   Thumb Code   104  __printf.o(.text)
    __aeabi_memclr4                          0x080003ed   Thumb Code     0  rt_memclr_w.o(.text)
    __aeabi_memclr8                          0x080003ed   Thumb Code     0  rt_memclr_w.o(.text)
    __rt_memclr_w                            0x080003ed   Thumb Code    78  rt_memclr_w.o(.text)
    _memset_w                                0x080003f1   Thumb Code     0  rt_memclr_w.o(.text)
    __use_two_region_memory                  0x0800043b   Thumb Code     2  heapauxi.o(.text)
    __rt_heap_escrow$2region                 0x0800043d   Thumb Code     2  heapauxi.o(.text)
    __rt_heap_expand$2region                 0x0800043f   Thumb Code     2  heapauxi.o(.text)
    __I$use$semihosting                      0x08000441   Thumb Code     0  use_no_semi.o(.text)
    __use_no_semihosting_swi                 0x08000441   Thumb Code     2  use_no_semi.o(.text)
    _printf_char_file                        0x08000445   Thumb Code    32  _printf_char_file.o(.text)
    _printf_char_common                      0x08000473   Thumb Code    32  _printf_char_common.o(.text)
    ferror                                   0x08000499   Thumb Code     8  ferror.o(.text)
    __user_setup_stackheap                   0x080004a1   Thumb Code    74  sys_stackheap_outer.o(.text)
    exit                                     0x080004eb   Thumb Code    18  exit.o(.text)
    __user_libspace                          0x080004fd   Thumb Code     8  libspace.o(.text)
    __user_perproc_libspace                  0x080004fd   Thumb Code     0  libspace.o(.text)
    __user_perthread_libspace                0x080004fd   Thumb Code     0  libspace.o(.text)
    BSP_IO_H                                 0x08000661   Thumb Code    24  bsp_gpio.o(i.BSP_IO_H)
    BusFault_Handler                         0x08000711   Thumb Code     4  stm32f4xx_it.o(i.BusFault_Handler)
    DMA2_Stream0_IRQHandler                  0x08000715   Thumb Code    12  bsp_spi.o(i.DMA2_Stream0_IRQHandler)
    DMA2_Stream2_IRQHandler                  0x08000725   Thumb Code    12  bsp_spi.o(i.DMA2_Stream2_IRQHandler)
    DebugMon_Handler                         0x0800083f   Thumb Code     2  stm32f4xx_it.o(i.DebugMon_Handler)
    Error_Handler                            0x08000841   Thumb Code     8  sys.o(i.Error_Handler)
    GPIO_R                                   0x08000849   Thumb Code    22  bsp_gpio.o(i.GPIO_R)
    HAL_ADC_ConfigChannel                    0x08000869   Thumb Code   384  stm32f4xx_hal_adc.o(i.HAL_ADC_ConfigChannel)
    HAL_ADC_Init                             0x080009fd   Thumb Code   100  stm32f4xx_hal_adc.o(i.HAL_ADC_Init)
    HAL_ADC_MspInit                          0x08000a65   Thumb Code   212  bsp_adc.o(i.HAL_ADC_MspInit)
    HAL_DMA_Abort_IT                         0x08000b4d   Thumb Code    40  stm32f4xx_hal_dma.o(i.HAL_DMA_Abort_IT)
    HAL_DMA_DeInit                           0x08000b75   Thumb Code    98  stm32f4xx_hal_dma.o(i.HAL_DMA_DeInit)
    HAL_DMA_IRQHandler                       0x08000bd9   Thumb Code   570  stm32f4xx_hal_dma.o(i.HAL_DMA_IRQHandler)
    HAL_DMA_Init                             0x08000e19   Thumb Code   232  stm32f4xx_hal_dma.o(i.HAL_DMA_Init)
    HAL_DMA_Start_IT                         0x08000f05   Thumb Code   158  stm32f4xx_hal_dma.o(i.HAL_DMA_Start_IT)
    HAL_DeInit                               0x08000fa5   Thumb Code    64  stm32f4xx_hal.o(i.HAL_DeInit)
    HAL_GPIO_Init                            0x08000fe9   Thumb Code   436  stm32f4xx_hal_gpio.o(i.HAL_GPIO_Init)
    HAL_GPIO_ReadPin                         0x080011bd   Thumb Code    16  stm32f4xx_hal_gpio.o(i.HAL_GPIO_ReadPin)
    HAL_GPIO_WritePin                        0x080011cd   Thumb Code    12  stm32f4xx_hal_gpio.o(i.HAL_GPIO_WritePin)
    HAL_GetTick                              0x080011d9   Thumb Code     6  stm32f4xx_hal.o(i.HAL_GetTick)
    HAL_IWDG_Init                            0x080011e5   Thumb Code    80  stm32f4xx_hal_iwdg.o(i.HAL_IWDG_Init)
    HAL_IWDG_Refresh                         0x08001235   Thumb Code    14  stm32f4xx_hal_iwdg.o(i.HAL_IWDG_Refresh)
    HAL_IWDG_Start                           0x08001243   Thumb Code    22  bsp_iwdg.o(i.HAL_IWDG_Start)
    HAL_IncTick                              0x08001259   Thumb Code    16  stm32f4xx_hal.o(i.HAL_IncTick)
    HAL_Init                                 0x08001271   Thumb Code    54  stm32f4xx_hal.o(i.HAL_Init)
    HAL_InitTick                             0x080012ad   Thumb Code    64  stm32f4xx_hal.o(i.HAL_InitTick)
    HAL_MspDeInit                            0x080012f9   Thumb Code     2  stm32f4xx_hal_msp.o(i.HAL_MspDeInit)
    HAL_MspInit                              0x080012fb   Thumb Code     2  stm32f4xx_hal_msp.o(i.HAL_MspInit)
    HAL_NVIC_EnableIRQ                       0x080012fd   Thumb Code    26  stm32f4xx_hal_cortex.o(i.HAL_NVIC_EnableIRQ)
    HAL_NVIC_SetPriority                     0x08001317   Thumb Code   124  stm32f4xx_hal_cortex.o(i.HAL_NVIC_SetPriority)
    HAL_NVIC_SetPriorityGrouping             0x08001395   Thumb Code    32  stm32f4xx_hal_cortex.o(i.HAL_NVIC_SetPriorityGrouping)
    HAL_RCC_ClockConfig                      0x080013bd   Thumb Code   366  stm32f4xx_hal_rcc.o(i.HAL_RCC_ClockConfig)
    HAL_RCC_GetHCLKFreq                      0x0800153d   Thumb Code     6  stm32f4xx_hal_rcc.o(i.HAL_RCC_GetHCLKFreq)
    HAL_RCC_GetPCLK1Freq                     0x08001549   Thumb Code    22  stm32f4xx_hal_rcc.o(i.HAL_RCC_GetPCLK1Freq)
    HAL_RCC_GetPCLK2Freq                     0x08001569   Thumb Code    22  stm32f4xx_hal_rcc.o(i.HAL_RCC_GetPCLK2Freq)
    HAL_RCC_GetSysClockFreq                  0x08001589   Thumb Code   162  stm32f4xx_hal_rcc.o(i.HAL_RCC_GetSysClockFreq)
    HAL_RCC_OscConfig                        0x08001639   Thumb Code  1086  stm32f4xx_hal_rcc.o(i.HAL_RCC_OscConfig)
    HAL_SPI_DeInit                           0x08001a81   Thumb Code    54  stm32f4xx_hal_spi.o(i.HAL_SPI_DeInit)
    HAL_SPI_ErrorCallback                    0x08001ab9   Thumb Code     8  bsp_spi.o(i.HAL_SPI_ErrorCallback)
    HAL_SPI_IRQHandler                       0x08001ac5   Thumb Code   308  stm32f4xx_hal_spi.o(i.HAL_SPI_IRQHandler)
    HAL_SPI_Init                             0x08001bfd   Thumb Code   160  stm32f4xx_hal_spi.o(i.HAL_SPI_Init)
    HAL_SPI_MspDeInit                        0x08001c9d   Thumb Code     2  stm32f4xx_hal_spi.o(i.HAL_SPI_MspDeInit)
    HAL_SPI_MspInit                          0x08001ca1   Thumb Code   466  bsp_spi.o(i.HAL_SPI_MspInit)
    HAL_SPI_RxCpltCallback                   0x08001ea9   Thumb Code     2  stm32f4xx_hal_spi.o(i.HAL_SPI_RxCpltCallback)
    HAL_SPI_RxHalfCpltCallback               0x08001eab   Thumb Code     2  stm32f4xx_hal_spi.o(i.HAL_SPI_RxHalfCpltCallback)
    HAL_SPI_TransmitReceive_DMA              0x08001ead   Thumb Code   340  stm32f4xx_hal_spi.o(i.HAL_SPI_TransmitReceive_DMA)
    HAL_SPI_TxRxCpltCallback                 0x08002015   Thumb Code     8  bsp_spi.o(i.HAL_SPI_TxRxCpltCallback)
    HAL_SPI_TxRxHalfCpltCallback             0x08002021   Thumb Code     2  stm32f4xx_hal_spi.o(i.HAL_SPI_TxRxHalfCpltCallback)
    HAL_SYSTICK_Config                       0x08002023   Thumb Code    52  stm32f4xx_hal_cortex.o(i.HAL_SYSTICK_Config)
    HAL_TIM_Base_Init                        0x08002057   Thumb Code    52  stm32f4xx_hal_tim.o(i.HAL_TIM_Base_Init)
    HAL_TIM_Base_MspInit                     0x0800208b   Thumb Code     2  stm32f4xx_hal_tim.o(i.HAL_TIM_Base_MspInit)
    HAL_TIM_Base_Start                       0x0800208d   Thumb Code    30  stm32f4xx_hal_tim.o(i.HAL_TIM_Base_Start)
    HAL_UART_ErrorCallback                   0x080020ab   Thumb Code     2  stm32f4xx_hal_uart.o(i.HAL_UART_ErrorCallback)
    HAL_UART_GetState                        0x080020ad   Thumb Code    20  stm32f4xx_hal_uart.o(i.HAL_UART_GetState)
    HAL_UART_IRQHandler                      0x080020c1   Thumb Code   326  stm32f4xx_hal_uart.o(i.HAL_UART_IRQHandler)
    HAL_UART_Init                            0x0800220d   Thumb Code   114  stm32f4xx_hal_uart.o(i.HAL_UART_Init)
    HAL_UART_MspInit                         0x08002281   Thumb Code   410  usart.o(i.HAL_UART_MspInit)
    HAL_UART_Receive_IT                      0x08002431   Thumb Code   100  stm32f4xx_hal_uart.o(i.HAL_UART_Receive_IT)
    HAL_UART_RxCpltCallback                  0x08002495   Thumb Code   386  usart.o(i.HAL_UART_RxCpltCallback)
    HAL_UART_TxCpltCallback                  0x08002649   Thumb Code     2  stm32f4xx_hal_uart.o(i.HAL_UART_TxCpltCallback)
    HardFault_Handler                        0x0800264b   Thumb Code     4  stm32f4xx_it.o(i.HardFault_Handler)
    MemManage_Handler                        0x0800264f   Thumb Code     4  stm32f4xx_it.o(i.MemManage_Handler)
    NMI_Handler                              0x08002653   Thumb Code     2  stm32f4xx_it.o(i.NMI_Handler)
    PendSV_Handler                           0x0800268d   Thumb Code     2  stm32f4xx_it.o(i.PendSV_Handler)
    SPI1_IRQHandler                          0x080026d9   Thumb Code    10  bsp_spi.o(i.SPI1_IRQHandler)
    SVC_Handler                              0x08002971   Thumb Code     2  stm32f4xx_it.o(i.SVC_Handler)
    SysTick_Handler                          0x08002975   Thumb Code    22  bsp_timer.o(i.SysTick_Handler)
    SysTick_ISR                              0x08002991   Thumb Code   110  bsp_timer.o(i.SysTick_ISR)
    SystemClock_Config                       0x08002a15   Thumb Code   180  sys.o(i.SystemClock_Config)
    SystemInit                               0x08002ae5   Thumb Code    82  system_stm32f4xx.o(i.SystemInit)
    TIM2_IRQHandler                          0x08002b49   Thumb Code   164  bsp_timer.o(i.TIM2_IRQHandler)
    TIM_Base_SetConfig                       0x08002bfd   Thumb Code   148  stm32f4xx_hal_tim.o(i.TIM_Base_SetConfig)
    USART1_IRQHandler                        0x0800316d   Thumb Code    56  usart.o(i.USART1_IRQHandler)
    USART2_IRQHandler                        0x080031ad   Thumb Code    56  usart.o(i.USART2_IRQHandler)
    USART6_IRQHandler                        0x080031ed   Thumb Code    56  usart.o(i.USART6_IRQHandler)
    UsageFault_Handler                       0x0800322d   Thumb Code     4  stm32f4xx_it.o(i.UsageFault_Handler)
    _sys_exit                                0x08003237   Thumb Code     4  usart.o(i._sys_exit)
    bsp_AdcInit                              0x0800323d   Thumb Code   348  bsp_adc.o(i.bsp_AdcInit)
    bsp_DelayMS                              0x080033c5   Thumb Code    58  bsp_timer.o(i.bsp_DelayMS)
    bsp_GPIO_Init                            0x08003409   Thumb Code   254  bsp_gpio.o(i.bsp_GPIO_Init)
    bsp_Idle                                 0x0800351d   Thumb Code     8  bsp_timer.o(i.bsp_Idle)
    bsp_InitHardTimer                        0x08003525   Thumb Code   148  bsp_timer.o(i.bsp_InitHardTimer)
    bsp_InitSPIBus                           0x080035ed   Thumb Code    20  bsp_spi.o(i.bsp_InitSPIBus)
    bsp_InitSPIParam                         0x08003605   Thumb Code   126  bsp_spi.o(i.bsp_InitSPIParam)
    bsp_InitTimer                            0x080036b9   Thumb Code   146  bsp_timer.o(i.bsp_InitTimer)
    bsp_IwdgFeed                             0x08003761   Thumb Code    10  bsp_iwdg.o(i.bsp_IwdgFeed)
    bsp_IwdgInit                             0x08003771   Thumb Code    30  bsp_iwdg.o(i.bsp_IwdgInit)
    bsp_KeyInit                              0x08003799   Thumb Code    56  bsp_key.o(i.bsp_KeyInit)
    bsp_RunPer10ms                           0x08003801   Thumb Code     8  bsp_timer.o(i.bsp_RunPer10ms)
    bsp_RunPer1ms                            0x08003809   Thumb Code     2  bsp_timer.o(i.bsp_RunPer1ms)
    bsp_spiTransfer                          0x08003829   Thumb Code    62  bsp_spi.o(i.bsp_spiTransfer)
    button_attach                            0x0800389d   Thumb Code    50  bsp_button.o(i.button_attach)
    button_handler                           0x080038cf   Thumb Code   566  bsp_button.o(i.button_handler)
    button_init                              0x08003b05   Thumb Code     8  bsp_button.o(i.button_init)
    button_start                             0x08003b11   Thumb Code    38  bsp_button.o(i.button_start)
    button_ticks                             0x08003b3d   Thumb Code    22  bsp_button.o(i.button_ticks)
    fputc                                    0x08003b59   Thumb Code    22  usart.o(i.fputc)
    main                                     0x08003b75   Thumb Code   116  main.o(i.main)
    uart_init                                0x08003bf1   Thumb Code   138  usart.o(i.uart_init)
    _fp_init                                 0x08003ca1   Thumb Code    10  fpinit.o(x$fpl$fpinit)
    __fplib_config_fpu_vfp                   0x08003ca9   Thumb Code     0  fpinit.o(x$fpl$fpinit)
    __fplib_config_pureend_doubles           0x08003ca9   Thumb Code     0  fpinit.o(x$fpl$fpinit)
    AHBPrescTable                            0x08003caa   Data          16  system_stm32f4xx.o(.constdata)
    APBPrescTable                            0x08003cba   Data           8  system_stm32f4xx.o(.constdata)
    Region$$Table$$Base                      0x08003cdc   Number         0  anon$$obj.o(Region$$Table)
    Region$$Table$$Limit                     0x08003cfc   Number         0  anon$$obj.o(Region$$Table)
    SystemCoreClock                          0x20000000   Data           4  system_stm32f4xx.o(.data)
    g_spiLen                                 0x20000010   Data           4  bsp_spi.o(.data)
    g_spi_busy                               0x20000014   Data           1  bsp_spi.o(.data)
    wTransferState                           0x20000018   Data           4  bsp_spi.o(.data)
    g_iRunTime                               0x20000034   Data           4  bsp_timer.o(.data)
    __stdout                                 0x20000060   Data           4  usart.o(.data)
    USART_RX_STA6                            0x20000064   Data           2  usart.o(.data)
    USART_RX_STA1                            0x20000066   Data           2  usart.o(.data)
    USART_RX_STA2                            0x20000068   Data           2  usart.o(.data)
    aRxBuffer6                               0x2000006a   Data           1  usart.o(.data)
    aRxBuffer1                               0x2000006b   Data           1  usart.o(.data)
    aRxBuffer2                               0x2000006c   Data           1  usart.o(.data)
    uwTick                                   0x20000070   Data           4  stm32f4xx_hal.o(.data)
    uwTickPrio                               0x20000074   Data           4  stm32f4xx_hal.o(.data)
    uwTickFreq                               0x20000078   Data           1  stm32f4xx_hal.o(.data)
    ADC1_Handler                             0x2000007c   Data          72  bsp_adc.o(.bss)
    g_spiTxBuf                               0x200001dc   Data        4096  bsp_spi.o(.bss)
    g_spiRxBuf                               0x200011dc   Data        4096  bsp_spi.o(.bss)
    IWDG_Handler                             0x2000225c   Data          12  bsp_iwdg.o(.bss)
    USART_RX_BUF6                            0x20002268   Data        4096  usart.o(.bss)
    USART_RX_BUF1                            0x20003268   Data        4096  usart.o(.bss)
    USART_RX_BUF2                            0x20004268   Data        4096  usart.o(.bss)
    UART1_Handler                            0x20005268   Data          64  usart.o(.bss)
    UART6_Handler                            0x200052a8   Data          64  usart.o(.bss)
    UART2_Handler                            0x200052e8   Data          64  usart.o(.bss)
    __libspace_start                         0x20005328   Data          96  libspace.o(.bss)
    __temporary_stack_top$libspace           0x20005388   Data           0  libspace.o(.bss)



==============================================================================

Memory Map of the image

  Image Entry point : 0x08000199

  Load Region LR_IROM1 (Base: 0x08000000, Size: 0x00003d78, Max: 0x00040000, ABSOLUTE)

    Execution Region ER_IROM1 (Exec base: 0x08000000, Load base: 0x08000000, Size: 0x00003cfc, Max: 0x00040000, ABSOLUTE)

    Exec Addr    Load Addr    Size         Type   Attr      Idx    E Section Name        Object

    0x08000000   0x08000000   0x00000198   Data   RO         1419    RESET               startup_stm32f411xe.o
    0x08000198   0x08000198   0x00000008   Code   RO         5111  * !!!main             c_w.l(__main.o)
    0x080001a0   0x080001a0   0x00000034   Code   RO         5291    !!!scatter          c_w.l(__scatter.o)
    0x080001d4   0x080001d4   0x0000001a   Code   RO         5293    !!handler_copy      c_w.l(__scatter_copy.o)
    0x080001ee   0x080001ee   0x00000002   PAD
    0x080001f0   0x080001f0   0x0000001c   Code   RO         5295    !!handler_zi        c_w.l(__scatter_zi.o)
    0x0800020c   0x0800020c   0x00000000   Code   RO         5104    .ARM.Collect$$_printf_percent$$00000000  c_w.l(_printf_percent.o)
    0x0800020c   0x0800020c   0x00000004   Code   RO         5124    .ARM.Collect$$_printf_percent$$00000017  c_w.l(_printf_percent_end.o)
    0x08000210   0x08000210   0x00000002   Code   RO         5163    .ARM.Collect$$libinit$$00000000  c_w.l(libinit.o)
    0x08000212   0x08000212   0x00000004   Code   RO         5175    .ARM.Collect$$libinit$$00000001  c_w.l(libinit2.o)
    0x08000216   0x08000216   0x00000000   Code   RO         5178    .ARM.Collect$$libinit$$00000004  c_w.l(libinit2.o)
    0x08000216   0x08000216   0x00000000   Code   RO         5181    .ARM.Collect$$libinit$$0000000A  c_w.l(libinit2.o)
    0x08000216   0x08000216   0x00000000   Code   RO         5183    .ARM.Collect$$libinit$$0000000C  c_w.l(libinit2.o)
    0x08000216   0x08000216   0x00000000   Code   RO         5185    .ARM.Collect$$libinit$$0000000E  c_w.l(libinit2.o)
    0x08000216   0x08000216   0x00000000   Code   RO         5188    .ARM.Collect$$libinit$$00000011  c_w.l(libinit2.o)
    0x08000216   0x08000216   0x00000000   Code   RO         5190    .ARM.Collect$$libinit$$00000013  c_w.l(libinit2.o)
    0x08000216   0x08000216   0x00000000   Code   RO         5192    .ARM.Collect$$libinit$$00000015  c_w.l(libinit2.o)
    0x08000216   0x08000216   0x00000000   Code   RO         5194    .ARM.Collect$$libinit$$00000017  c_w.l(libinit2.o)
    0x08000216   0x08000216   0x00000000   Code   RO         5196    .ARM.Collect$$libinit$$00000019  c_w.l(libinit2.o)
    0x08000216   0x08000216   0x00000000   Code   RO         5198    .ARM.Collect$$libinit$$0000001B  c_w.l(libinit2.o)
    0x08000216   0x08000216   0x00000000   Code   RO         5200    .ARM.Collect$$libinit$$0000001D  c_w.l(libinit2.o)
    0x08000216   0x08000216   0x00000000   Code   RO         5202    .ARM.Collect$$libinit$$0000001F  c_w.l(libinit2.o)
    0x08000216   0x08000216   0x00000000   Code   RO         5204    .ARM.Collect$$libinit$$00000021  c_w.l(libinit2.o)
    0x08000216   0x08000216   0x00000000   Code   RO         5206    .ARM.Collect$$libinit$$00000023  c_w.l(libinit2.o)
    0x08000216   0x08000216   0x00000000   Code   RO         5208    .ARM.Collect$$libinit$$00000025  c_w.l(libinit2.o)
    0x08000216   0x08000216   0x00000000   Code   RO         5212    .ARM.Collect$$libinit$$0000002C  c_w.l(libinit2.o)
    0x08000216   0x08000216   0x00000000   Code   RO         5214    .ARM.Collect$$libinit$$0000002E  c_w.l(libinit2.o)
    0x08000216   0x08000216   0x00000000   Code   RO         5216    .ARM.Collect$$libinit$$00000030  c_w.l(libinit2.o)
    0x08000216   0x08000216   0x00000000   Code   RO         5218    .ARM.Collect$$libinit$$00000032  c_w.l(libinit2.o)
    0x08000216   0x08000216   0x00000002   Code   RO         5219    .ARM.Collect$$libinit$$00000033  c_w.l(libinit2.o)
    0x08000218   0x08000218   0x00000002   Code   RO         5245    .ARM.Collect$$libshutdown$$00000000  c_w.l(libshutdown.o)
    0x0800021a   0x0800021a   0x00000000   Code   RO         5272    .ARM.Collect$$libshutdown$$00000002  c_w.l(libshutdown2.o)
    0x0800021a   0x0800021a   0x00000000   Code   RO         5274    .ARM.Collect$$libshutdown$$00000004  c_w.l(libshutdown2.o)
    0x0800021a   0x0800021a   0x00000000   Code   RO         5276    .ARM.Collect$$libshutdown$$00000006  c_w.l(libshutdown2.o)
    0x0800021a   0x0800021a   0x00000000   Code   RO         5279    .ARM.Collect$$libshutdown$$00000009  c_w.l(libshutdown2.o)
    0x0800021a   0x0800021a   0x00000000   Code   RO         5282    .ARM.Collect$$libshutdown$$0000000C  c_w.l(libshutdown2.o)
    0x0800021a   0x0800021a   0x00000000   Code   RO         5284    .ARM.Collect$$libshutdown$$0000000E  c_w.l(libshutdown2.o)
    0x0800021a   0x0800021a   0x00000000   Code   RO         5287    .ARM.Collect$$libshutdown$$00000011  c_w.l(libshutdown2.o)
    0x0800021a   0x0800021a   0x00000002   Code   RO         5288    .ARM.Collect$$libshutdown$$00000012  c_w.l(libshutdown2.o)
    0x0800021c   0x0800021c   0x00000000   Code   RO         5115    .ARM.Collect$$rtentry$$00000000  c_w.l(__rtentry.o)
    0x0800021c   0x0800021c   0x00000000   Code   RO         5126    .ARM.Collect$$rtentry$$00000002  c_w.l(__rtentry2.o)
    0x0800021c   0x0800021c   0x00000006   Code   RO         5138    .ARM.Collect$$rtentry$$00000004  c_w.l(__rtentry4.o)
    0x08000222   0x08000222   0x00000000   Code   RO         5128    .ARM.Collect$$rtentry$$00000009  c_w.l(__rtentry2.o)
    0x08000222   0x08000222   0x00000004   Code   RO         5129    .ARM.Collect$$rtentry$$0000000A  c_w.l(__rtentry2.o)
    0x08000226   0x08000226   0x00000000   Code   RO         5131    .ARM.Collect$$rtentry$$0000000C  c_w.l(__rtentry2.o)
    0x08000226   0x08000226   0x00000008   Code   RO         5132    .ARM.Collect$$rtentry$$0000000D  c_w.l(__rtentry2.o)
    0x0800022e   0x0800022e   0x00000002   Code   RO         5167    .ARM.Collect$$rtexit$$00000000  c_w.l(rtexit.o)
    0x08000230   0x08000230   0x00000000   Code   RO         5221    .ARM.Collect$$rtexit$$00000002  c_w.l(rtexit2.o)
    0x08000230   0x08000230   0x00000004   Code   RO         5222    .ARM.Collect$$rtexit$$00000003  c_w.l(rtexit2.o)
    0x08000234   0x08000234   0x00000006   Code   RO         5223    .ARM.Collect$$rtexit$$00000004  c_w.l(rtexit2.o)
    0x0800023a   0x0800023a   0x00000002   PAD
    0x0800023c   0x0800023c   0x00000040   Code   RO         1420    .text               startup_stm32f411xe.o
    0x0800027c   0x0800027c   0x00000002   Code   RO         5071    .text               c_w.l(use_no_semi_2.o)
    0x0800027e   0x0800027e   0x000000ee   Code   RO         5073    .text               c_w.l(lludivv7m.o)
    0x0800036c   0x0800036c   0x00000018   Code   RO         5077    .text               c_w.l(noretval__2printf.o)
    0x08000384   0x08000384   0x00000068   Code   RO         5079    .text               c_w.l(__printf.o)
    0x080003ec   0x080003ec   0x0000004e   Code   RO         5107    .text               c_w.l(rt_memclr_w.o)
    0x0800043a   0x0800043a   0x00000006   Code   RO         5109    .text               c_w.l(heapauxi.o)
    0x08000440   0x08000440   0x00000002   Code   RO         5113    .text               c_w.l(use_no_semi.o)
    0x08000442   0x08000442   0x00000002   PAD
    0x08000444   0x08000444   0x00000024   Code   RO         5122    .text               c_w.l(_printf_char_file.o)
    0x08000468   0x08000468   0x00000030   Code   RO         5142    .text               c_w.l(_printf_char_common.o)
    0x08000498   0x08000498   0x00000008   Code   RO         5144    .text               c_w.l(ferror.o)
    0x080004a0   0x080004a0   0x0000004a   Code   RO         5148    .text               c_w.l(sys_stackheap_outer.o)
    0x080004ea   0x080004ea   0x00000012   Code   RO         5152    .text               c_w.l(exit.o)
    0x080004fc   0x080004fc   0x00000008   Code   RO         5164    .text               c_w.l(libspace.o)
    0x08000504   0x08000504   0x0000015c   Code   RO         2792    i.ADC_Init          stm32f4xx_hal_adc.o
    0x08000660   0x08000660   0x00000020   Code   RO         1081    i.BSP_IO_H          bsp_gpio.o
    0x08000680   0x08000680   0x00000024   Code   RO         1012    i.BTN1_PRESS_DOWN_Handler  bsp_key.o
    0x080006a4   0x080006a4   0x00000024   Code   RO         1013    i.BTN2_PRESS_DOWN_Handler  bsp_key.o
    0x080006c8   0x080006c8   0x00000024   Code   RO         1014    i.BTN3_PRESS_DOWN_Handler  bsp_key.o
    0x080006ec   0x080006ec   0x00000024   Code   RO         1015    i.BTN4_PRESS_DOWN_Handler  bsp_key.o
    0x08000710   0x08000710   0x00000004   Code   RO          310    i.BusFault_Handler  stm32f4xx_it.o
    0x08000714   0x08000714   0x00000010   Code   RO          764    i.DMA2_Stream0_IRQHandler  bsp_spi.o
    0x08000724   0x08000724   0x00000010   Code   RO          765    i.DMA2_Stream2_IRQHandler  bsp_spi.o
    0x08000734   0x08000734   0x00000034   Code   RO         2683    i.DMA_CalcBaseAndBitshift  stm32f4xx_hal_dma.o
    0x08000768   0x08000768   0x000000aa   Code   RO         2684    i.DMA_CheckFifoParam  stm32f4xx_hal_dma.o
    0x08000812   0x08000812   0x0000002c   Code   RO         2685    i.DMA_SetConfig     stm32f4xx_hal_dma.o
    0x0800083e   0x0800083e   0x00000002   Code   RO          311    i.DebugMon_Handler  stm32f4xx_it.o
    0x08000840   0x08000840   0x00000008   Code   RO         1310    i.Error_Handler     sys.o
    0x08000848   0x08000848   0x00000020   Code   RO         1084    i.GPIO_R            bsp_gpio.o
    0x08000868   0x08000868   0x00000194   Code   RO         2794    i.HAL_ADC_ConfigChannel  stm32f4xx_hal_adc.o
    0x080009fc   0x080009fc   0x00000068   Code   RO         2803    i.HAL_ADC_Init      stm32f4xx_hal_adc.o
    0x08000a64   0x08000a64   0x000000e8   Code   RO          603    i.HAL_ADC_MspInit   bsp_adc.o
    0x08000b4c   0x08000b4c   0x00000028   Code   RO         2687    i.HAL_DMA_Abort_IT  stm32f4xx_hal_dma.o
    0x08000b74   0x08000b74   0x00000062   Code   RO         2688    i.HAL_DMA_DeInit    stm32f4xx_hal_dma.o
    0x08000bd6   0x08000bd6   0x00000002   PAD
    0x08000bd8   0x08000bd8   0x00000240   Code   RO         2691    i.HAL_DMA_IRQHandler  stm32f4xx_hal_dma.o
    0x08000e18   0x08000e18   0x000000ec   Code   RO         2692    i.HAL_DMA_Init      stm32f4xx_hal_dma.o
    0x08000f04   0x08000f04   0x0000009e   Code   RO         2696    i.HAL_DMA_Start_IT  stm32f4xx_hal_dma.o
    0x08000fa2   0x08000fa2   0x00000002   PAD
    0x08000fa4   0x08000fa4   0x00000044   Code   RO         1433    i.HAL_DeInit        stm32f4xx_hal.o
    0x08000fe8   0x08000fe8   0x000001d4   Code   RO         1741    i.HAL_GPIO_Init     stm32f4xx_hal_gpio.o
    0x080011bc   0x080011bc   0x00000010   Code   RO         1743    i.HAL_GPIO_ReadPin  stm32f4xx_hal_gpio.o
    0x080011cc   0x080011cc   0x0000000c   Code   RO         1745    i.HAL_GPIO_WritePin  stm32f4xx_hal_gpio.o
    0x080011d8   0x080011d8   0x0000000c   Code   RO         1440    i.HAL_GetTick       stm32f4xx_hal.o
    0x080011e4   0x080011e4   0x00000050   Code   RO         5042    i.HAL_IWDG_Init     stm32f4xx_hal_iwdg.o
    0x08001234   0x08001234   0x0000000e   Code   RO         5043    i.HAL_IWDG_Refresh  stm32f4xx_hal_iwdg.o
    0x08001242   0x08001242   0x00000016   Code   RO         1194    i.HAL_IWDG_Start    bsp_iwdg.o
    0x08001258   0x08001258   0x00000018   Code   RO         1444    i.HAL_IncTick       stm32f4xx_hal.o
    0x08001270   0x08001270   0x0000003c   Code   RO         1445    i.HAL_Init          stm32f4xx_hal.o
    0x080012ac   0x080012ac   0x0000004c   Code   RO         1446    i.HAL_InitTick      stm32f4xx_hal.o
    0x080012f8   0x080012f8   0x00000002   Code   RO          268    i.HAL_MspDeInit     stm32f4xx_hal_msp.o
    0x080012fa   0x080012fa   0x00000002   Code   RO          269    i.HAL_MspInit       stm32f4xx_hal_msp.o
    0x080012fc   0x080012fc   0x0000001a   Code   RO         1603    i.HAL_NVIC_EnableIRQ  stm32f4xx_hal_cortex.o
    0x08001316   0x08001316   0x0000007c   Code   RO         1609    i.HAL_NVIC_SetPriority  stm32f4xx_hal_cortex.o
    0x08001392   0x08001392   0x00000002   PAD
    0x08001394   0x08001394   0x00000028   Code   RO         1610    i.HAL_NVIC_SetPriorityGrouping  stm32f4xx_hal_cortex.o
    0x080013bc   0x080013bc   0x00000180   Code   RO         1925    i.HAL_RCC_ClockConfig  stm32f4xx_hal_rcc.o
    0x0800153c   0x0800153c   0x0000000c   Code   RO         1930    i.HAL_RCC_GetHCLKFreq  stm32f4xx_hal_rcc.o
    0x08001548   0x08001548   0x00000020   Code   RO         1932    i.HAL_RCC_GetPCLK1Freq  stm32f4xx_hal_rcc.o
    0x08001568   0x08001568   0x00000020   Code   RO         1933    i.HAL_RCC_GetPCLK2Freq  stm32f4xx_hal_rcc.o
    0x08001588   0x08001588   0x000000b0   Code   RO         1934    i.HAL_RCC_GetSysClockFreq  stm32f4xx_hal_rcc.o
    0x08001638   0x08001638   0x00000448   Code   RO         1937    i.HAL_RCC_OscConfig  stm32f4xx_hal_rcc.o
    0x08001a80   0x08001a80   0x00000036   Code   RO         3574    i.HAL_SPI_DeInit    stm32f4xx_hal_spi.o
    0x08001ab6   0x08001ab6   0x00000002   PAD
    0x08001ab8   0x08001ab8   0x0000000c   Code   RO          766    i.HAL_SPI_ErrorCallback  bsp_spi.o
    0x08001ac4   0x08001ac4   0x00000138   Code   RO         3578    i.HAL_SPI_IRQHandler  stm32f4xx_hal_spi.o
    0x08001bfc   0x08001bfc   0x000000a0   Code   RO         3579    i.HAL_SPI_Init      stm32f4xx_hal_spi.o
    0x08001c9c   0x08001c9c   0x00000002   Code   RO         3580    i.HAL_SPI_MspDeInit  stm32f4xx_hal_spi.o
    0x08001c9e   0x08001c9e   0x00000002   PAD
    0x08001ca0   0x08001ca0   0x00000208   Code   RO          767    i.HAL_SPI_MspInit   bsp_spi.o
    0x08001ea8   0x08001ea8   0x00000002   Code   RO         3585    i.HAL_SPI_RxCpltCallback  stm32f4xx_hal_spi.o
    0x08001eaa   0x08001eaa   0x00000002   Code   RO         3586    i.HAL_SPI_RxHalfCpltCallback  stm32f4xx_hal_spi.o
    0x08001eac   0x08001eac   0x00000168   Code   RO         3589    i.HAL_SPI_TransmitReceive_DMA  stm32f4xx_hal_spi.o
    0x08002014   0x08002014   0x0000000c   Code   RO          768    i.HAL_SPI_TxRxCpltCallback  bsp_spi.o
    0x08002020   0x08002020   0x00000002   Code   RO         3596    i.HAL_SPI_TxRxHalfCpltCallback  stm32f4xx_hal_spi.o
    0x08002022   0x08002022   0x00000034   Code   RO         1614    i.HAL_SYSTICK_Config  stm32f4xx_hal_cortex.o
    0x08002056   0x08002056   0x00000034   Code   RO         4164    i.HAL_TIM_Base_Init  stm32f4xx_hal_tim.o
    0x0800208a   0x0800208a   0x00000002   Code   RO         4166    i.HAL_TIM_Base_MspInit  stm32f4xx_hal_tim.o
    0x0800208c   0x0800208c   0x0000001e   Code   RO         4167    i.HAL_TIM_Base_Start  stm32f4xx_hal_tim.o
    0x080020aa   0x080020aa   0x00000002   Code   RO         2107    i.HAL_UART_ErrorCallback  stm32f4xx_hal_uart.o
    0x080020ac   0x080020ac   0x00000014   Code   RO         2109    i.HAL_UART_GetState  stm32f4xx_hal_uart.o
    0x080020c0   0x080020c0   0x0000014c   Code   RO         2110    i.HAL_UART_IRQHandler  stm32f4xx_hal_uart.o
    0x0800220c   0x0800220c   0x00000072   Code   RO         2111    i.HAL_UART_Init     stm32f4xx_hal_uart.o
    0x0800227e   0x0800227e   0x00000002   PAD
    0x08002280   0x08002280   0x000001b0   Code   RO         1343    i.HAL_UART_MspInit  usart.o
    0x08002430   0x08002430   0x00000064   Code   RO         2116    i.HAL_UART_Receive_IT  stm32f4xx_hal_uart.o
    0x08002494   0x08002494   0x000001b4   Code   RO         1344    i.HAL_UART_RxCpltCallback  usart.o
    0x08002648   0x08002648   0x00000002   Code   RO         2122    i.HAL_UART_TxCpltCallback  stm32f4xx_hal_uart.o
    0x0800264a   0x0800264a   0x00000004   Code   RO          312    i.HardFault_Handler  stm32f4xx_it.o
    0x0800264e   0x0800264e   0x00000004   Code   RO          313    i.MemManage_Handler  stm32f4xx_it.o
    0x08002652   0x08002652   0x00000002   Code   RO          314    i.NMI_Handler       stm32f4xx_it.o
    0x08002654   0x08002654   0x00000010   Code   RO         1616    i.NVIC_GetPriorityGrouping  stm32f4xx_hal_cortex.o
    0x08002664   0x08002664   0x00000028   Code   RO         1617    i.NVIC_SetPriority  stm32f4xx_hal_cortex.o
    0x0800268c   0x0800268c   0x00000002   Code   RO          315    i.PendSV_Handler    stm32f4xx_it.o
    0x0800268e   0x0800268e   0x00000012   Code   RO         1016    i.Read_Button1_GPIO  bsp_key.o
    0x080026a0   0x080026a0   0x00000012   Code   RO         1017    i.Read_Button2_GPIO  bsp_key.o
    0x080026b2   0x080026b2   0x00000012   Code   RO         1018    i.Read_Button3_GPIO  bsp_key.o
    0x080026c4   0x080026c4   0x00000012   Code   RO         1019    i.Read_Button4_GPIO  bsp_key.o
    0x080026d6   0x080026d6   0x00000002   PAD
    0x080026d8   0x080026d8   0x00000010   Code   RO          769    i.SPI1_IRQHandler   bsp_spi.o
    0x080026e8   0x080026e8   0x00000028   Code   RO         3605    i.SPI_CheckFlag_BSY  stm32f4xx_hal_spi.o
    0x08002710   0x08002710   0x00000014   Code   RO         3609    i.SPI_DMAAbortOnError  stm32f4xx_hal_spi.o
    0x08002724   0x08002724   0x00000028   Code   RO         3610    i.SPI_DMAError      stm32f4xx_hal_spi.o
    0x0800274c   0x0800274c   0x0000000e   Code   RO         3611    i.SPI_DMAHalfReceiveCplt  stm32f4xx_hal_spi.o
    0x0800275a   0x0800275a   0x0000000e   Code   RO         3613    i.SPI_DMAHalfTransmitReceiveCplt  stm32f4xx_hal_spi.o
    0x08002768   0x08002768   0x000000b6   Code   RO         3614    i.SPI_DMAReceiveCplt  stm32f4xx_hal_spi.o
    0x0800281e   0x0800281e   0x000000a8   Code   RO         3617    i.SPI_DMATransmitReceiveCplt  stm32f4xx_hal_spi.o
    0x080028c6   0x080028c6   0x000000aa   Code   RO         3625    i.SPI_WaitFlagStateUntilTimeout  stm32f4xx_hal_spi.o
    0x08002970   0x08002970   0x00000002   Code   RO          316    i.SVC_Handler       stm32f4xx_it.o
    0x08002972   0x08002972   0x00000002   PAD
    0x08002974   0x08002974   0x0000001c   Code   RO          861    i.SysTick_Handler   bsp_timer.o
    0x08002990   0x08002990   0x00000084   Code   RO          862    i.SysTick_ISR       bsp_timer.o
    0x08002a14   0x08002a14   0x000000d0   Code   RO         1311    i.SystemClock_Config  sys.o
    0x08002ae4   0x08002ae4   0x00000064   Code   RO          383    i.SystemInit        system_stm32f4xx.o
    0x08002b48   0x08002b48   0x000000b4   Code   RO          863    i.TIM2_IRQHandler   bsp_timer.o
    0x08002bfc   0x08002bfc   0x000000b0   Code   RO         4248    i.TIM_Base_SetConfig  stm32f4xx_hal_tim.o
    0x08002cac   0x08002cac   0x00000014   Code   RO         2124    i.UART_DMAAbortOnError  stm32f4xx_hal_uart.o
    0x08002cc0   0x08002cc0   0x00000020   Code   RO         2134    i.UART_EndRxTransfer  stm32f4xx_hal_uart.o
    0x08002ce0   0x08002ce0   0x00000020   Code   RO         2135    i.UART_EndTransmit_IT  stm32f4xx_hal_uart.o
    0x08002d00   0x08002d00   0x0000009a   Code   RO         2137    i.UART_Receive_IT   stm32f4xx_hal_uart.o
    0x08002d9a   0x08002d9a   0x00000002   PAD
    0x08002d9c   0x08002d9c   0x00000368   Code   RO         2138    i.UART_SetConfig    stm32f4xx_hal_uart.o
    0x08003104   0x08003104   0x00000068   Code   RO         2139    i.UART_Transmit_IT  stm32f4xx_hal_uart.o
    0x0800316c   0x0800316c   0x00000040   Code   RO         1345    i.USART1_IRQHandler  usart.o
    0x080031ac   0x080031ac   0x00000040   Code   RO         1346    i.USART2_IRQHandler  usart.o
    0x080031ec   0x080031ec   0x00000040   Code   RO         1347    i.USART6_IRQHandler  usart.o
    0x0800322c   0x0800322c   0x00000004   Code   RO          317    i.UsageFault_Handler  stm32f4xx_it.o
    0x08003230   0x08003230   0x00000006   Code   RO          864    i.__set_PRIMASK     bsp_timer.o
    0x08003236   0x08003236   0x00000004   Code   RO         1348    i._sys_exit         usart.o
    0x0800323a   0x0800323a   0x00000002   PAD
    0x0800323c   0x0800323c   0x00000188   Code   RO          604    i.bsp_AdcInit       bsp_adc.o
    0x080033c4   0x080033c4   0x00000044   Code   RO          867    i.bsp_DelayMS       bsp_timer.o
    0x08003408   0x08003408   0x00000114   Code   RO         1086    i.bsp_GPIO_Init     bsp_gpio.o
    0x0800351c   0x0800351c   0x00000008   Code   RO          870    i.bsp_Idle          bsp_timer.o
    0x08003524   0x08003524   0x000000c8   Code   RO          871    i.bsp_InitHardTimer  bsp_timer.o
    0x080035ec   0x080035ec   0x00000018   Code   RO          770    i.bsp_InitSPIBus    bsp_spi.o
    0x08003604   0x08003604   0x000000b4   Code   RO          771    i.bsp_InitSPIParam  bsp_spi.o
    0x080036b8   0x080036b8   0x000000a8   Code   RO          872    i.bsp_InitTimer     bsp_timer.o
    0x08003760   0x08003760   0x00000010   Code   RO         1195    i.bsp_IwdgFeed      bsp_iwdg.o
    0x08003770   0x08003770   0x00000028   Code   RO         1196    i.bsp_IwdgInit      bsp_iwdg.o
    0x08003798   0x08003798   0x00000068   Code   RO         1020    i.bsp_KeyInit       bsp_key.o
    0x08003800   0x08003800   0x00000008   Code   RO          873    i.bsp_RunPer10ms    bsp_timer.o
    0x08003808   0x08003808   0x00000002   Code   RO          874    i.bsp_RunPer1ms     bsp_timer.o
    0x0800380a   0x0800380a   0x0000001c   Code   RO          875    i.bsp_SoftTimerDec  bsp_timer.o
    0x08003826   0x08003826   0x00000002   PAD
    0x08003828   0x08003828   0x00000074   Code   RO          775    i.bsp_spiTransfer   bsp_spi.o
    0x0800389c   0x0800389c   0x00000032   Code   RO         1135    i.button_attach     bsp_button.o
    0x080038ce   0x080038ce   0x00000236   Code   RO         1136    i.button_handler    bsp_button.o
    0x08003b04   0x08003b04   0x0000000c   Code   RO         1137    i.button_init       bsp_button.o
    0x08003b10   0x08003b10   0x0000002c   Code   RO         1138    i.button_start      bsp_button.o
    0x08003b3c   0x08003b3c   0x0000001c   Code   RO         1140    i.button_ticks      bsp_button.o
    0x08003b58   0x08003b58   0x0000001c   Code   RO         1349    i.fputc             usart.o
    0x08003b74   0x08003b74   0x0000007c   Code   RO            4    i.main              main.o
    0x08003bf0   0x08003bf0   0x000000b0   Code   RO         1350    i.uart_init         usart.o
    0x08003ca0   0x08003ca0   0x0000000a   Code   RO         5233    x$fpl$fpinit        fz_wm.l(fpinit.o)
    0x08003caa   0x08003caa   0x00000018   Data   RO          384    .constdata          system_stm32f4xx.o
    0x08003cc2   0x08003cc2   0x00000010   Data   RO         1087    .constdata          bsp_gpio.o
    0x08003cd2   0x08003cd2   0x00000008   Data   RO         2698    .constdata          stm32f4xx_hal_dma.o
    0x08003cda   0x08003cda   0x00000002   PAD
    0x08003cdc   0x08003cdc   0x00000020   Data   RO         5289    Region$$Table       anon$$obj.o


    Execution Region RW_IRAM1 (Exec base: 0x20000000, Load base: 0x08003cfc, Size: 0x00005988, Max: 0x00020000, ABSOLUTE)

    Exec Addr    Load Addr    Size         Type   Attr      Idx    E Section Name        Object

    0x20000000   0x08003cfc   0x00000004   Data   RW          385    .data               system_stm32f4xx.o
    0x20000004   0x08003d00   0x00000018   Data   RW          777    .data               bsp_spi.o
    0x2000001c   0x08003d18   0x0000001e   Data   RW          882    .data               bsp_timer.o
    0x2000003a   0x08003d36   0x00000002   PAD
    0x2000003c   0x08003d38   0x00000020   Data   RW         1088    .data               bsp_gpio.o
    0x2000005c   0x08003d58   0x00000004   Data   RW         1142    .data               bsp_button.o
    0x20000060   0x08003d5c   0x0000000d   Data   RW         1352    .data               usart.o
    0x2000006d   0x08003d69   0x00000003   PAD
    0x20000070   0x08003d6c   0x00000009   Data   RW         1452    .data               stm32f4xx_hal.o
    0x20000079   0x08003d75   0x00000003   PAD
    0x2000007c        -       0x00000048   Zero   RW          605    .bss                bsp_adc.o
    0x200000c4        -       0x00002118   Zero   RW          776    .bss                bsp_spi.o
    0x200021dc        -       0x00000030   Zero   RW          880    .bss                bsp_timer.o
    0x2000220c        -       0x00000050   Zero   RW         1021    .bss                bsp_key.o
    0x2000225c        -       0x0000000c   Zero   RW         1197    .bss                bsp_iwdg.o
    0x20002268        -       0x000030c0   Zero   RW         1351    .bss                usart.o
    0x20005328        -       0x00000060   Zero   RW         5165    .bss                c_w.l(libspace.o)
    0x20005388        -       0x00000200   Zero   RW         1418    HEAP                startup_stm32f411xe.o
    0x20005588        -       0x00000400   Zero   RW         1417    STACK               startup_stm32f411xe.o


==============================================================================

Image component sizes


      Code (inc. data)   RO Data    RW Data    ZI Data      Debug   Object Name

       624         64          0          0         72       2099   bsp_adc.o
       700         22          0          4          0       4237   bsp_button.o
       340         40         16         32          0       2348   bsp_gpio.o
        78         16          0          0         12       2122   bsp_iwdg.o
       320        112          0          0         80       4970   bsp_key.o
       912        188          0         24       8472       7148   bsp_spi.o
       828        128          0         30         48      39712   bsp_timer.o
       124          8          0          0          0     432703   main.o
        64         26        408          0       1536        816   startup_stm32f411xe.o
       240         36          0          9          0       4410   stm32f4xx_hal.o
       856         32          0          0          0       2687   stm32f4xx_hal_adc.o
       298         22          0          0          0      30667   stm32f4xx_hal_cortex.o
      1374         16          8          0          0       6823   stm32f4xx_hal_dma.o
       496         32          0          0          0       2903   stm32f4xx_hal_gpio.o
        94          0          0          0          0       1703   stm32f4xx_hal_iwdg.o
         4          0          0          0          0        858   stm32f4xx_hal_msp.o
      1732         84          0          0          0       5424   stm32f4xx_hal_rcc.o
      1542         24          0          0          0      11652   stm32f4xx_hal_spi.o
       260         28          0          0          0       2957   stm32f4xx_hal_tim.o
      1784         14          0          0          0       8475   stm32f4xx_hal_uart.o
        24          0          0          0          0       3432   stm32f4xx_it.o
       216         28          0          0          0       1517   sys.o
       100         18         24          4          0       1035   system_stm32f4xx.o
      1268        140          0         13      12480       7238   usart.o

    ----------------------------------------------------------------------
     14300       1078        490        124      22700     587936   Object Totals
         0          0         32          0          0          0   (incl. Generated)
        22          0          2          8          0          0   (incl. Padding)

    ----------------------------------------------------------------------

      Code (inc. data)   RO Data    RW Data    ZI Data      Debug   Library Member Name

         8          0          0          0          0         68   __main.o
       104          0          0          0          0         84   __printf.o
         0          0          0          0          0          0   __rtentry.o
        12          0          0          0          0          0   __rtentry2.o
         6          0          0          0          0          0   __rtentry4.o
        52          8          0          0          0          0   __scatter.o
        26          0          0          0          0          0   __scatter_copy.o
        28          0          0          0          0          0   __scatter_zi.o
        48          6          0          0          0         96   _printf_char_common.o
        36          4          0          0          0         80   _printf_char_file.o
         0          0          0          0          0          0   _printf_percent.o
         4          0          0          0          0          0   _printf_percent_end.o
        18          0          0          0          0         80   exit.o
         8          0          0          0          0         68   ferror.o
         6          0          0          0          0        152   heapauxi.o
         2          0          0          0          0          0   libinit.o
         6          0          0          0          0          0   libinit2.o
         2          0          0          0          0          0   libshutdown.o
         2          0          0          0          0          0   libshutdown2.o
         8          4          0          0         96         68   libspace.o
       238          0          0          0          0        100   lludivv7m.o
        24          4          0          0          0         84   noretval__2printf.o
        78          0          0          0          0         80   rt_memclr_w.o
         2          0          0          0          0          0   rtexit.o
        10          0          0          0          0          0   rtexit2.o
        74          0          0          0          0         80   sys_stackheap_outer.o
         2          0          0          0          0         68   use_no_semi.o
         2          0          0          0          0         68   use_no_semi_2.o
        10          0          0          0          0        116   fpinit.o

    ----------------------------------------------------------------------
       822         26          0          0         96       1292   Library Totals
         6          0          0          0          0          0   (incl. Padding)

    ----------------------------------------------------------------------

      Code (inc. data)   RO Data    RW Data    ZI Data      Debug   Library Name

       806         26          0          0         96       1176   c_w.l
        10          0          0          0          0        116   fz_wm.l

    ----------------------------------------------------------------------
       822         26          0          0         96       1292   Library Totals

    ----------------------------------------------------------------------

==============================================================================


      Code (inc. data)   RO Data    RW Data    ZI Data      Debug   

     15122       1104        490        124      22796     576408   Grand Totals
     15122       1104        490        124      22796     576408   ELF Image Totals
     15122       1104        490        124          0          0   ROM Totals

==============================================================================

    Total RO  Size (Code + RO Data)                15612 (  15.25kB)
    Total RW  Size (RW Data + ZI Data)             22920 (  22.38kB)
    Total ROM Size (Code + RO Data + RW Data)      15736 (  15.37kB)

==============================================================================

